ARM Linker, 4.1 [Build 567] [Professional]

==============================================================================

Section Cross References

    stm32f10x_it.o(i.HardFault_Handler) refers to main.o(i.SoftReset) for SoftReset
    stm32f10x_it.o(i.SysTick_Handler) refers to systick.o(i.SysTick_HandlerService) for SysTick_HandlerService
    stm32f10x_it.o(i.USB_HP_CAN1_TX_IRQHandler) refers to usb_int.o(i.CTR_HP) for CTR_HP
    stm32f10x_it.o(i.USB_LP_CAN1_RX0_IRQHandler) refers to usb_istr.o(i.USB_Istr) for USB_Istr
    main.o(i.IWDG_Configuration) refers to stm32f10x_iwdg.o(i.IWDG_WriteAccessCmd) for IWDG_WriteAccessCmd
    main.o(i.IWDG_Configuration) refers to stm32f10x_iwdg.o(i.IWDG_SetPrescaler) for IWDG_SetPrescaler
    main.o(i.IWDG_Configuration) refers to stm32f10x_iwdg.o(i.IWDG_SetReload) for IWDG_SetReload
    main.o(i.IWDG_Configuration) refers to stm32f10x_iwdg.o(i.IWDG_ReloadCounter) for IWDG_ReloadCounter
    main.o(i.IWDG_Configuration) refers to stm32f10x_iwdg.o(i.IWDG_Enable) for IWDG_Enable
    main.o(i.USB_Ctrl) refers to hw_config.o(i.Set_USBClock) for Set_USBClock
    main.o(i.USB_Ctrl) refers to hw_config.o(i.USB_Interrupts_Config) for USB_Interrupts_Config
    main.o(i.USB_Ctrl) refers to usb_init.o(i.USB_Init) for USB_Init
    main.o(i.USB_Ctrl) refers to hw_config.o(i.USB_Disconnect_Config) for USB_Disconnect_Config
    main.o(i.USB_Ctrl) refers to hw_config.o(i.MAL_Config) for MAL_Config
    main.o(i.USB_Ctrl) refers to stm32f10x_rcc.o(i.RCC_APB1PeriphClockCmd) for RCC_APB1PeriphClockCmd
    main.o(i.USB_Ctrl) refers to hw_config.o(i.USB_NotConfigured_LED) for USB_NotConfigured_LED
    main.o(i.USB_Ctrl) refers to main.o(.data) for usb_device_onoff
    main.o(i.main) refers to system_stm32f10x.o(i.SystemInit) for SystemInit
    main.o(i.main) refers to misc.o(i.NVIC_PriorityGroupConfig) for NVIC_PriorityGroupConfig
    main.o(i.main) refers to systick.o(i.SysTick_Init) for SysTick_Init
    main.o(i.main) refers to system.o(i.hw_io_init) for hw_io_init
    main.o(i.main) refers to uart1.o(i.UART1_Configuration) for UART1_Configuration
    main.o(i.main) refers to uart2.o(i.UART2_Configuration) for UART2_Configuration
    main.o(i.main) refers to uart3.o(i.UART3_Configuration) for UART3_Configuration
    main.o(i.main) refers to printfa.o(i.__0printf) for __2printf
    main.o(i.main) refers to system.o(i.led_taskinit) for led_taskinit
    main.o(i.main) refers to system.o(i.ADC_taskinit) for ADC_taskinit
    main.o(i.main) refers to system.o(i.ADC_task) for ADC_task
    main.o(i.main) refers to f2d.o(.text) for __aeabi_f2d
    main.o(i.main) refers to cdrcmple.o(.text) for __aeabi_cdrcmple
    main.o(i.main) refers to w25xx.o(i.w25xx_init) for w25xx_init
    main.o(i.main) refers to gsensor.o(i.MBA220init) for MBA220init
    main.o(i.main) refers to ff.o(i.disc_mount) for disc_mount
    main.o(i.main) refers to sys_cfg.o(i.check_itarcker_cfg) for check_itarcker_cfg
    main.o(i.main) refers to sys_cfg.o(i.load_sys_config) for load_sys_config
    main.o(i.main) refers to gps_receive_task.o(i.gps_taskinit) for gps_taskinit
    main.o(i.main) refers to gpx_record_task.o(i.gpx_record_taskinit) for gpx_record_taskinit
    main.o(i.main) refers to let_us_go.o(i.iTrack_taskinit) for iTrack_taskinit
    main.o(i.main) refers to sim800.o(i.gprs_taskinit) for gprs_taskinit
    main.o(i.main) refers to yeelink.o(i.yeelink_taskinit) for yeelink_taskinit
    main.o(i.main) refers to system.o(i.beep_taskinit) for beep_taskinit
    main.o(i.main) refers to gsensor.o(i.gSensor_taskinit) for gSensor_taskinit
    main.o(i.main) refers to system.o(i.system_taskinit) for system_taskinit
    main.o(i.main) refers to main.o(i.IWDG_Configuration) for IWDG_Configuration
    main.o(i.main) refers to stm32f10x_rcc.o(i.RCC_GetFlagStatus) for RCC_GetFlagStatus
    main.o(i.main) refers to stm32f10x_rcc.o(i.RCC_ClearFlag) for RCC_ClearFlag
    main.o(i.main) refers to system.o(i.beep_taskctrl) for beep_taskctrl
    main.o(i.main) refers to stm32f10x_iwdg.o(i.IWDG_ReloadCounter) for IWDG_ReloadCounter
    main.o(i.main) refers to system.o(i.hw_io_ctrl) for hw_io_ctrl
    main.o(i.main) refers to main.o(i.USB_Ctrl) for USB_Ctrl
    main.o(i.main) refers to system.o(i.led_taskctrl) for led_taskctrl
    main.o(i.main) refers to main.o(i.SoftReset) for SoftReset
    main.o(i.main) refers to gps_receive_task.o(i.gps_task) for gps_task
    main.o(i.main) refers to system.o(i.system_task) for system_task
    main.o(i.main) refers to let_us_go.o(i.iTrack_task) for iTrack_task
    main.o(i.main) refers to gpx_record_task.o(i.gpx_record_task) for gpx_record_task
    main.o(i.main) refers to sim800.o(i.gprs_task) for gprs_task
    main.o(i.main) refers to yeelink.o(i.yeelink_task) for yeelink_task
    main.o(i.main) refers to main.o(.constdata) for version_msg
    main.o(i.main) refers to system.o(.data) for g_BatteryVoltage
    main.o(i.main) refers to system.o(.bss) for g_System
[...]
    yeelink.o(i.yeelink_task) refers to yeelink.o(.bss) for iPos
    yeelink.o(i.yeelink_task) refers to system.o(.bss) for g_SysCfg
    yeelink.o(i.yeelink_task) refers to yeelink.o(.data) for g_YeelinkNextTime
    yeelink.o(i.yeelink_taskinit) refers to yeelink.o(i.iPos_clr) for iPos_clr
    yeelink.o(i.yeelink_taskinit) refers to sim800.o(i.WinSocketInit) for WinSocketInit
    yeelink.o(i.yeelink_taskinit) refers to yeelink.o(.bss) for iPos
    yeelink.o(i.yeelink_taskinit) refers to yeelink.o(.data) for g_YeelinkNextTime
    gsensor.o(i.EXTI0_IRQHandler) refers to stm32f10x_exti.o(i.EXTI_GetITStatus) for EXTI_GetITStatus
    gsensor.o(i.EXTI0_IRQHandler) refers to systick.o(i.GetSysTick_Sec) for GetSysTick_Sec
    gsensor.o(i.EXTI0_IRQHandler) refers to stm32f10x_exti.o(i.EXTI_ClearFlag) for EXTI_ClearFlag
    gsensor.o(i.EXTI0_IRQHandler) refers to gsensor.o(.data) for last_shock_mark_t
    gsensor.o(i.EXTI_Configuration) refers to stm32f10x_exti.o(i.EXTI_Init) for EXTI_Init
    gsensor.o(i.EXTI_Configuration) refers to stm32f10x_gpio.o(i.GPIO_EXTILineConfig) for GPIO_EXTILineConfig
    gsensor.o(i.GPIO_Configuration) refers to stm32f10x_gpio.o(i.GPIO_Init) for GPIO_Init
    gsensor.o(i.MBA220_INT) refers to stm32f10x_gpio.o(i.GPIO_ReadInputDataBit) for GPIO_ReadInputDataBit
    gsensor.o(i.MBA220init) refers to sof_iic.o(i.I2C_Configuration) for I2C_Configuration
    gsensor.o(i.MBA220init) refers to sof_iic.o(i.I2C_WriteByte) for I2C_WriteByte
    gsensor.o(i.MBA220init) refers to systick.o(i.Wait10Ms) for Wait10Ms
    gsensor.o(i.MBA220init) refers to gsensor.o(i.GPIO_Configuration) for GPIO_Configuration
    gsensor.o(i.MBA220init) refers to gsensor.o(i.EXTI_Configuration) for EXTI_Configuration
    gsensor.o(i.MBA220init) refers to gsensor.o(i.NVIC_Configuration) for NVIC_Configuration
    gsensor.o(i.MBA220init) refers to sof_iic.o(i.I2C_ReadByte) for I2C_ReadByte
    gsensor.o(i.NVIC_Configuration) refers to misc.o(i.NVIC_Init) for NVIC_Init
    gsensor.o(i.gSensor_taskinit) refers to systick.o(i.GetSysTick_Sec) for GetSysTick_Sec
    gsensor.o(i.gSensor_taskinit) refers to gsensor.o(i.set_gsensor_ctrl) for set_gsensor_ctrl
    gsensor.o(i.gSensor_taskinit) refers to gsensor.o(.data) for gsensor_task_t_sec
    gsensor.o(i.get_gsensor_state) refers to gsensor.o(.bss) for g_gsensor_info
    gsensor.o(i.gsensor_task) refers to systick.o(i.GetSysTick_Sec) for GetSysTick_Sec
    gsensor.o(i.gsensor_task) refers to gsensor.o(.data) for gsensor_task_t_sec
    gsensor.o(i.gsensor_task) refers to gsensor.o(.bss) for g_gsensor_info
    gsensor.o(i.set_gsensor_ctrl) refers to sof_iic.o(i.I2C_WriteByte) for I2C_WriteByte
    gsensor.o(i.set_gsensor_ctrl) refers to systick.o(i.GetSysTick_Sec) for GetSysTick_Sec
    gsensor.o(i.set_gsensor_ctrl) refers to gsensor.o(.bss) for g_gsensor_info
    sof_iic.o(i.I2C_Ack) refers to sof_iic.o(i.I2C_delay) for I2C_delay
    sof_iic.o(i.I2C_Ack) refers to sof_iic.o(i.I2C_SDA_OUT) for I2C_SDA_OUT
    sof_iic.o(i.I2C_Configuration) refers to stm32f10x_rcc.o(i.RCC_APB2PeriphClockCmd) for RCC_APB2PeriphClockCmd
    sof_iic.o(i.I2C_Configuration) refers to stm32f10x_gpio.o(i.GPIO_Init) for GPIO_Init
    sof_iic.o(i.I2C_NoAck) refers to sof_iic.o(i.I2C_delay) for I2C_delay
    sof_iic.o(i.I2C_NoAck) refers to sof_iic.o(i.I2C_SDA_OUT) for I2C_SDA_OUT
    sof_iic.o(i.I2C_ReadByte) refers to sof_iic.o(i.I2C_Start) for I2C_Start
    sof_iic.o(i.I2C_ReadByte) refers to sof_iic.o(i.I2C_SendByte) for I2C_SendByte
    sof_iic.o(i.I2C_ReadByte) refers to sof_iic.o(i.I2C_WaitAck) for I2C_WaitAck
    sof_iic.o(i.I2C_ReadByte) refers to sof_iic.o(i.I2C_Stop) for I2C_Stop
    sof_iic.o(i.I2C_ReadByte) refers to sof_iic.o(i.I2C_ReceiveByte) for I2C_ReceiveByte
    sof_iic.o(i.I2C_ReadByte) refers to sof_iic.o(i.I2C_NoAck) for I2C_NoAck
    sof_iic.o(i.I2C_ReadByte) refers to sof_iic.o(i.I2C_Ack) for I2C_Ack
    sof_iic.o(i.I2C_ReceiveByte) refers to sof_iic.o(i.I2C_SDA_OUT) for I2C_SDA_OUT
    sof_iic.o(i.I2C_ReceiveByte) refers to sof_iic.o(i.I2C_delay) for I2C_delay
    sof_iic.o(i.I2C_ReceiveByte) refers to sof_iic.o(i.I2C_SDA_IN) for I2C_SDA_IN
    sof_iic.o(i.I2C_SDA_IN) refers to stm32f10x_gpio.o(i.GPIO_Init) for GPIO_Init
    sof_iic.o(i.I2C_SDA_OUT) refers to stm32f10x_gpio.o(i.GPIO_Init) for GPIO_Init
    sof_iic.o(i.I2C_SendByte) refers to sof_iic.o(i.I2C_SDA_OUT) for I2C_SDA_OUT
    sof_iic.o(i.I2C_SendByte) refers to sof_iic.o(i.I2C_delay) for I2C_delay
    sof_iic.o(i.I2C_Start) refers to sof_iic.o(i.I2C_SDA_OUT) for I2C_SDA_OUT
    sof_iic.o(i.I2C_Start) refers to sof_iic.o(i.I2C_delay) for I2C_delay
    sof_iic.o(i.I2C_Stop) refers to sof_iic.o(i.I2C_SDA_OUT) for I2C_SDA_OUT
    sof_iic.o(i.I2C_Stop) refers to sof_iic.o(i.I2C_delay) for I2C_delay
    sof_iic.o(i.I2C_WaitAck) refers to sof_iic.o(i.I2C_SDA_OUT) for I2C_SDA_OUT
    sof_iic.o(i.I2C_WaitAck) refers to sof_iic.o(i.I2C_delay) for I2C_delay
    sof_iic.o(i.I2C_WaitAck) refers to sof_iic.o(i.I2C_SDA_IN) for I2C_SDA_IN
    sof_iic.o(i.I2C_WriteByte) refers to sof_iic.o(i.I2C_Start) for I2C_Start
    sof_iic.o(i.I2C_WriteByte) refers to sof_iic.o(i.I2C_SendByte) for I2C_SendByte
    sof_iic.o(i.I2C_WriteByte) refers to sof_iic.o(i.I2C_WaitAck) for I2C_WaitAck
    sof_iic.o(i.I2C_WriteByte) refers to sof_iic.o(i.I2C_Stop) for I2C_Stop
    atof.o(i.__softfp_atof) refers (Special) to iusefp.o(.text) for __I$use$fp
    atof.o(i.__softfp_atof) refers to errno.o(i.__read_errno) for __read_errno
    atof.o(i.__softfp_atof) refers to strtod.o(.text) for __strtod_int
    atof.o(i.__softfp_atof) refers to errno.o(i.__set_errno) for __set_errno
    atof.o(i.atof) refers (Special) to iusefp.o(.text) for __I$use$fp
    atof.o(i.atof) refers to errno.o(i.__read_errno) for __read_errno
    atof.o(i.atof) refers to strtod.o(.text) for __strtod_int
    atof.o(i.atof) refers to errno.o(i.__set_errno) for __set_errno
    entry.o(.ARM.Collect$$$$00000000) refers (Special) to entry7.o(.ARM.Collect$$$$00000007) for _main_init
    entry.o(.ARM.Collect$$$$00000000) refers (Special) to entry5.o(.ARM.Collect$$$$00000004) for _main_scatterload
    entry.o(.ARM.Collect$$$$00000000) refers (Special) to entry2.o(.ARM.Collect$$$$00000001) for _main_stk
    printfb.o(i.__0fprintf$bare) refers to printfb.o(i._printf_core) for _printf_core
    printfb.o(i.__0fprintf$bare) refers to uart1.o(i.fputc) for fputc
    printfb.o(i.__0printf$bare) refers to printfb.o(i._printf_core) for _printf_core
    printfb.o(i.__0printf$bare) refers to uart1.o(i.fputc) for fputc
    printfb.o(i.__0printf$bare) refers to stdout.o(.data) for __stdout
    printfb.o(i.__0snprintf$bare) refers to printfb.o(i._printf_core) for _printf_core
    printfb.o(i.__0snprintf$bare) refers to printfb.o(i._snputc) for _snputc
    printfb.o(i.__0sprintf$bare) refers to printfb.o(i._printf_core) for _printf_core
    printfb.o(i.__0sprintf$bare) refers to printfb.o(i._sputc) for _sputc
    printfb.o(i.__0vfprintf$bare) refers to printfb.o(i._printf_core) for _printf_core
    printfb.o(i.__0vfprintf$bare) refers to uart1.o(i.fputc) for fputc
    printfb.o(i.__0vprintf$bare) refers to printfb.o(i._printf_core) for _printf_core
    printfb.o(i.__0vprintf$bare) refers to uart1.o(i.fputc) for fputc
    printfb.o(i.__0vprintf$bare) refers to stdout.o(.data) for __stdout
    printfb.o(i.__0vsnprintf$bare) refers to printfb.o(i._printf_core) for _printf_core
    printfb.o(i.__0vsnprintf$bare) refers to printfb.o(i._snputc) for _snputc
    printfb.o(i.__0vsprintf$bare) refers to printfb.o(i._printf_core) for _printf_core
    printfb.o(i.__0vsprintf$bare) refers to printfb.o(i._sputc) for _sputc
    printf0.o(i.__0fprintf$0) refers to printf0.o(i._printf_core) for _printf_core
    printf0.o(i.__0fprintf$0) refers to uart1.o(i.fputc) for fputc
    printf0.o(i.__0printf$0) refers to printf0.o(i._printf_core) for _printf_core
    printf0.o(i.__0printf$0) refers to uart1.o(i.fputc) for fputc
    printf0.o(i.__0printf$0) refers to stdout.o(.data) for __stdout
    printf0.o(i.__0snprintf$0) refers to printf0.o(i._printf_core) for _printf_core
    printf0.o(i.__0snprintf$0) refers to printf0.o(i._snputc) for _snputc
    printf0.o(i.__0sprintf$0) refers to printf0.o(i._printf_core) for _printf_core
    printf0.o(i.__0sprintf$0) refers to printf0.o(i._sputc) for _sputc
    printf0.o(i.__0vfprintf$0) refers to printf0.o(i._printf_core) for _printf_core
    printf0.o(i.__0vfprintf$0) refers to uart1.o(i.fputc) for fputc
    printf0.o(i.__0vprintf$0) refers to printf0.o(i._printf_core) for _printf_core
    printf0.o(i.__0vprintf$0) refers to uart1.o(i.fputc) for fputc
    printf0.o(i.__0vprintf$0) refers to stdout.o(.data) for __stdout
    printf0.o(i.__0vsnprintf$0) refers to printf0.o(i._printf_core) for _printf_core
    printf0.o(i.__0vsnprintf$0) refers to printf0.o(i._snputc) for _snputc
    printf0.o(i.__0vsprintf$0) refers to printf0.o(i._printf_core) for _printf_core
    printf0.o(i.__0vsprintf$0) refers to printf0.o(i._sputc) for _sputc
    printf1.o(i.__0fprintf$1) refers to printf1.o(i._printf_core) for _printf_core
    printf1.o(i.__0fprintf$1) refers to uart1.o(i.fputc) for fputc
    printf1.o(i.__0printf$1) refers to printf1.o(i._printf_core) for _printf_core
    printf1.o(i.__0printf$1) refers to uart1.o(i.fputc) for fputc
    printf1.o(i.__0printf$1) refers to stdout.o(.data) for __stdout
    printf1.o(i.__0snprintf$1) refers to printf1.o(i._printf_core) for _printf_core
    printf1.o(i.__0snprintf$1) refers to printf1.o(i._snputc) for _snputc
    printf1.o(i.__0sprintf$1) refers to printf1.o(i._printf_core) for _printf_core
    printf1.o(i.__0sprintf$1) refers to printf1.o(i._sputc) for _sputc
    printf1.o(i.__0vfprintf$1) refers to printf1.o(i._printf_core) for _printf_core
    printf1.o(i.__0vfprintf$1) refers to uart1.o(i.fputc) for fputc
    printf1.o(i.__0vprintf$1) refers to printf1.o(i._printf_core) for _printf_core
    printf1.o(i.__0vprintf$1) refers to uart1.o(i.fputc) for fputc
    printf1.o(i.__0vprintf$1) refers to stdout.o(.data) for __stdout
    printf1.o(i.__0vsnprintf$1) refers to printf1.o(i._printf_core) for _printf_core
    printf1.o(i.__0vsnprintf$1) refers to printf1.o(i._snputc) for _snputc
    printf1.o(i.__0vsprintf$1) refers to printf1.o(i._printf_core) for _printf_core
    printf1.o(i.__0vsprintf$1) refers to printf1.o(i._sputc) for _sputc
    printf1.o(i._printf_core) refers to uidiv.o(.text) for __aeabi_uidivmod
    printf2.o(i.__0fprintf$2) refers to printf2.o(i._printf_core) for _printf_core
    printf2.o(i.__0fprintf$2) refers to uart1.o(i.fputc) for fputc
    printf2.o(i.__0printf$2) refers to printf2.o(i._printf_core) for _printf_core
    printf2.o(i.__0printf$2) refers to uart1.o(i.fputc) for fputc
    printf2.o(i.__0printf$2) refers to stdout.o(.data) for __stdout
    printf2.o(i.__0snprintf$2) refers to printf2.o(i._printf_core) for _printf_core
    printf2.o(i.__0snprintf$2) refers to printf2.o(i._snputc) for _snputc
    printf2.o(i.__0sprintf$2) refers to printf2.o(i._printf_core) for _printf_core
    printf2.o(i.__0sprintf$2) refers to printf2.o(i._sputc) for _sputc
    printf2.o(i.__0vfprintf$2) refers to printf2.o(i._printf_core) for _printf_core
    printf2.o(i.__0vfprintf$2) refers to uart1.o(i.fputc) for fputc
    printf2.o(i.__0vprintf$2) refers to printf2.o(i._printf_core) for _printf_core
    printf2.o(i.__0vprintf$2) refers to uart1.o(i.fputc) for fputc
    printf2.o(i.__0vprintf$2) refers to stdout.o(.data) for __stdout
    printf2.o(i.__0vsnprintf$2) refers to printf2.o(i._printf_core) for _printf_core
    printf2.o(i.__0vsnprintf$2) refers to printf2.o(i._snputc) for _snputc
    printf2.o(i.__0vsprintf$2) refers to printf2.o(i._printf_core) for _printf_core
    printf2.o(i.__0vsprintf$2) refers to printf2.o(i._sputc) for _sputc
    printf3.o(i.__0fprintf$3) refers to printf3.o(i._printf_core) for _printf_core
    printf3.o(i.__0fprintf$3) refers to uart1.o(i.fputc) for fputc
    printf3.o(i.__0printf$3) refers to printf3.o(i._printf_core) for _printf_core
    printf3.o(i.__0printf$3) refers to uart1.o(i.fputc) for fputc
    printf3.o(i.__0printf$3) refers to stdout.o(.data) for __stdout
    printf3.o(i.__0snprintf$3) refers to printf3.o(i._printf_core) for _printf_core
    printf3.o(i.__0snprintf$3) refers to printf3.o(i._snputc) for _snputc
    printf3.o(i.__0sprintf$3) refers to printf3.o(i._printf_core) for _printf_core
    printf3.o(i.__0sprintf$3) refers to printf3.o(i._sputc) for _sputc
    printf3.o(i.__0vfprintf$3) refers to printf3.o(i._printf_core) for _printf_core
    printf3.o(i.__0vfprintf$3) refers to uart1.o(i.fputc) for fputc
    printf3.o(i.__0vprintf$3) refers to printf3.o(i._printf_core) for _printf_core
    printf3.o(i.__0vprintf$3) refers to uart1.o(i.fputc) for fputc
    printf3.o(i.__0vprintf$3) refers to stdout.o(.data) for __stdout
    printf3.o(i.__0vsnprintf$3) refers to printf3.o(i._printf_core) for _printf_core
    printf3.o(i.__0vsnprintf$3) refers to printf3.o(i._snputc) for _snputc
    printf3.o(i.__0vsprintf$3) refers to printf3.o(i._printf_core) for _printf_core
    printf3.o(i.__0vsprintf$3) refers to printf3.o(i._sputc) for _sputc
    printf3.o(i._printf_core) refers to uidiv.o(.text) for __aeabi_uidivmod
    printf4.o(i.__0fprintf$4) refers to printf4.o(i._printf_core) for _printf_core
    printf4.o(i.__0fprintf$4) refers to uart1.o(i.fputc) for fputc
    printf4.o(i.__0printf$4) refers to printf4.o(i._printf_core) for _printf_core
    printf4.o(i.__0printf$4) refers to uart1.o(i.fputc) for fputc
    printf4.o(i.__0printf$4) refers to stdout.o(.data) for __stdout
    printf4.o(i.__0snprintf$4) refers to printf4.o(i._printf_core) for _printf_core
    printf4.o(i.__0snprintf$4) refers to printf4.o(i._snputc) for _snputc
    printf4.o(i.__0sprintf$4) refers to printf4.o(i._printf_core) for _printf_core
    printf4.o(i.__0sprintf$4) refers to printf4.o(i._sputc) for _sputc
    printf4.o(i.__0vfprintf$4) refers to printf4.o(i._printf_core) for _printf_core
    printf4.o(i.__0vfprintf$4) refers to uart1.o(i.fputc) for fputc
    printf4.o(i.__0vprintf$4) refers to printf4.o(i._printf_core) for _printf_core
    printf4.o(i.__0vprintf$4) refers to uart1.o(i.fputc) for fputc
    printf4.o(i.__0vprintf$4) refers to stdout.o(.data) for __stdout
    printf4.o(i.__0vsnprintf$4) refers to printf4.o(i._printf_core) for _printf_core
    printf4.o(i.__0vsnprintf$4) refers to printf4.o(i._snputc) for _snputc
    printf4.o(i.__0vsprintf$4) refers to printf4.o(i._printf_core) for _printf_core
    printf4.o(i.__0vsprintf$4) refers to printf4.o(i._sputc) for _sputc
    printf4.o(i._printf_core) refers to uldiv.o(.text) for __aeabi_uldivmod
    printf5.o(i.__0fprintf$5) refers to printf5.o(i._printf_core) for _printf_core
    printf5.o(i.__0fprintf$5) refers to uart1.o(i.fputc) for fputc
    printf5.o(i.__0printf$5) refers to printf5.o(i._printf_core) for _printf_core
    printf5.o(i.__0printf$5) refers to uart1.o(i.fputc) for fputc
    printf5.o(i.__0printf$5) refers to stdout.o(.data) for __stdout
    printf5.o(i.__0snprintf$5) refers to printf5.o(i._printf_core) for _printf_core
    printf5.o(i.__0snprintf$5) refers to printf5.o(i._snputc) for _snputc
    printf5.o(i.__0sprintf$5) refers to printf5.o(i._printf_core) for _printf_core
    printf5.o(i.__0sprintf$5) refers to printf5.o(i._sputc) for _sputc
    printf5.o(i.__0vfprintf$5) refers to printf5.o(i._printf_core) for _printf_core
    printf5.o(i.__0vfprintf$5) refers to uart1.o(i.fputc) for fputc
    printf5.o(i.__0vprintf$5) refers to printf5.o(i._printf_core) for _printf_core
    printf5.o(i.__0vprintf$5) refers to uart1.o(i.fputc) for fputc
    printf5.o(i.__0vprintf$5) refers to stdout.o(.data) for __stdout
    printf5.o(i.__0vsnprintf$5) refers to printf5.o(i._printf_core) for _printf_core
    printf5.o(i.__0vsnprintf$5) refers to printf5.o(i._snputc) for _snputc
    printf5.o(i.__0vsprintf$5) refers to printf5.o(i._printf_core) for _printf_core
    printf5.o(i.__0vsprintf$5) refers to printf5.o(i._sputc) for _sputc
    printf5.o(i._printf_core) refers to uldiv.o(.text) for __aeabi_uldivmod
    printf6.o(i.__0fprintf$6) refers to printf6.o(i._printf_core) for _printf_core
    printf6.o(i.__0fprintf$6) refers to uart1.o(i.fputc) for fputc
    printf6.o(i.__0printf$6) refers to printf6.o(i._printf_core) for _printf_core
    printf6.o(i.__0printf$6) refers to uart1.o(i.fputc) for fputc
    printf6.o(i.__0printf$6) refers to stdout.o(.data) for __stdout
    printf6.o(i.__0snprintf$6) refers to printf6.o(i._printf_core) for _printf_core
    printf6.o(i.__0snprintf$6) refers to printf6.o(i._snputc) for _snputc
    printf6.o(i.__0sprintf$6) refers to printf6.o(i._printf_core) for _printf_core
    printf6.o(i.__0sprintf$6) refers to printf6.o(i._sputc) for _sputc
    printf6.o(i.__0vfprintf$6) refers to printf6.o(i._printf_core) for _printf_core
    printf6.o(i.__0vfprintf$6) refers to uart1.o(i.fputc) for fputc
    printf6.o(i.__0vprintf$6) refers to printf6.o(i._printf_core) for _printf_core
    printf6.o(i.__0vprintf$6) refers to uart1.o(i.fputc) for fputc
    printf6.o(i.__0vprintf$6) refers to stdout.o(.data) for __stdout
    printf6.o(i.__0vsnprintf$6) refers to printf6.o(i._printf_core) for _printf_core
    printf6.o(i.__0vsnprintf$6) refers to printf6.o(i._snputc) for _snputc
    printf6.o(i.__0vsprintf$6) refers to printf6.o(i._printf_core) for _printf_core
    printf6.o(i.__0vsprintf$6) refers to printf6.o(i._sputc) for _sputc
    printf6.o(i._printf_core) refers to printf6.o(i._printf_pre_padding) for _printf_pre_padding
    printf6.o(i._printf_core) refers to uidiv.o(.text) for __aeabi_uidivmod
    printf6.o(i._printf_core) refers to printf6.o(i._printf_post_padding) for _printf_post_padding
    printf7.o(i.__0fprintf$7) refers to printf7.o(i._printf_core) for _printf_core
    printf7.o(i.__0fprintf$7) refers to uart1.o(i.fputc) for fputc
    printf7.o(i.__0printf$7) refers to printf7.o(i._printf_core) for _printf_core
    printf7.o(i.__0printf$7) refers to uart1.o(i.fputc) for fputc
    printf7.o(i.__0printf$7) refers to stdout.o(.data) for __stdout
    printf7.o(i.__0snprintf$7) refers to printf7.o(i._printf_core) for _printf_core
    printf7.o(i.__0snprintf$7) refers to printf7.o(i._snputc) for _snputc
    printf7.o(i.__0sprintf$7) refers to printf7.o(i._printf_core) for _printf_core
    printf7.o(i.__0sprintf$7) refers to printf7.o(i._sputc) for _sputc
    printf7.o(i.__0vfprintf$7) refers to printf7.o(i._printf_core) for _printf_core
    printf7.o(i.__0vfprintf$7) refers to uart1.o(i.fputc) for fputc
    printf7.o(i.__0vprintf$7) refers to printf7.o(i._printf_core) for _printf_core
    printf7.o(i.__0vprintf$7) refers to uart1.o(i.fputc) for fputc
    printf7.o(i.__0vprintf$7) refers to stdout.o(.data) for __stdout
    printf7.o(i.__0vsnprintf$7) refers to printf7.o(i._printf_core) for _printf_core
    printf7.o(i.__0vsnprintf$7) refers to printf7.o(i._snputc) for _snputc
    printf7.o(i.__0vsprintf$7) refers to printf7.o(i._printf_core) for _printf_core
    printf7.o(i.__0vsprintf$7) refers to printf7.o(i._sputc) for _sputc
    printf7.o(i._printf_core) refers to printf7.o(i._printf_pre_padding) for _printf_pre_padding
    printf7.o(i._printf_core) refers to uldiv.o(.text) for __aeabi_uldivmod
    printf7.o(i._printf_core) refers to printf7.o(i._printf_post_padding) for _printf_post_padding
    printf8.o(i.__0fprintf$8) refers to printf8.o(i._printf_core) for _printf_core
    printf8.o(i.__0fprintf$8) refers to uart1.o(i.fputc) for fputc
    printf8.o(i.__0printf$8) refers to printf8.o(i._printf_core) for _printf_core
    printf8.o(i.__0printf$8) refers to uart1.o(i.fputc) for fputc
    printf8.o(i.__0printf$8) refers to stdout.o(.data) for __stdout
    printf8.o(i.__0snprintf$8) refers to printf8.o(i._printf_core) for _printf_core
    printf8.o(i.__0snprintf$8) refers to printf8.o(i._snputc) for _snputc
    printf8.o(i.__0sprintf$8) refers to printf8.o(i._printf_core) for _printf_core
    printf8.o(i.__0sprintf$8) refers to printf8.o(i._sputc) for _sputc
    printf8.o(i.__0vfprintf$8) refers to printf8.o(i._printf_core) for _printf_core
    printf8.o(i.__0vfprintf$8) refers to uart1.o(i.fputc) for fputc
    printf8.o(i.__0vprintf$8) refers to printf8.o(i._printf_core) for _printf_core
    printf8.o(i.__0vprintf$8) refers to uart1.o(i.fputc) for fputc
    printf8.o(i.__0vprintf$8) refers to stdout.o(.data) for __stdout
    printf8.o(i.__0vsnprintf$8) refers to printf8.o(i._printf_core) for _printf_core
    printf8.o(i.__0vsnprintf$8) refers to printf8.o(i._snputc) for _snputc
    printf8.o(i.__0vsprintf$8) refers to printf8.o(i._printf_core) for _printf_core
    printf8.o(i.__0vsprintf$8) refers to printf8.o(i._sputc) for _sputc
    printf8.o(i._printf_core) refers to printf8.o(i._printf_pre_padding) for _printf_pre_padding
    printf8.o(i._printf_core) refers to uldiv.o(.text) for __aeabi_uldivmod
    printf8.o(i._printf_core) refers to printf8.o(i._printf_post_padding) for _printf_post_padding
    printfa.o(i.__0fprintf) refers (Special) to iusefp.o(.text) for __I$use$fp
    printfa.o(i.__0fprintf) refers to printfa.o(i._printf_core) for _printf_core
    printfa.o(i.__0fprintf) refers to uart1.o(i.fputc) for fputc
    printfa.o(i.__0printf) refers (Special) to iusefp.o(.text) for __I$use$fp
    printfa.o(i.__0printf) refers to printfa.o(i._printf_core) for _printf_core
    printfa.o(i.__0printf) refers to uart1.o(i.fputc) for fputc
    printfa.o(i.__0printf) refers to stdout.o(.data) for __stdout
    printfa.o(i.__0snprintf) refers (Special) to iusefp.o(.text) for __I$use$fp
    printfa.o(i.__0snprintf) refers to printfa.o(i._printf_core) for _printf_core
    printfa.o(i.__0snprintf) refers to printfa.o(i._snputc) for _snputc
    printfa.o(i.__0sprintf) refers (Special) to iusefp.o(.text) for __I$use$fp
    printfa.o(i.__0sprintf) refers to printfa.o(i._printf_core) for _printf_core
    printfa.o(i.__0sprintf) refers to printfa.o(i._sputc) for _sputc
    printfa.o(i.__0vfprintf) refers (Special) to iusefp.o(.text) for __I$use$fp
    printfa.o(i.__0vfprintf) refers to printfa.o(i._printf_core) for _printf_core
    printfa.o(i.__0vfprintf) refers to uart1.o(i.fputc) for fputc
    printfa.o(i.__0vprintf) refers (Special) to iusefp.o(.text) for __I$use$fp
    printfa.o(i.__0vprintf) refers to printfa.o(i._printf_core) for _printf_core
    printfa.o(i.__0vprintf) refers to uart1.o(i.fputc) for fputc
    printfa.o(i.__0vprintf) refers to stdout.o(.data) for __stdout
    printfa.o(i.__0vsnprintf) refers (Special) to iusefp.o(.text) for __I$use$fp
    printfa.o(i.__0vsnprintf) refers to printfa.o(i._printf_core) for _printf_core
    printfa.o(i.__0vsnprintf) refers to printfa.o(i._snputc) for _snputc
    printfa.o(i.__0vsprintf) refers (Special) to iusefp.o(.text) for __I$use$fp
    printfa.o(i.__0vsprintf) refers to printfa.o(i._printf_core) for _printf_core
    printfa.o(i.__0vsprintf) refers to printfa.o(i._sputc) for _sputc
    printfa.o(i._fp_digits) refers (Special) to iusefp.o(.text) for __I$use$fp
    printfa.o(i._fp_digits) refers to dmul.o(.text) for __aeabi_dmul
    printfa.o(i._fp_digits) refers to ddiv.o(.text) for __aeabi_ddiv
    printfa.o(i._fp_digits) refers to cdrcmple.o(.text) for __aeabi_cdrcmple
    printfa.o(i._fp_digits) refers to dadd.o(.text) for __aeabi_dadd
    printfa.o(i._fp_digits) refers to dfixul.o(.text) for __aeabi_d2ulz
    printfa.o(i._fp_digits) refers to uldiv.o(.text) for __aeabi_uldivmod
    printfa.o(i._printf_core) refers (Special) to iusefp.o(.text) for __I$use$fp
    printfa.o(i._printf_core) refers to printfa.o(i._printf_pre_padding) for _printf_pre_padding
    printfa.o(i._printf_core) refers to uldiv.o(.text) for __aeabi_uldivmod
    printfa.o(i._printf_core) refers to printfa.o(i._printf_post_padding) for _printf_post_padding
    printfa.o(i._printf_core) refers to printfa.o(i._fp_digits) for _fp_digits
    printfa.o(i._printf_core) refers to uidiv.o(.text) for __aeabi_uidivmod
    printfa.o(i._printf_post_padding) refers (Special) to iusefp.o(.text) for __I$use$fp
    printfa.o(i._printf_pre_padding) refers (Special) to iusefp.o(.text) for __I$use$fp
    printfa.o(i._snputc) refers (Special) to iusefp.o(.text) for __I$use$fp
    printfa.o(i._sputc) refers (Special) to iusefp.o(.text) for __I$use$fp
    fmul.o(.text) refers (Special) to iusefp.o(.text) for __I$use$fp
    fdiv.o(.text) refers (Special) to iusefp.o(.text) for __I$use$fp
    fdiv.o(.text) refers to fepilogue.o(.text) for _float_round
    dadd.o(.text) refers (Special) to iusefp.o(.text) for __I$use$fp
    dadd.o(.text) refers to llshl.o(.text) for __aeabi_llsl
    dadd.o(.text) refers to llsshr.o(.text) for __aeabi_lasr
    dadd.o(.text) refers to depilogue.o(.text) for _double_epilogue
    dmul.o(.text) refers (Special) to iusefp.o(.text) for __I$use$fp
    dmul.o(.text) refers to depilogue.o(.text) for _double_epilogue
    ddiv.o(.text) refers (Special) to iusefp.o(.text) for __I$use$fp
    ddiv.o(.text) refers to depilogue.o(.text) for _double_round
    fflti.o(.text) refers (Special) to iusefp.o(.text) for __I$use$fp
    fflti.o(.text) refers to fepilogue.o(.text) for _float_epilogue
    ffltui.o(.text) refers (Special) to iusefp.o(.text) for __I$use$fp
    ffltui.o(.text) refers to fepilogue.o(.text) for _float_epilogue
    ffixi.o(.text) refers (Special) to iusefp.o(.text) for __I$use$fp
    dfixi.o(.text) refers (Special) to iusefp.o(.text) for __I$use$fp
    dfixi.o(.text) refers to llushr.o(.text) for __aeabi_llsr
    f2d.o(.text) refers (Special) to iusefp.o(.text) for __I$use$fp
    cdcmple.o(.text) refers (Special) to iusefp.o(.text) for __I$use$fp
    cdrcmple.o(.text) refers (Special) to iusefp.o(.text) for __I$use$fp
    d2f.o(.text) refers (Special) to iusefp.o(.text) for __I$use$fp
    d2f.o(.text) refers to fepilogue.o(.text) for _float_round
    cfrcmple.o(.text) refers (Special) to iusefp.o(.text) for __I$use$fp
    entry2.o(.ARM.Collect$$$$00000001) refers to entry2.o(.ARM.Collect$$$$00002712) for __lit__00000000
    entry2.o(.ARM.Collect$$$$00002712) refers to startup_stm32f10x_hd.o(STACK) for __initial_sp
    entry2.o(__vectab_stack_and_reset_area) refers to startup_stm32f10x_hd.o(STACK) for __initial_sp
    entry2.o(__vectab_stack_and_reset_area) refers to entry.o(.ARM.Collect$$$$00000000) for __main
    entry5.o(.ARM.Collect$$$$00000004) refers to init.o(.text) for __scatterload
    entry7.o(.ARM.Collect$$$$00000007) refers to main.o(i.main) for main
    uldiv.o(.text) refers to llushr.o(.text) for __aeabi_llsr
    uldiv.o(.text) refers to llshl.o(.text) for __aeabi_llsl
    errno.o(i.__aeabi_errno_addr) refers to errno.o(.data) for .data
    errno.o(i.__read_errno) refers to errno.o(.data) for .data
    errno.o(i.__set_errno) refers to errno.o(.data) for .data
    strtod.o(.text) refers to scanf_fp.o(.text) for _scanf_real
    strtod.o(.text) refers to _sgetc.o(.text) for _sgetc
    strtod.o(.text) refers to isspace_c.o(.text) for isspace
    depilogue.o(.text) refers to llshl.o(.text) for __aeabi_llsl
    depilogue.o(.text) refers to llushr.o(.text) for __aeabi_llsr
    dfixul.o(.text) refers to llushr.o(.text) for __aeabi_llsr
    dfixul.o(.text) refers to llshl.o(.text) for __aeabi_llsl
    init.o(.text) refers to entry5.o(.ARM.Collect$$$$00000004) for __main_after_scatterload
    isspace_c.o(.text) refers to ctype_c.o(.text) for __ctype_lookup
    scanf_fp.o(.text) refers (Special) to iusefp.o(.text) for __I$use$fp
    scanf_fp.o(.text) refers to dfltul.o(.text) for __aeabi_ul2d
    scanf_fp.o(.text) refers to dmul.o(.text) for __aeabi_dmul
    scanf_fp.o(.text) refers to ddiv.o(.text) for __aeabi_ddiv
    scanf_fp.o(.text) refers to d2f.o(.text) for __aeabi_d2f
    ctype_c.o(.text) refers to ctype_c.o(.constdata) for .constdata
    dfltul.o(.text) refers to depilogue.o(.text) for _double_epilogue


==============================================================================

Removing Unused input sections from the image.

    Removing core_cm3.o(.emb_text), (32 bytes).
    Removing system_stm32f10x.o(i.SystemCoreClockUpdate), (164 bytes).
    Removing hw_config.o(i.Enter_LowPowerMode), (12 bytes).
    Removing hw_config.o(i.Leave_LowPowerMode), (32 bytes).
    Removing hw_config.o(i.Led_Config), (14 bytes).
    Removing hw_config.o(i.Set_System), (12 bytes).
    Removing hw_config.o(i.USB_Configured_LED), (14 bytes).
    Removing hw_config.o(.data), (1 bytes).
    Removing usb_pwr.o(i.PowerOff), (44 bytes).
    Removing usb_pwr.o(i.Resume), (192 bytes).
    Removing usb_pwr.o(i.Resume_Init), (40 bytes).
    Removing usb_pwr.o(i.Suspend), (48 bytes).
    Removing usb_scsi.o(i.SCSI_Valid_Cmd), (52 bytes).
    Removing usb_regs.o(i.ClearEPDoubleBuff), (40 bytes).
    Removing usb_regs.o(i.ClearEP_CTR_RX), (36 bytes).
    Removing usb_regs.o(i.ClearEP_CTR_TX), (36 bytes).
    Removing usb_regs.o(i.ClearEP_KIND), (40 bytes).
    Removing usb_regs.o(i.FreeUserBuffer), (84 bytes).
    Removing usb_regs.o(i.GetBTABLE), (12 bytes).
    Removing usb_regs.o(i.GetCNTR), (12 bytes).
    Removing usb_regs.o(i.GetDADDR), (12 bytes).
    Removing usb_regs.o(i.GetENDPOINT), (20 bytes).
    Removing usb_regs.o(i.GetEPAddress), (24 bytes).
    Removing usb_regs.o(i.GetEPDblBuf0Addr), (32 bytes).
    Removing usb_regs.o(i.GetEPDblBuf0Count), (36 bytes).
    Removing usb_regs.o(i.GetEPDblBuf1Addr), (36 bytes).
    Removing usb_regs.o(i.GetEPDblBuf1Count), (36 bytes).
    Removing usb_regs.o(i.GetEPDblBufDir), (76 bytes).
    Removing usb_regs.o(i.GetEPRxStatus), (24 bytes).
    Removing usb_regs.o(i.GetEPTxCount), (36 bytes).
    Removing usb_regs.o(i.GetEPTxStatus), (24 bytes).
    Removing usb_regs.o(i.GetEPType), (24 bytes).
    Removing usb_regs.o(i.GetFNR), (12 bytes).
    Removing usb_regs.o(i.GetISTR), (12 bytes).
    Removing usb_regs.o(i.GetRxStallStatus), (36 bytes).
    Removing usb_regs.o(i.GetTxStallStatus), (36 bytes).
    Removing usb_regs.o(i.SetCNTR), (12 bytes).
    Removing usb_regs.o(i.SetDADDR), (12 bytes).
    Removing usb_regs.o(i.SetDouBleBuffEPStall), (60 bytes).
    Removing usb_regs.o(i.SetENDPOINT), (16 bytes).
    Removing usb_regs.o(i.SetEPAddress), (44 bytes).
    Removing usb_regs.o(i.SetEPCountRxReg), (48 bytes).
    Removing usb_regs.o(i.SetEPDblBuf0Addr), (32 bytes).
    Removing usb_regs.o(i.SetEPDblBuf0Count), (108 bytes).
    Removing usb_regs.o(i.SetEPDblBuf1Addr), (36 bytes).
    Removing usb_regs.o(i.SetEPDblBuf1Count), (108 bytes).
    Removing usb_regs.o(i.SetEPDblBuffAddr), (64 bytes).
    Removing usb_regs.o(i.SetEPDblBuffCount), (204 bytes).
    Removing usb_regs.o(i.SetEPDoubleBuff), (44 bytes).
    Removing usb_regs.o(i.SetEPTxValid), (52 bytes).
    Removing usb_regs.o(i.SetEP_KIND), (44 bytes).
    Removing usb_regs.o(i.SetISTR), (12 bytes).
    Removing usb_regs.o(i.Set_Status_Out), (44 bytes).
    Removing usb_regs.o(i.ToWord), (8 bytes).
    Removing usb_regs.o(i.ToggleDTOG_RX), (40 bytes).
    Removing usb_regs.o(i.ToggleDTOG_TX), (40 bytes).
    Removing ff.o(i.dir_read), (102 bytes).
    Removing ff.o(i.dir_remove), (44 bytes).
    Removing ff.o(i.f_chmod), (86 bytes).
    Removing ff.o(i.f_create), (354 bytes).
    Removing ff.o(i.f_gets), (72 bytes).
    Removing ff.o(i.f_lseek), (484 bytes).
    Removing ff.o(i.f_mkdir), (324 bytes).
    Removing ff.o(i.f_opendir), (114 bytes).
    Removing ff.o(i.f_readdir), (88 bytes).
    Removing ff.o(i.f_rename), (254 bytes).
    Removing ff.o(i.f_truncate), (158 bytes).
    Removing ff.o(i.f_unlink), (172 bytes).
    Removing ff.o(i.f_utime), (72 bytes).
    Removing uart1.o(i.fgetc), (32 bytes).
    Removing uart2.o(i.uart2_fgetc), (32 bytes).
    Removing uart2.o(i.uart2_fputc), (36 bytes).
    Removing uart3.o(i.uart3_fgetc), (28 bytes).
    Removing uart3.o(i.uart3_get_rxbuf_ptr), (8 bytes).
    Removing uart3.o(i.uart3_read), (40 bytes).
    Removing uart3.o(i.uart3_sendbf_f), (44 bytes).
    Removing uart3.o(i.uart3_sendbf_finished), (20 bytes).
    Removing misc.o(i.NVIC_SetVectorTable), (20 bytes).
    Removing misc.o(i.NVIC_SystemLPConfig), (44 bytes).
    Removing misc.o(i.SysTick_CLKSourceConfig), (40 bytes).
    Removing stm32f10x_dbgmcu.o(i.DBGMCU_Config), (32 bytes).
    Removing stm32f10x_dbgmcu.o(i.DBGMCU_GetDEVID), (16 bytes).
    Removing stm32f10x_dbgmcu.o(i.DBGMCU_GetREVID), (12 bytes).
    Removing stm32f10x_dma.o(i.DMA_ClearFlag), (28 bytes).
    Removing stm32f10x_dma.o(i.DMA_ClearITPendingBit), (28 bytes).
    Removing stm32f10x_dma.o(i.DMA_Cmd), (24 bytes).
    Removing stm32f10x_dma.o(i.DMA_DeInit), (336 bytes).
    Removing stm32f10x_dma.o(i.DMA_GetCurrDataCounter), (8 bytes).
    Removing stm32f10x_dma.o(i.DMA_GetFlagStatus), (44 bytes).
    Removing stm32f10x_dma.o(i.DMA_GetITStatus), (44 bytes).
    Removing stm32f10x_dma.o(i.DMA_ITConfig), (18 bytes).
    Removing stm32f10x_dma.o(i.DMA_Init), (60 bytes).
    Removing stm32f10x_dma.o(i.DMA_SetCurrDataCounter), (4 bytes).
    Removing stm32f10x_dma.o(i.DMA_StructInit), (26 bytes).
    Removing stm32f10x_exti.o(i.EXTI_ClearITPendingBit), (12 bytes).
    Removing stm32f10x_exti.o(i.EXTI_DeInit), (52 bytes).
    Removing stm32f10x_exti.o(i.EXTI_GenerateSWInterrupt), (24 bytes).
    Removing stm32f10x_exti.o(i.EXTI_GetFlagStatus), (24 bytes).
    Removing stm32f10x_exti.o(i.EXTI_StructInit), (16 bytes).
    Removing stm32f10x_flash.o(i.FLASH_ClearFlag), (12 bytes).
    Removing stm32f10x_flash.o(i.FLASH_EnableWriteProtection), (204 bytes).
    Removing stm32f10x_flash.o(i.FLASH_EraseAllBank1Pages), (72 bytes).
    Removing stm32f10x_flash.o(i.FLASH_EraseAllPages), (72 bytes).
    Removing stm32f10x_flash.o(i.FLASH_EraseOptionBytes), (168 bytes).
    Removing stm32f10x_flash.o(i.FLASH_GetFlagStatus), (48 bytes).
    Removing stm32f10x_flash.o(i.FLASH_GetPrefetchBufferStatus), (24 bytes).
    Removing stm32f10x_flash.o(i.FLASH_GetReadOutProtectionStatus), (24 bytes).
    Removing stm32f10x_flash.o(i.FLASH_GetStatus), (56 bytes).
    Removing stm32f10x_flash.o(i.FLASH_GetUserOptionByte), (12 bytes).
    Removing stm32f10x_flash.o(i.FLASH_GetWriteProtectionOptionByte), (12 bytes).
    Removing stm32f10x_flash.o(i.FLASH_HalfCycleAccessCmd), (28 bytes).
    Removing stm32f10x_flash.o(i.FLASH_ITConfig), (32 bytes).
    Removing stm32f10x_flash.o(i.FLASH_LockBank1), (20 bytes).
    Removing stm32f10x_flash.o(i.FLASH_PrefetchBufferCmd), (28 bytes).
    Removing stm32f10x_flash.o(i.FLASH_ProgramHalfWord), (64 bytes).
    Removing stm32f10x_flash.o(i.FLASH_ProgramOptionByteData), (84 bytes).
    Removing stm32f10x_flash.o(i.FLASH_ReadOutProtection), (172 bytes).
    Removing stm32f10x_flash.o(i.FLASH_SetLatency), (24 bytes).
    Removing stm32f10x_flash.o(i.FLASH_UnlockBank1), (24 bytes).
    Removing stm32f10x_flash.o(i.FLASH_UserOptionByteConfig), (104 bytes).
    Removing stm32f10x_flash.o(i.FLASH_WaitForLastBank1Operation), (38 bytes).
    Removing stm32f10x_fsmc.o(i.FSMC_ClearFlag), (72 bytes).
    Removing stm32f10x_fsmc.o(i.FSMC_ClearITPendingBit), (72 bytes).
    Removing stm32f10x_fsmc.o(i.FSMC_GetECC), (28 bytes).
    Removing stm32f10x_fsmc.o(i.FSMC_GetFlagStatus), (56 bytes).
    Removing stm32f10x_fsmc.o(i.FSMC_GetITStatus), (68 bytes).
    Removing stm32f10x_fsmc.o(i.FSMC_ITConfig), (136 bytes).
    Removing stm32f10x_fsmc.o(i.FSMC_NANDCmd), (92 bytes).
    Removing stm32f10x_fsmc.o(i.FSMC_NANDDeInit), (72 bytes).
    Removing stm32f10x_fsmc.o(i.FSMC_NANDECCCmd), (92 bytes).
    Removing stm32f10x_fsmc.o(i.FSMC_NANDInit), (140 bytes).
    Removing stm32f10x_fsmc.o(i.FSMC_NANDStructInit), (54 bytes).
    Removing stm32f10x_fsmc.o(i.FSMC_NORSRAMCmd), (52 bytes).
    Removing stm32f10x_fsmc.o(i.FSMC_NORSRAMDeInit), (56 bytes).
    Removing stm32f10x_fsmc.o(i.FSMC_NORSRAMInit), (224 bytes).
    Removing stm32f10x_fsmc.o(i.FSMC_NORSRAMStructInit), (114 bytes).
    Removing stm32f10x_fsmc.o(i.FSMC_PCCARDCmd), (48 bytes).
    Removing stm32f10x_fsmc.o(i.FSMC_PCCARDDeInit), (48 bytes).
    Removing stm32f10x_fsmc.o(i.FSMC_PCCARDInit), (136 bytes).
    Removing stm32f10x_fsmc.o(i.FSMC_PCCARDStructInit), (60 bytes).
    Removing stm32f10x_gpio.o(i.GPIO_AFIODeInit), (20 bytes).
    Removing stm32f10x_gpio.o(i.GPIO_DeInit), (200 bytes).
    Removing stm32f10x_gpio.o(i.GPIO_ETH_MediaInterfaceConfig), (12 bytes).
    Removing stm32f10x_gpio.o(i.GPIO_EventOutputCmd), (12 bytes).
    Removing stm32f10x_gpio.o(i.GPIO_EventOutputConfig), (32 bytes).
    Removing stm32f10x_gpio.o(i.GPIO_PinLockConfig), (18 bytes).
    Removing stm32f10x_gpio.o(i.GPIO_PinRemapConfig), (144 bytes).
    Removing stm32f10x_gpio.o(i.GPIO_ReadInputData), (8 bytes).
    Removing stm32f10x_gpio.o(i.GPIO_ReadOutputData), (8 bytes).
    Removing stm32f10x_gpio.o(i.GPIO_ReadOutputDataBit), (18 bytes).
    Removing stm32f10x_gpio.o(i.GPIO_StructInit), (16 bytes).
    Removing stm32f10x_gpio.o(i.GPIO_Write), (4 bytes).
    Removing stm32f10x_gpio.o(i.GPIO_WriteBit), (10 bytes).
    Removing stm32f10x_iwdg.o(i.IWDG_GetFlagStatus), (24 bytes).
    Removing stm32f10x_pwr.o(i.PWR_BackupAccessCmd), (12 bytes).
    Removing stm32f10x_pwr.o(i.PWR_ClearFlag), (20 bytes).
    Removing stm32f10x_pwr.o(i.PWR_DeInit), (22 bytes).
    Removing stm32f10x_pwr.o(i.PWR_EnterSTANDBYMode), (56 bytes).
    Removing stm32f10x_pwr.o(i.PWR_GetFlagStatus), (24 bytes).
    Removing stm32f10x_pwr.o(i.PWR_PVDCmd), (12 bytes).
    Removing stm32f10x_pwr.o(i.PWR_PVDLevelConfig), (24 bytes).
    Removing stm32f10x_pwr.o(i.PWR_WakeUpPinCmd), (12 bytes).
    Removing stm32f10x_rcc.o(i.RCC_ADCCLKConfig), (24 bytes).
    Removing stm32f10x_rcc.o(i.RCC_AHBPeriphClockCmd), (32 bytes).
    Removing stm32f10x_rcc.o(i.RCC_AdjustHSICalibrationValue), (24 bytes).
    Removing stm32f10x_rcc.o(i.RCC_BackupResetCmd), (12 bytes).
    Removing stm32f10x_rcc.o(i.RCC_ClearITPendingBit), (12 bytes).
    Removing stm32f10x_rcc.o(i.RCC_ClockSecuritySystemCmd), (12 bytes).
    Removing stm32f10x_rcc.o(i.RCC_DeInit), (76 bytes).
    Removing stm32f10x_rcc.o(i.RCC_GetITStatus), (24 bytes).
    Removing stm32f10x_rcc.o(i.RCC_GetSYSCLKSource), (16 bytes).
    Removing stm32f10x_rcc.o(i.RCC_HCLKConfig), (24 bytes).
    Removing stm32f10x_rcc.o(i.RCC_HSEConfig), (76 bytes).
    Removing stm32f10x_rcc.o(i.RCC_HSICmd), (12 bytes).
    Removing stm32f10x_rcc.o(i.RCC_ITConfig), (36 bytes).
    Removing stm32f10x_rcc.o(i.RCC_LSEConfig), (52 bytes).
    Removing stm32f10x_rcc.o(i.RCC_LSICmd), (12 bytes).
    Removing stm32f10x_rcc.o(i.RCC_MCOConfig), (12 bytes).
    Removing stm32f10x_rcc.o(i.RCC_PCLK1Config), (24 bytes).
    Removing stm32f10x_rcc.o(i.RCC_PCLK2Config), (24 bytes).
    Removing stm32f10x_rcc.o(i.RCC_PLLCmd), (12 bytes).
    Removing stm32f10x_rcc.o(i.RCC_PLLConfig), (28 bytes).
    Removing stm32f10x_rcc.o(i.RCC_RTCCLKCmd), (12 bytes).
    Removing stm32f10x_rcc.o(i.RCC_RTCCLKConfig), (16 bytes).
    Removing stm32f10x_rcc.o(i.RCC_SYSCLKConfig), (24 bytes).
    Removing stm32f10x_rcc.o(i.RCC_WaitForHSEStartUp), (48 bytes).
    Removing stm32f10x_sdio.o(i.SDIO_CEATAITCmd), (16 bytes).
    Removing stm32f10x_sdio.o(i.SDIO_ClearFlag), (12 bytes).
    Removing stm32f10x_sdio.o(i.SDIO_ClearITPendingBit), (12 bytes).
    Removing stm32f10x_sdio.o(i.SDIO_ClockCmd), (12 bytes).
    Removing stm32f10x_sdio.o(i.SDIO_CmdStructInit), (14 bytes).
    Removing stm32f10x_sdio.o(i.SDIO_CommandCompletionCmd), (12 bytes).
    Removing stm32f10x_sdio.o(i.SDIO_DMACmd), (12 bytes).
    Removing stm32f10x_sdio.o(i.SDIO_DataConfig), (48 bytes).
    Removing stm32f10x_sdio.o(i.SDIO_DataStructInit), (20 bytes).
    Removing stm32f10x_sdio.o(i.SDIO_DeInit), (36 bytes).
    Removing stm32f10x_sdio.o(i.SDIO_GetCommandResponse), (12 bytes).
    Removing stm32f10x_sdio.o(i.SDIO_GetDataCounter), (12 bytes).
    Removing stm32f10x_sdio.o(i.SDIO_GetFIFOCount), (12 bytes).
    Removing stm32f10x_sdio.o(i.SDIO_GetFlagStatus), (24 bytes).
    Removing stm32f10x_sdio.o(i.SDIO_GetITStatus), (24 bytes).
    Removing stm32f10x_sdio.o(i.SDIO_GetPowerState), (16 bytes).
    Removing stm32f10x_sdio.o(i.SDIO_GetResponse), (16 bytes).
    Removing stm32f10x_sdio.o(i.SDIO_ITConfig), (32 bytes).
    Removing stm32f10x_sdio.o(i.SDIO_Init), (48 bytes).
    Removing stm32f10x_sdio.o(i.SDIO_ReadData), (12 bytes).
    Removing stm32f10x_sdio.o(i.SDIO_SendCEATACmd), (12 bytes).
    Removing stm32f10x_sdio.o(i.SDIO_SendCommand), (44 bytes).
    Removing stm32f10x_sdio.o(i.SDIO_SendSDIOSuspendCmd), (12 bytes).
    Removing stm32f10x_sdio.o(i.SDIO_SetPowerState), (28 bytes).
    Removing stm32f10x_sdio.o(i.SDIO_SetSDIOOperation), (12 bytes).
    Removing stm32f10x_sdio.o(i.SDIO_SetSDIOReadWaitMode), (12 bytes).
    Removing stm32f10x_sdio.o(i.SDIO_StartSDIOReadWait), (12 bytes).
    Removing stm32f10x_sdio.o(i.SDIO_StopSDIOReadWait), (12 bytes).
    Removing stm32f10x_sdio.o(i.SDIO_StructInit), (16 bytes).
    Removing stm32f10x_sdio.o(i.SDIO_WriteData), (12 bytes).
    Removing stm32f10x_spi.o(i.I2S_Cmd), (24 bytes).
    Removing stm32f10x_spi.o(i.I2S_Init), (228 bytes).
    Removing stm32f10x_spi.o(i.I2S_StructInit), (20 bytes).
    Removing stm32f10x_spi.o(i.SPI_BiDirectionalLineConfig), (28 bytes).
    Removing stm32f10x_spi.o(i.SPI_DataSizeConfig), (18 bytes).
    Removing stm32f10x_spi.o(i.SPI_GetCRC), (16 bytes).
    Removing stm32f10x_spi.o(i.SPI_GetCRCPolynomial), (6 bytes).
    Removing stm32f10x_spi.o(i.SPI_I2S_ClearFlag), (6 bytes).
    Removing stm32f10x_spi.o(i.SPI_I2S_ClearITPendingBit), (20 bytes).
    Removing stm32f10x_spi.o(i.SPI_I2S_DMACmd), (24 bytes).
    Removing stm32f10x_spi.o(i.SPI_I2S_GetITStatus), (52 bytes).
    Removing stm32f10x_spi.o(i.SPI_I2S_ITConfig), (36 bytes).
    Removing stm32f10x_spi.o(i.SPI_NSSInternalSoftwareConfig), (30 bytes).
    Removing stm32f10x_spi.o(i.SPI_SSOutputCmd), (24 bytes).
    Removing stm32f10x_spi.o(i.SPI_StructInit), (24 bytes).
    Removing stm32f10x_spi.o(i.SPI_TransmitCRC), (10 bytes).
    Removing stm32f10x_tim.o(i.TI1_Config), (128 bytes).
    Removing stm32f10x_tim.o(i.TI2_Config), (140 bytes).
    Removing stm32f10x_tim.o(i.TI3_Config), (136 bytes).
    Removing stm32f10x_tim.o(i.TI4_Config), (140 bytes).
    Removing stm32f10x_tim.o(i.TIM_ARRPreloadConfig), (24 bytes).
    Removing stm32f10x_tim.o(i.TIM_BDTRConfig), (32 bytes).
    Removing stm32f10x_tim.o(i.TIM_BDTRStructInit), (18 bytes).
    Removing stm32f10x_tim.o(i.TIM_CCPreloadControl), (24 bytes).
    Removing stm32f10x_tim.o(i.TIM_CCxCmd), (34 bytes).
    Removing stm32f10x_tim.o(i.TIM_CCxNCmd), (34 bytes).
    Removing stm32f10x_tim.o(i.TIM_ClearFlag), (6 bytes).
    Removing stm32f10x_tim.o(i.TIM_ClearITPendingBit), (6 bytes).
    Removing stm32f10x_tim.o(i.TIM_ClearOC1Ref), (18 bytes).
    Removing stm32f10x_tim.o(i.TIM_ClearOC2Ref), (20 bytes).
    Removing stm32f10x_tim.o(i.TIM_ClearOC3Ref), (18 bytes).
    Removing stm32f10x_tim.o(i.TIM_ClearOC4Ref), (20 bytes).
    Removing stm32f10x_tim.o(i.TIM_Cmd), (24 bytes).
    Removing stm32f10x_tim.o(i.TIM_CounterModeConfig), (18 bytes).
    Removing stm32f10x_tim.o(i.TIM_CtrlPWMOutputs), (30 bytes).
    Removing stm32f10x_tim.o(i.TIM_DMACmd), (24 bytes).
    Removing stm32f10x_tim.o(i.TIM_DMAConfig), (10 bytes).
    Removing stm32f10x_tim.o(i.TIM_DeInit), (488 bytes).
    Removing stm32f10x_tim.o(i.TIM_ETRClockMode1Config), (54 bytes).
    Removing stm32f10x_tim.o(i.TIM_ETRClockMode2Config), (32 bytes).
    Removing stm32f10x_tim.o(i.TIM_ETRConfig), (24 bytes).
    Removing stm32f10x_tim.o(i.TIM_EncoderInterfaceConfig), (62 bytes).
    Removing stm32f10x_tim.o(i.TIM_ForcedOC1Config), (18 bytes).
    Removing stm32f10x_tim.o(i.TIM_ForcedOC2Config), (22 bytes).
    Removing stm32f10x_tim.o(i.TIM_ForcedOC3Config), (18 bytes).
    Removing stm32f10x_tim.o(i.TIM_ForcedOC4Config), (22 bytes).
    Removing stm32f10x_tim.o(i.TIM_GenerateEvent), (4 bytes).
    Removing stm32f10x_tim.o(i.TIM_GetCapture1), (6 bytes).
    Removing stm32f10x_tim.o(i.TIM_GetCapture2), (6 bytes).
    Removing stm32f10x_tim.o(i.TIM_GetCapture3), (6 bytes).
    Removing stm32f10x_tim.o(i.TIM_GetCapture4), (8 bytes).
    Removing stm32f10x_tim.o(i.TIM_GetCounter), (6 bytes).
    Removing stm32f10x_tim.o(i.TIM_GetFlagStatus), (18 bytes).
    Removing stm32f10x_tim.o(i.TIM_GetITStatus), (34 bytes).
    Removing stm32f10x_tim.o(i.TIM_GetPrescaler), (6 bytes).
    Removing stm32f10x_tim.o(i.TIM_ICInit), (172 bytes).
    Removing stm32f10x_tim.o(i.TIM_ICStructInit), (18 bytes).
    Removing stm32f10x_tim.o(i.TIM_ITConfig), (24 bytes).
    Removing stm32f10x_tim.o(i.TIM_ITRxExternalClockConfig), (24 bytes).
    Removing stm32f10x_tim.o(i.TIM_InternalClockConfig), (12 bytes).
    Removing stm32f10x_tim.o(i.TIM_OC1FastConfig), (18 bytes).
    Removing stm32f10x_tim.o(i.TIM_OC1Init), (152 bytes).
    Removing stm32f10x_tim.o(i.TIM_OC1NPolarityConfig), (18 bytes).
    Removing stm32f10x_tim.o(i.TIM_OC1PolarityConfig), (18 bytes).
    Removing stm32f10x_tim.o(i.TIM_OC1PreloadConfig), (18 bytes).
    Removing stm32f10x_tim.o(i.TIM_OC2FastConfig), (22 bytes).
    Removing stm32f10x_tim.o(i.TIM_OC2Init), (156 bytes).
    Removing stm32f10x_tim.o(i.TIM_OC2NPolarityConfig), (22 bytes).
    Removing stm32f10x_tim.o(i.TIM_OC2PolarityConfig), (22 bytes).
    Removing stm32f10x_tim.o(i.TIM_OC2PreloadConfig), (22 bytes).
    Removing stm32f10x_tim.o(i.TIM_OC3FastConfig), (18 bytes).
    Removing stm32f10x_tim.o(i.TIM_OC3Init), (152 bytes).
    Removing stm32f10x_tim.o(i.TIM_OC3NPolarityConfig), (22 bytes).
    Removing stm32f10x_tim.o(i.TIM_OC3PolarityConfig), (22 bytes).
    Removing stm32f10x_tim.o(i.TIM_OC3PreloadConfig), (18 bytes).
    Removing stm32f10x_tim.o(i.TIM_OC4FastConfig), (22 bytes).
    Removing stm32f10x_tim.o(i.TIM_OC4Init), (116 bytes).
    Removing stm32f10x_tim.o(i.TIM_OC4PolarityConfig), (22 bytes).
    Removing stm32f10x_tim.o(i.TIM_OC4PreloadConfig), (22 bytes).
    Removing stm32f10x_tim.o(i.TIM_OCStructInit), (20 bytes).
    Removing stm32f10x_tim.o(i.TIM_PWMIConfig), (124 bytes).
    Removing stm32f10x_tim.o(i.TIM_PrescalerConfig), (6 bytes).
    Removing stm32f10x_tim.o(i.TIM_SelectCCDMA), (24 bytes).
    Removing stm32f10x_tim.o(i.TIM_SelectCOM), (24 bytes).
    Removing stm32f10x_tim.o(i.TIM_SelectHallSensor), (24 bytes).
    Removing stm32f10x_tim.o(i.TIM_SelectInputTrigger), (18 bytes).
    Removing stm32f10x_tim.o(i.TIM_SelectMasterSlaveMode), (18 bytes).
    Removing stm32f10x_tim.o(i.TIM_SelectOCxM), (82 bytes).
    Removing stm32f10x_tim.o(i.TIM_SelectOnePulseMode), (18 bytes).
    Removing stm32f10x_tim.o(i.TIM_SelectOutputTrigger), (18 bytes).
    Removing stm32f10x_tim.o(i.TIM_SelectSlaveMode), (18 bytes).
    Removing stm32f10x_tim.o(i.TIM_SetAutoreload), (4 bytes).
    Removing stm32f10x_tim.o(i.TIM_SetClockDivision), (18 bytes).
    Removing stm32f10x_tim.o(i.TIM_SetCompare1), (4 bytes).
    Removing stm32f10x_tim.o(i.TIM_SetCompare2), (4 bytes).
    Removing stm32f10x_tim.o(i.TIM_SetCompare3), (4 bytes).
    Removing stm32f10x_tim.o(i.TIM_SetCompare4), (6 bytes).
    Removing stm32f10x_tim.o(i.TIM_SetCounter), (4 bytes).
    Removing stm32f10x_tim.o(i.TIM_SetIC1Prescaler), (18 bytes).
    Removing stm32f10x_tim.o(i.TIM_SetIC2Prescaler), (22 bytes).
    Removing stm32f10x_tim.o(i.TIM_SetIC3Prescaler), (18 bytes).
    Removing stm32f10x_tim.o(i.TIM_SetIC4Prescaler), (22 bytes).
    Removing stm32f10x_tim.o(i.TIM_TIxExternalClockConfig), (62 bytes).
    Removing stm32f10x_tim.o(i.TIM_TimeBaseInit), (164 bytes).
    Removing stm32f10x_tim.o(i.TIM_TimeBaseStructInit), (18 bytes).
    Removing stm32f10x_tim.o(i.TIM_UpdateDisableConfig), (24 bytes).
    Removing stm32f10x_tim.o(i.TIM_UpdateRequestConfig), (24 bytes).
    Removing stm32f10x_usart.o(i.USART_ClearITPendingBit), (30 bytes).
    Removing stm32f10x_usart.o(i.USART_ClockStructInit), (12 bytes).
    Removing stm32f10x_usart.o(i.USART_DMACmd), (24 bytes).
    Removing stm32f10x_usart.o(i.USART_DeInit), (156 bytes).
    Removing stm32f10x_usart.o(i.USART_HalfDuplexCmd), (24 bytes).
    Removing stm32f10x_usart.o(i.USART_IrDACmd), (24 bytes).
    Removing stm32f10x_usart.o(i.USART_IrDAConfig), (18 bytes).
    Removing stm32f10x_usart.o(i.USART_LINBreakDetectLengthConfig), (18 bytes).
    Removing stm32f10x_usart.o(i.USART_LINCmd), (24 bytes).
    Removing stm32f10x_usart.o(i.USART_OneBitMethodCmd), (24 bytes).
    Removing stm32f10x_usart.o(i.USART_OverSampling8Cmd), (22 bytes).
    Removing stm32f10x_usart.o(i.USART_ReceiverWakeUpCmd), (24 bytes).
    Removing stm32f10x_usart.o(i.USART_SendBreak), (10 bytes).
    Removing stm32f10x_usart.o(i.USART_SetAddress), (18 bytes).
    Removing stm32f10x_usart.o(i.USART_SetGuardTime), (16 bytes).
    Removing stm32f10x_usart.o(i.USART_SetPrescaler), (16 bytes).
    Removing stm32f10x_usart.o(i.USART_SmartCardCmd), (24 bytes).
    Removing stm32f10x_usart.o(i.USART_SmartCardNACKCmd), (24 bytes).
    Removing stm32f10x_usart.o(i.USART_StructInit), (24 bytes).
    Removing stm32f10x_usart.o(i.USART_WakeUpConfig), (18 bytes).
    Removing stm32f10x_adc.o(i.ADC_AnalogWatchdogCmd), (20 bytes).
    Removing stm32f10x_adc.o(i.ADC_AnalogWatchdogSingleChannelConfig), (16 bytes).
    Removing stm32f10x_adc.o(i.ADC_AnalogWatchdogThresholdsConfig), (6 bytes).
    Removing stm32f10x_adc.o(i.ADC_AutoInjectedConvCmd), (22 bytes).
    Removing stm32f10x_adc.o(i.ADC_ClearFlag), (6 bytes).
    Removing stm32f10x_adc.o(i.ADC_ClearITPendingBit), (10 bytes).
    Removing stm32f10x_adc.o(i.ADC_DMACmd), (22 bytes).
    Removing stm32f10x_adc.o(i.ADC_DeInit), (92 bytes).
    Removing stm32f10x_adc.o(i.ADC_DiscModeChannelCountConfig), (24 bytes).
    Removing stm32f10x_adc.o(i.ADC_DiscModeCmd), (22 bytes).
    Removing stm32f10x_adc.o(i.ADC_ExternalTrigConvCmd), (22 bytes).
    Removing stm32f10x_adc.o(i.ADC_ExternalTrigInjectedConvCmd), (22 bytes).
    Removing stm32f10x_adc.o(i.ADC_ExternalTrigInjectedConvConfig), (16 bytes).
    Removing stm32f10x_adc.o(i.ADC_GetCalibrationStatus), (20 bytes).
    Removing stm32f10x_adc.o(i.ADC_GetDualModeConversionValue), (12 bytes).
    Removing stm32f10x_adc.o(i.ADC_GetITStatus), (36 bytes).
    Removing stm32f10x_adc.o(i.ADC_GetInjectedConversionValue), (18 bytes).
    Removing stm32f10x_adc.o(i.ADC_GetResetCalibrationStatus), (20 bytes).
    Removing stm32f10x_adc.o(i.ADC_GetSoftwareStartConvStatus), (20 bytes).
    Removing stm32f10x_adc.o(i.ADC_GetSoftwareStartInjectedConvCmdStatus), (20 bytes).
    Removing stm32f10x_adc.o(i.ADC_ITConfig), (24 bytes).
    Removing stm32f10x_adc.o(i.ADC_InjectedChannelConfig), (130 bytes).
    Removing stm32f10x_adc.o(i.ADC_InjectedDiscModeCmd), (22 bytes).
    Removing stm32f10x_adc.o(i.ADC_InjectedSequencerLengthConfig), (24 bytes).
    Removing stm32f10x_adc.o(i.ADC_ResetCalibration), (10 bytes).
    Removing stm32f10x_adc.o(i.ADC_SetInjectedOffset), (12 bytes).
    Removing stm32f10x_adc.o(i.ADC_SoftwareStartInjectedConvCmd), (22 bytes).
    Removing stm32f10x_adc.o(i.ADC_StartCalibration), (10 bytes).
    Removing stm32f10x_adc.o(i.ADC_StructInit), (18 bytes).
    Removing stm32f10x_adc.o(i.ADC_TempSensorVrefintCmd), (44 bytes).
    Removing startup_stm32f10x_hd.o(HEAP), (512 bytes).
    Removing my_string.o(i.Int2DecStr), (164 bytes).
    Removing my_string.o(i.float2str), (32 bytes).
    Removing my_string.o(.bss), (17 bytes).
    Removing my_string.o(.data), (6 bytes).
    Removing datetime.o(i.xml_time), (124 bytes).
    Removing gpx_record_task.o(i.gpx_file_save), (20 bytes).
    Removing sim800.o(.constdata), (73 bytes).
    Removing gsensor.o(i.MBA220_INT), (16 bytes).

382 unused section(s) (total 17287 bytes) removed from the image.

==============================================================================

Memory Map of the image

  Image Entry point : 0x00000000

  Load Region LR_IROM1 (Base: 0x08000000, Size: 0x0000c074, Max: 0xffffffff, ABSOLUTE)

    Execution Region ER_IROM1 (Base: 0x08000000, Size: 0x0000bd7c, Max: 0x00010000, ABSOLUTE)

    Base Addr    Size         Type   Attr      Idx    E Section Name        Object

    0x08000000   0x00000130   Data   RO         4215    RESET               startup_stm32f10x_hd.o
    0x08000130   0x00000000   Code   RO         5119  * .ARM.Collect$$$$00000000  mc_w.l(entry.o)
    0x08000130   0x00000004   Code   RO         5427    .ARM.Collect$$$$00000001  mc_w.l(entry2.o)
    0x08000134   0x00000004   Code   RO         5430    .ARM.Collect$$$$00000004  mc_w.l(entry5.o)
    0x08000138   0x00000008   Code   RO         5431    .ARM.Collect$$$$00000007  mc_w.l(entry7.o)
    0x08000140   0x00000004   Code   RO         5428    .ARM.Collect$$$$00002712  mc_w.l(entry2.o)
    0x08000144   0x00000024   Code   RO         4216    .text               startup_stm32f10x_hd.o
    0x08000168   0x00000024   Code   RO         5122    .text               mc_w.l(memcpya.o)
    0x0800018c   0x00000026   Code   RO         5124    .text               mc_w.l(memseta.o)
    0x080001b2   0x0000001c   Code   RO         5126    .text               mc_w.l(strcat.o)
    0x080001ce   0x0000002c   Code   RO         5128    .text               mc_w.l(strstr.o)
    0x080001fa   0x00000010   Code   RO         5130    .text               mc_w.l(strlen.o)
    0x0800020a   0x0000001c   Code   RO         5132    .text               mc_w.l(strcmp.o)
    0x08000226   0x00000012   Code   RO         5134    .text               mc_w.l(strcpy.o)
    0x08000238   0x0000006c   Code   RO         5399    .text               mf_w.l(fmul.o)
    0x080002a4   0x00000080   Code   RO         5401    .text               mf_w.l(fdiv.o)
    0x08000324   0x0000014a   Code   RO         5403    .text               mf_w.l(dadd.o)
    0x0800046e   0x000000e2   Code   RO         5405    .text               mf_w.l(dmul.o)
    0x08000550   0x000000de   Code   RO         5407    .text               mf_w.l(ddiv.o)
    0x0800062e   0x00000012   Code   RO         5409    .text               mf_w.l(fflti.o)
    0x08000640   0x0000000a   Code   RO         5411    .text               mf_w.l(ffltui.o)
    0x0800064a   0x00000032   Code   RO         5413    .text               mf_w.l(ffixi.o)
    0x0800067c   0x0000003e   Code   RO         5415    .text               mf_w.l(dfixi.o)
    0x080006ba   0x0000002c   Code   RO         5417    .text               mf_w.l(f2d.o)
    0x080006e6   0x00000002   PAD
    0x080006e8   0x00000028   Code   RO         5419    .text               mf_w.l(cdcmple.o)
    0x08000710   0x00000028   Code   RO         5421    .text               mf_w.l(cdrcmple.o)
    0x08000738   0x00000038   Code   RO         5423    .text               mf_w.l(d2f.o)
    0x08000770   0x00000014   Code   RO         5425    .text               mf_w.l(cfrcmple.o)
    0x08000784   0x0000002c   Code   RO         5433    .text               mc_w.l(uidiv.o)
    0x080007b0   0x00000066   Code   RO         5435    .text               mc_w.l(uldiv.o)
    0x08000816   0x0000001e   Code   RO         5437    .text               mc_w.l(llshl.o)
    0x08000834   0x00000020   Code   RO         5439    .text               mc_w.l(llushr.o)
    0x08000854   0x00000024   Code   RO         5441    .text               mc_w.l(llsshr.o)
    0x08000878   0x00000098   Code   RO         5450    .text               mc_w.l(strtod.o)
    0x08000910   0x00000000   Code   RO         5452    .text               mc_w.l(iusefp.o)
    0x08000910   0x00000070   Code   RO         5453    .text               mf_w.l(fepilogue.o)
    0x08000980   0x000000c2   Code   RO         5455    .text               mf_w.l(depilogue.o)
    0x08000a42   0x00000030   Code   RO         5457    .text               mf_w.l(dfixul.o)
    0x08000a72   0x00000002   PAD
    0x08000a74   0x00000024   Code   RO         5459    .text               mc_w.l(init.o)
    0x08000a98   0x0000000a   Code   RO         5461    .text               mc_w.l(isspace_c.o)
    0x08000aa2   0x00000002   PAD
    0x08000aa4   0x00000350   Code   RO         5463    .text               mc_w.l(scanf_fp.o)
    0x08000df4   0x00000040   Code   RO         5465    .text               mc_w.l(_sgetc.o)
    0x08000e34   0x00000028   Code   RO         5467    .text               mc_w.l(ctype_c.o)
    0x08000e5c   0x00000018   Code   RO         5470    .text               mf_w.l(dfltul.o)
    0x08000e74   0x00000016   Code   RO         3997    i.ADC_Cmd           stm32f10x_adc.o
    0x08000e8a   0x00000002   PAD
    0x08000e8c   0x0000006c   Code   RO         4436    i.ADC_Configuration  system.o
    0x08000ef8   0x00000008   Code   RO         4006    i.ADC_GetConversionValue  stm32f10x_adc.o
    0x08000f00   0x00000012   Code   RO         4008    i.ADC_GetFlagStatus  stm32f10x_adc.o
    0x08000f12   0x00000002   PAD
    0x08000f14   0x00000050   Code   RO         4015    i.ADC_Init          stm32f10x_adc.o
    0x08000f64   0x000000b8   Code   RO         4019    i.ADC_RegularChannelConfig  stm32f10x_adc.o
    0x0800101c   0x00000016   Code   RO         4022    i.ADC_SoftwareStartConvCmd  stm32f10x_adc.o
    0x08001032   0x00000002   PAD
    0x08001034   0x0000026c   Code   RO         4437    i.ADC_task          system.o
    0x080012a0   0x00000010   Code   RO         4438    i.ADC_taskctrl      system.o
    0x080012b0   0x00000028   Code   RO         4439    i.ADC_taskinit      system.o
    0x080012d8   0x00000040   Code   RO          582    i.Bot_Abort         usb_bot.o
    0x08001318   0x00000004   Code   RO            1    i.BusFault_Handler  stm32f10x_it.o
    0x0800131c   0x0000000c   Code   RO         1137    i.ByteSwap          usb_regs.o
    0x08001328   0x000002c4   Code   RO          583    i.CBW_Decode        usb_bot.o
    0x080015ec   0x000000c8   Code   RO         1089    i.CTR_HP            usb_int.o
    0x080016b4   0x00000288   Code   RO         1090    i.CTR_LP            usb_int.o
    0x0800193c   0x00000038   Code   RO         1138    i.ClearDTOG_RX      usb_regs.o
    0x08001974   0x00000038   Code   RO         1139    i.ClearDTOG_TX      usb_regs.o
    0x080019ac   0x00000028   Code   RO         1144    i.Clear_Status_Out  usb_regs.o
    0x080019d4   0x000000c4   Code   RO          947    i.DataStageIn       usb_core.o
    0x08001a98   0x000000c0   Code   RO          948    i.DataStageOut      usb_core.o
    0x08001b58   0x00000294   Code   RO          949    i.Data_Setup0       usb_core.o
    0x08001dec   0x00000002   Code   RO            2    i.DebugMon_Handler  stm32f10x_it.o
    0x08001dee   0x00000124   Code   RO         4551    i.DecStr2Int        my_string.o
    0x08001f12   0x00000008   Code   RO          642    i.EP1_IN_Callback   usb_endp.o
    0x08001f1a   0x00000008   Code   RO          643    i.EP2_OUT_Callback  usb_endp.o
    0x08001f22   0x00000002   PAD
    0x08001f24   0x0000002c   Code   RO         4964    i.EXTI0_IRQHandler  gsensor.o
    0x08001f50   0x0000000c   Code   RO         2169    i.EXTI_ClearFlag    stm32f10x_exti.o
    0x08001f5c   0x00000028   Code   RO         4965    i.EXTI_Configuration  gsensor.o
    0x08001f84   0x0000002c   Code   RO         2174    i.EXTI_GetITStatus  stm32f10x_exti.o
    0x08001fb0   0x000000ac   Code   RO         2175    i.EXTI_Init         stm32f10x_exti.o
    0x0800205c   0x0000004c   Code   RO         2228    i.FLASH_ErasePage   stm32f10x_flash.o
    0x080020a8   0x00000038   Code   RO         2229    i.FLASH_GetBank1Status  stm32f10x_flash.o
    0x080020e0   0x00000014   Code   RO         2238    i.FLASH_Lock        stm32f10x_flash.o
    0x080020f4   0x00000064   Code   RO         2243    i.FLASH_ProgramWord  stm32f10x_flash.o
    0x08002158   0x00000018   Code   RO         2246    i.FLASH_Unlock      stm32f10x_flash.o
    0x08002170   0x00000026   Code   RO         2250    i.FLASH_WaitForLastOperation  stm32f10x_flash.o
    0x08002196   0x00000002   PAD
    0x08002198   0x00000090   Code   RO         4220    i.GGA_Parse         gps_receive_task.o
    0x08002228   0x00000038   Code   RO         4221    i.GLL_Parse         gps_receive_task.o
    0x08002260   0x00000030   Code   RO         4966    i.GPIO_Configuration  gsensor.o
    0x08002290   0x00000040   Code   RO         2520    i.GPIO_EXTILineConfig  stm32f10x_gpio.o
    0x080022d0   0x00000112   Code   RO         2523    i.GPIO_Init         stm32f10x_gpio.o
    0x080023e2   0x00000012   Code   RO         2527    i.GPIO_ReadInputDataBit  stm32f10x_gpio.o
    0x080023f4   0x00000004   Code   RO         2530    i.GPIO_ResetBits    stm32f10x_gpio.o
    0x080023f8   0x00000004   Code   RO         2531    i.GPIO_SetBits      stm32f10x_gpio.o
    0x080023fc   0x0000003a   Code   RO         4222    i.GSA_Parse         gps_receive_task.o
    0x08002436   0x0000002c   Code   RO         4223    i.GSV_Parse         gps_receive_task.o
    0x08002462   0x00000002   PAD
    0x08002464   0x00000024   Code   RO         1156    i.GetEPRxAddr       usb_regs.o
    0x08002488   0x00000024   Code   RO         1157    i.GetEPRxCount      usb_regs.o
    0x080024ac   0x00000020   Code   RO         1159    i.GetEPTxAddr       usb_regs.o
    0x080024cc   0x00000010   Code   RO         4224    i.GetGpsState       gps_receive_task.o
    0x080024dc   0x00000010   Code   RO         4749    i.GetModemMode      sim800.o
    0x080024ec   0x00000010   Code   RO         4750    i.GetModemState     sim800.o
    0x080024fc   0x0000000c   Code   RO         4381    i.GetSysTick_10Ms   systick.o
    0x08002508   0x0000000c   Code   RO         4382    i.GetSysTick_Sec    systick.o
    0x08002514   0x0000001c   Code   RO          682    i.Get_Max_Lun       usb_prop.o
    0x08002530   0x0000003c   Code   RO          394    i.Get_SerialNum     hw_config.o
    0x0800256c   0x00000008   Code   RO            3    i.HardFault_Handler  stm32f10x_it.o
    0x08002574   0x0000001c   Code   RO         4225    i.HexToChar         gps_receive_task.o
    0x08002590   0x00000040   Code   RO         5039    i.I2C_Ack           sof_iic.o
    0x080025d0   0x0000002c   Code   RO         5040    i.I2C_Configuration  sof_iic.o
    0x080025fc   0x00000040   Code   RO         5041    i.I2C_NoAck         sof_iic.o
    0x0800263c   0x00000082   Code   RO         5042    i.I2C_ReadByte      sof_iic.o
    0x080026be   0x00000002   PAD
    0x080026c0   0x00000064   Code   RO         5043    i.I2C_ReceiveByte   sof_iic.o
    0x08002724   0x00000024   Code   RO         5044    i.I2C_SDA_IN        sof_iic.o
    0x08002748   0x00000024   Code   RO         5045    i.I2C_SDA_OUT       sof_iic.o
    0x0800276c   0x00000058   Code   RO         5046    i.I2C_SendByte      sof_iic.o
    0x080027c4   0x00000068   Code   RO         5047    i.I2C_Start         sof_iic.o
    0x0800282c   0x00000040   Code   RO         5048    i.I2C_Stop          sof_iic.o
    0x0800286c   0x0000005c   Code   RO         5049    i.I2C_WaitAck       sof_iic.o
    0x080028c8   0x0000004e   Code   RO         5050    i.I2C_WriteByte     sof_iic.o
    0x08002916   0x0000000e   Code   RO         5051    i.I2C_delay         sof_iic.o
    0x08002924   0x00000028   Code   RO           78    i.IWDG_Configuration  main.o
    0x0800294c   0x00000010   Code   RO         2631    i.IWDG_Enable       stm32f10x_iwdg.o
    0x0800295c   0x00000010   Code   RO         2633    i.IWDG_ReloadCounter  stm32f10x_iwdg.o
    0x0800296c   0x0000000c   Code   RO         2634    i.IWDG_SetPrescaler  stm32f10x_iwdg.o
    0x08002978   0x0000000c   Code   RO         2635    i.IWDG_SetReload    stm32f10x_iwdg.o
    0x08002984   0x0000000c   Code   RO         2636    i.IWDG_WriteAccessCmd  stm32f10x_iwdg.o
    0x08002990   0x00000070   Code   RO          950    i.In0_Process       usb_core.o
    0x08002a00   0x0000003e   Code   RO          395    i.IntToUnicode      hw_config.o
    0x08002a3e   0x0000002c   Code   RO         4595    i.IsLeapYear        datetime.o
    0x08002a6a   0x0000000e   Code   RO          398    i.Led_RW_OFF        hw_config.o
    0x08002a78   0x0000000e   Code   RO          399    i.Led_RW_ON         hw_config.o
    0x08002a86   0x0000000a   Code   RO          400    i.MAL_Config        hw_config.o
    0x08002a90   0x0000001e   Code   RO          504    i.MAL_GetStatus     mass_mal.o
    0x08002aae   0x00000002   PAD
    0x08002ab0   0x000000dc   Code   RO          505    i.MAL_Init          mass_mal.o
    0x08002b8c   0x0000002e   Code   RO          506    i.MAL_Read          mass_mal.o
    0x08002bba   0x0000002e   Code   RO          507    i.MAL_Write         mass_mal.o
    0x08002be8   0x00000060   Code   RO          683    i.MASS_Data_Setup   usb_prop.o
    0x08002c48   0x00000014   Code   RO          684    i.MASS_GetConfigDescriptor  usb_prop.o
    0x08002c5c   0x00000014   Code   RO          685    i.MASS_GetDeviceDescriptor  usb_prop.o
    0x08002c70   0x00000028   Code   RO          686    i.MASS_GetStringDescriptor  usb_prop.o
    0x08002c98   0x00000016   Code   RO          687    i.MASS_Get_Interface_Setting  usb_prop.o
    0x08002cae   0x00000002   PAD
    0x08002cb0   0x0000005c   Code   RO          688    i.MASS_NoData_Setup  usb_prop.o
    0x08002d0c   0x000000f0   Code   RO          689    i.MASS_Reset        usb_prop.o
    0x08002dfc   0x00000002   Code   RO          690    i.MASS_Status_In    usb_prop.o
    0x08002dfe   0x00000002   Code   RO          691    i.MASS_Status_Out   usb_prop.o
    0x08002e00   0x00000028   Code   RO          692    i.MASS_init         usb_prop.o
    0x08002e28   0x00000084   Code   RO         4968    i.MBA220init        gsensor.o
    0x08002eac   0x0000001c   Code   RO          693    i.Mass_Storage_ClearFeature  usb_prop.o
    0x08002ec8   0x00000074   Code   RO          584    i.Mass_Storage_In   usb_bot.o
    0x08002f3c   0x00000090   Code   RO          585    i.Mass_Storage_Out  usb_bot.o
    0x08002fcc   0x00000030   Code   RO          694    i.Mass_Storage_SetConfiguration  usb_prop.o
    0x08002ffc   0x0000000c   Code   RO          695    i.Mass_Storage_SetDeviceAddress  usb_prop.o
    0x08003008   0x00000004   Code   RO            4    i.MemManage_Handler  stm32f10x_it.o
    0x0800300c   0x00000002   Code   RO            5    i.NMI_Handler       stm32f10x_it.o
    0x0800300e   0x00000002   Code   RO          951    i.NOP_Process       usb_core.o
    0x08003010   0x00000022   Code   RO         4969    i.NVIC_Configuration  gsensor.o
    0x08003032   0x00000002   PAD
    0x08003034   0x00000084   Code   RO         2037    i.NVIC_Init         misc.o
    0x080030b8   0x00000014   Code   RO         2038    i.NVIC_PriorityGroupConfig  misc.o
    0x080030cc   0x00000144   Code   RO          952    i.NoData_Setup0     usb_core.o
    0x08003210   0x00000050   Code   RO          953    i.Out0_Process      usb_core.o
    0x08003260   0x00000024   Code   RO         1119    i.PMAToUserBufferCopy  usb_mem.o
    0x08003284   0x00000048   Code   RO         2677    i.PWR_EnterSTOPMode  stm32f10x_pwr.o
    0x080032cc   0x00000002   Code   RO            6    i.PendSV_Handler    stm32f10x_it.o
    0x080032ce   0x00000002   PAD
    0x080032d0   0x00000048   Code   RO          954    i.Post0_Process     usb_core.o
    0x08003318   0x00000050   Code   RO          788    i.PowerOn           usb_pwr.o
    0x08003368   0x00000020   Code   RO         2735    i.RCC_APB1PeriphClockCmd  stm32f10x_rcc.o
    0x08003388   0x00000020   Code   RO         2736    i.RCC_APB1PeriphResetCmd  stm32f10x_rcc.o
    0x080033a8   0x00000020   Code   RO         2737    i.RCC_APB2PeriphClockCmd  stm32f10x_rcc.o
    0x080033c8   0x00000020   Code   RO         2738    i.RCC_APB2PeriphResetCmd  stm32f10x_rcc.o
    0x080033e8   0x00000014   Code   RO         2741    i.RCC_ClearFlag     stm32f10x_rcc.o
    0x080033fc   0x000000d4   Code   RO         2745    i.RCC_GetClocksFreq  stm32f10x_rcc.o
    0x080034d0   0x0000003c   Code   RO         2746    i.RCC_GetFlagStatus  stm32f10x_rcc.o
    0x0800350c   0x0000000c   Code   RO         2763    i.RCC_USBCLKConfig  stm32f10x_rcc.o
    0x08003518   0x0000029c   Code   RO         4226    i.RMC_Parse         gps_receive_task.o
    0x080037b4   0x0000010c   Code   RO          537    i.Read_Memory       memory.o
    0x080038c0   0x0000008c   Code   RO          829    i.SCSI_Address_Management  usb_scsi.o
    0x0800394c   0x00000030   Code   RO          830    i.SCSI_Format_Cmd   usb_scsi.o
    0x0800397c   0x00000048   Code   RO          831    i.SCSI_Inquiry_Cmd  usb_scsi.o
    0x080039c4   0x00000044   Code   RO          832    i.SCSI_Invalid_Cmd  usb_scsi.o
    0x08003a08   0x00000014   Code   RO          833    i.SCSI_ModeSense10_Cmd  usb_scsi.o
    0x08003a1c   0x00000014   Code   RO          834    i.SCSI_ModeSense6_Cmd  usb_scsi.o
    0x08003a30   0x00000078   Code   RO          835    i.SCSI_Read10_Cmd   usb_scsi.o
    0x08003aa8   0x0000009c   Code   RO          836    i.SCSI_ReadCapacity10_Cmd  usb_scsi.o
    0x08003b44   0x00000088   Code   RO          837    i.SCSI_ReadFormatCapacity_Cmd  usb_scsi.o
    0x08003bcc   0x00000028   Code   RO          838    i.SCSI_RequestSense_Cmd  usb_scsi.o
    0x08003bf4   0x0000000e   Code   RO          839    i.SCSI_Start_Stop_Unit_Cmd  usb_scsi.o
    0x08003c02   0x00000002   PAD
    0x08003c04   0x00000038   Code   RO          840    i.SCSI_TestUnitReady_Cmd  usb_scsi.o
    0x08003c3c   0x00000040   Code   RO          842    i.SCSI_Verify10_Cmd  usb_scsi.o
    0x08003c7c   0x00000078   Code   RO          843    i.SCSI_Write10_Cmd  usb_scsi.o
    0x08003cf4   0x00000002   Code   RO            7    i.SDIO_IRQHandler   stm32f10x_it.o
    0x08003cf6   0x00000018   Code   RO         3123    i.SPI_CalculateCRC  stm32f10x_spi.o
    0x08003d0e   0x00000018   Code   RO         3124    i.SPI_Cmd           stm32f10x_spi.o
    0x08003d26   0x00000002   PAD
    0x08003d28   0x00000058   Code   RO         3131    i.SPI_I2S_DeInit    stm32f10x_spi.o
    0x08003d80   0x00000012   Code   RO         3132    i.SPI_I2S_GetFlagStatus  stm32f10x_spi.o
    0x08003d92   0x00000006   Code   RO         3135    i.SPI_I2S_ReceiveData  stm32f10x_spi.o
    0x08003d98   0x00000004   Code   RO         3136    i.SPI_I2S_SendData  stm32f10x_spi.o
    0x08003d9c   0x0000003c   Code   RO         3137    i.SPI_Init          stm32f10x_spi.o
    0x08003dd8   0x00000002   Code   RO            8    i.SVC_Handler       stm32f10x_it.o
    0x08003dda   0x00000002   PAD
    0x08003ddc   0x00000010   Code   RO         1167    i.SetBTABLE         usb_regs.o
    0x08003dec   0x00000054   Code   RO          955    i.SetDeviceAddress  usb_core.o
    0x08003e40   0x00000024   Code   RO         1181    i.SetEPRxAddr       usb_regs.o
    0x08003e64   0x00000050   Code   RO         1182    i.SetEPRxCount      usb_regs.o
    0x08003eb4   0x00000044   Code   RO         1183    i.SetEPRxStatus     usb_regs.o
    0x08003ef8   0x00000034   Code   RO         1184    i.SetEPRxValid      usb_regs.o
    0x08003f2c   0x00000020   Code   RO         1185    i.SetEPTxAddr       usb_regs.o
    0x08003f4c   0x00000020   Code   RO         1186    i.SetEPTxCount      usb_regs.o
    0x08003f6c   0x00000044   Code   RO         1187    i.SetEPTxStatus     usb_regs.o
    0x08003fb0   0x00000024   Code   RO         1189    i.SetEPType         usb_regs.o
    0x08003fd4   0x00000008   Code   RO          359    i.SetSysClock       system_stm32f10x.o
    0x08003fdc   0x000000c8   Code   RO          360    i.SetSysClockTo48   system_stm32f10x.o
    0x080040a4   0x0000003c   Code   RO          586    i.Set_CSW           usb_bot.o
    0x080040e0   0x0000000c   Code   RO          844    i.Set_Scsi_Sense_Data  usb_scsi.o
    0x080040ec   0x00000012   Code   RO          402    i.Set_USBClock      hw_config.o
    0x080040fe   0x00000002   PAD
    0x08004100   0x000000b8   Code   RO          956    i.Setup0_Process    usb_core.o
    0x080041b8   0x0000003c   Code   RO           79    i.SoftReset         main.o
    0x080041f4   0x00000170   Code   RO          957    i.Standard_ClearFeature  usb_core.o
    0x08004364   0x0000002c   Code   RO          958    i.Standard_GetConfiguration  usb_core.o
    0x08004390   0x00000024   Code   RO          959    i.Standard_GetDescriptorData  usb_core.o
    0x080043b4   0x0000002c   Code   RO          960    i.Standard_GetInterface  usb_core.o
    0x080043e0   0x00000100   Code   RO          961    i.Standard_GetStatus  usb_core.o
    0x080044e0   0x00000048   Code   RO          962    i.Standard_SetConfiguration  usb_core.o
    0x08004528   0x00000028   Code   RO          963    i.Standard_SetDeviceFeature  usb_core.o
    0x08004550   0x000000d4   Code   RO          964    i.Standard_SetEndPointFeature  usb_core.o
    0x08004624   0x0000006c   Code   RO          965    i.Standard_SetInterface  usb_core.o
    0x08004690   0x0000002a   Code   RO         4383    i.SysTick_Ctrl      systick.o
    0x080046ba   0x00000008   Code   RO            9    i.SysTick_Handler   stm32f10x_it.o
    0x080046c2   0x00000002   PAD
    0x080046c4   0x00000038   Code   RO         4384    i.SysTick_HandlerService  systick.o
    0x080046fc   0x00000068   Code   RO         4385    i.SysTick_Init      systick.o
    0x08004764   0x00000060   Code   RO          362    i.SystemInit        system_stm32f10x.o
    0x080047c4   0x00000038   Code   RO          587    i.Transfer_Data_Request  usb_bot.o
    0x080047fc   0x000000cc   Code   RO         1847    i.UART1_Configuration  uart1.o
    0x080048c8   0x000000c8   Code   RO         1888    i.UART2_Configuration  uart2.o
    0x08004990   0x000000c8   Code   RO         1949    i.UART3_Configuration  uart3.o
    0x08004a58   0x00000084   Code   RO         1848    i.USART1_IRQHandler  uart1.o
    0x08004adc   0x00000020   Code   RO         1849    i.USART1_Interrupts_Config  uart1.o
    0x08004afc   0x000000bc   Code   RO         1889    i.USART2_IRQHandler  uart2.o
    0x08004bb8   0x00000022   Code   RO         1890    i.USART2_Interrupts_Config  uart2.o
    0x08004bda   0x00000002   PAD
    0x08004bdc   0x000000b8   Code   RO         1950    i.USART3_IRQHandler  uart3.o
    0x08004c94   0x00000020   Code   RO         1951    i.USART3_Interrupts_Config  uart3.o
    0x08004cb4   0x00000012   Code   RO         3811    i.USART_ClearFlag   stm32f10x_usart.o
    0x08004cc6   0x00000022   Code   RO         3813    i.USART_ClockInit   stm32f10x_usart.o
    0x08004ce8   0x00000018   Code   RO         3815    i.USART_Cmd         stm32f10x_usart.o
    0x08004d00   0x0000001a   Code   RO         3818    i.USART_GetFlagStatus  stm32f10x_usart.o
    0x08004d1a   0x00000054   Code   RO         3819    i.USART_GetITStatus  stm32f10x_usart.o
    0x08004d6e   0x0000004a   Code   RO         3821    i.USART_ITConfig    stm32f10x_usart.o
    0x08004db8   0x000000d8   Code   RO         3822    i.USART_Init        stm32f10x_usart.o
    0x08004e90   0x0000000a   Code   RO         3829    i.USART_ReceiveData  stm32f10x_usart.o
    0x08004e9a   0x00000008   Code   RO         3832    i.USART_SendData    stm32f10x_usart.o
    0x08004ea2   0x00000002   PAD
    0x08004ea4   0x00000024   Code   RO          403    i.USB_Cable_Config  hw_config.o
    0x08004ec8   0x0000003c   Code   RO           80    i.USB_Ctrl          main.o
    0x08004f04   0x0000002c   Code   RO          405    i.USB_Disconnect_Config  hw_config.o
    0x08004f30   0x00000008   Code   RO           10    i.USB_HP_CAN1_TX_IRQHandler  stm32f10x_it.o
    0x08004f38   0x0000003c   Code   RO         1066    i.USB_Init          usb_init.o
    0x08004f74   0x0000003c   Code   RO          406    i.USB_Interrupts_Config  hw_config.o
    0x08004fb0   0x00000068   Code   RO          663    i.USB_Istr          usb_istr.o
    0x08005018   0x00000008   Code   RO           11    i.USB_LP_CAN1_RX0_IRQHandler  stm32f10x_it.o
    0x08005020   0x0000000e   Code   RO          407    i.USB_NotConfigured_LED  hw_config.o
    0x0800502e   0x00000002   PAD
    0x08005030   0x0000002c   Code   RO         1497    i.USB_SIL_Init      usb_sil.o
    0x0800505c   0x0000002e   Code   RO         1498    i.USB_SIL_Read      usb_sil.o
    0x0800508a   0x0000002e   Code   RO         1499    i.USB_SIL_Write     usb_sil.o
    0x080050b8   0x000000d2   Code   RO         4596    i.UTCTime2LocalTime  datetime.o
    0x0800518a   0x00000004   Code   RO           12    i.UsageFault_Handler  stm32f10x_it.o
    0x0800518e   0x00000002   PAD
    0x08005190   0x00000038   Code   RO         1120    i.UserToPMABufferCopy  usb_mem.o
    0x080051c8   0x00000060   Code   RO         4227    i.VTG_Parse         gps_receive_task.o
    0x08005228   0x00000016   Code   RO         4386    i.Wait10Ms          systick.o
    0x0800523e   0x00000002   PAD
    0x08005240   0x00000014   Code   RO         4751    i.WinSocketClrState  sim800.o
    0x08005254   0x0000000c   Code   RO         4752    i.WinSocketGetState  sim800.o
    0x08005260   0x00000070   Code   RO         4753    i.WinSocketInit     sim800.o
    0x080052d0   0x00000064   Code   RO         4754    i.WinSocketSend     sim800.o
    0x08005334   0x00000130   Code   RO          538    i.Write_Memory      memory.o
    0x08005464   0x00000038   Code   RO         4228    i.ZDA_Parse         gps_receive_task.o
    0x0800549c   0x00000020   Code   RO         5371    i.__0printf         mc_w.l(printfa.o)
    0x080054bc   0x00000028   Code   RO         5373    i.__0sprintf        mc_w.l(printfa.o)
    0x080054e4   0x0000000c   Code   RO         5444    i.__read_errno      mc_w.l(errno.o)
    0x080054f0   0x0000000c   Code   RO         5445    i.__set_errno       mc_w.l(errno.o)
    0x080054fc   0x00000154   Code   RO         5378    i._fp_digits        mc_w.l(printfa.o)
    0x08005650   0x000006d4   Code   RO         5379    i._printf_core      mc_w.l(printfa.o)
    0x08005d24   0x00000026   Code   RO         5380    i._printf_post_padding  mc_w.l(printfa.o)
    0x08005d4a   0x0000002e   Code   RO         5381    i._printf_pre_padding  mc_w.l(printfa.o)
    0x08005d78   0x0000000a   Code   RO         5383    i._sputc            mc_w.l(printfa.o)
    0x08005d82   0x00000016   Code   RO         4755    i.atcmd_ack_is      sim800.o
    0x08005d98   0x0000006c   Code   RO         4756    i.atcmd_get_ack_section  sim800.o
    0x08005e04   0x00000024   Code   RO         4757    i.atcmd_wait_respond  sim800.o
    0x08005e28   0x0000002a   Code   RO         5116    i.atof              m_ws.l(atof.o)
    0x08005e52   0x00000002   PAD
    0x08005e54   0x00000238   Code   RO         1575    i.auto_mount        ff.o
    0x0800608c   0x000000c0   Code   RO         4440    i.beep_task         system.o
    0x0800614c   0x00000084   Code   RO         4441    i.beep_taskctrl     system.o
    0x080061d0   0x00000018   Code   RO         4442    i.beep_taskinit     system.o
    0x080061e8   0x0000005c   Code   RO          295    i.cfg_get_line      sys_cfg.o
    0x08006244   0x00000050   Code   RO          296    i.cfg_get_segment   sys_cfg.o
    0x08006294   0x000000ac   Code   RO          297    i.check_flash_cfg   sys_cfg.o
    0x08006340   0x00000070   Code   RO         1576    i.check_fs          ff.o
    0x080063b0   0x000000ac   Code   RO         4758    i.check_ipnet_status  sim800.o
    0x0800645c   0x0000013c   Code   RO          298    i.check_itarcker_cfg  sys_cfg.o
    0x08006598   0x00000038   Code   RO         4759    i.check_sim_card    sim800.o
    0x080065d0   0x00000018   Code   RO         1577    i.chk_chr           ff.o
    0x080065e8   0x0000001a   Code   RO         1578    i.clust2sect        ff.o
    0x08006602   0x00000002   PAD
    0x08006604   0x00000114   Code   RO          299    i.cpy_cfg_to_flash  sys_cfg.o
    0x08006718   0x000000b6   Code   RO         1579    i.create_chain      ff.o
    0x080067ce   0x00000002   PAD
    0x080067d0   0x00000148   Code   RO         1580    i.create_name       ff.o
    0x08006918   0x00000010   Code   RO         4387    i.delay_nus         systick.o
    0x08006928   0x00000076   Code   RO         1581    i.dir_find          ff.o
    0x0800699e   0x0000013e   Code   RO         1582    i.dir_next          ff.o
    0x08006adc   0x00000078   Code   RO         1584    i.dir_register      ff.o
    0x08006b54   0x000000ca   Code   RO         1586    i.dir_seek          ff.o
    0x08006c1e   0x00000002   PAD
    0x08006c20   0x00000028   Code   RO         1587    i.disc_mount        ff.o
    0x08006c48   0x0000004c   Code   RO         1521    i.disk_initialize   diskio.o
    0x08006c94   0x00000068   Code   RO         1522    i.disk_ioctl        diskio.o
    0x08006cfc   0x00000054   Code   RO         1523    i.disk_read         diskio.o
    0x08006d50   0x00000014   Code   RO         1524    i.disk_status       diskio.o
    0x08006d64   0x00000054   Code   RO         1525    i.disk_write        diskio.o
    0x08006db8   0x00000016   Code   RO         1589    i.f_close           ff.o
    0x08006dce   0x000000e8   Code   RO         1591    i.f_getfree         ff.o
    0x08006eb6   0x00000002   PAD
    0x08006eb8   0x0000002c   Code   RO         1595    i.f_mount           ff.o
    0x08006ee4   0x00000140   Code   RO         1596    i.f_open            ff.o
    0x08007024   0x000001be   Code   RO         1598    i.f_printf          ff.o
    0x080071e2   0x0000002a   Code   RO         1599    i.f_putc            ff.o
    0x0800720c   0x0000002a   Code   RO         1600    i.f_puts            ff.o
    0x08007236   0x000001d6   Code   RO         1601    i.f_read            ff.o
    0x0800740c   0x0000003a   Code   RO         1604    i.f_stat            ff.o
    0x08007446   0x0000008c   Code   RO         1605    i.f_sync            ff.o
    0x080074d2   0x00000210   Code   RO         1609    i.f_write           ff.o
    0x080076e2   0x00000098   Code   RO         1610    i.follow_path       ff.o
    0x0800777a   0x00000002   PAD
    0x0800777c   0x00000024   Code   RO         1851    i.fputc             uart1.o
    0x080077a0   0x0000001c   Code   RO         4970    i.gSensor_taskinit  gsensor.o
    0x080077bc   0x0000005c   Code   RO         4760    i.get_CSQ           sim800.o
    0x08007818   0x00000134   Code   RO         4761    i.get_cipstatus     sim800.o
    0x0800794c   0x00000100   Code   RO         1611    i.get_cluster       ff.o
    0x08007a4c   0x0000003c   Code   RO         1526    i.get_fattime       diskio.o
    0x08007a88   0x00000098   Code   RO         1612    i.get_fileinfo      ff.o
    0x08007b20   0x0000006c   Code   RO         4762    i.get_gprs_status   sim800.o
    0x08007b8c   0x00000008   Code   RO         4971    i.get_gsensor_state  gsensor.o
    0x08007b94   0x0000006c   Code   RO         4763    i.get_gsm_status    sim800.o
    0x08007c00   0x0000007c   Code   RO         4633    i.get_spiflash_info  w25xx.o
    0x08007c7c   0x000005a0   Code   RO         4764    i.gprs_task         sim800.o
    0x0800821c   0x000000cc   Code   RO         4765    i.gprs_taskctrl     sim800.o
    0x080082e8   0x00000020   Code   RO         4766    i.gprs_taskinit     sim800.o
    0x08008308   0x0000000c   Code   RO         1891    i.gps_comm_clr      uart2.o
    0x08008314   0x0000003c   Code   RO         1892    i.gps_comm_get_len  uart2.o
    0x08008350   0x00000028   Code   RO         1893    i.gps_comm_read     uart2.o
    0x08008378   0x00000028   Code   RO         4229    i.gps_info_init     gps_receive_task.o
    0x080083a0   0x00000064   Code   RO         4230    i.gps_parse_proc    gps_receive_task.o
    0x08008404   0x00000378   Code   RO         4231    i.gps_task          gps_receive_task.o
    0x0800877c   0x00000018   Code   RO         4232    i.gps_taskctrl      gps_receive_task.o
    0x08008794   0x00000020   Code   RO         4233    i.gps_taskinit      gps_receive_task.o
    0x080087b4   0x0000010c   Code   RO         4917    i.gpspos_to_yeelinktype  yeelink.o
    0x080088c0   0x000000ac   Code   RO         4686    i.gpx_creat_fl      gpx_record_task.o
    0x0800896c   0x00000140   Code   RO         4688    i.gpx_record_task   gpx_record_task.o
    0x08008aac   0x0000002c   Code   RO         4689    i.gpx_record_taskctrl  gpx_record_task.o
    0x08008ad8   0x00000014   Code   RO         4690    i.gpx_record_taskinit  gpx_record_task.o
    0x08008aec   0x0000007c   Code   RO         4691    i.gpx_wr_fl_end     gpx_record_task.o
    0x08008b68   0x00000024   Code   RO         4692    i.gpx_wr_fl_header  gpx_record_task.o
    0x08008b8c   0x00000040   Code   RO         4693    i.gpx_wr_fl_trkpt   gpx_record_task.o
    0x08008bcc   0x00000080   Code   RO         4972    i.gsensor_task      gsensor.o
    0x08008c4c   0x00000108   Code   RO         4443    i.hw_io_ctrl        system.o
    0x08008d54   0x00000124   Code   RO         4444    i.hw_io_init        system.o
    0x08008e78   0x00000020   Code   RO         4918    i.iPos_clr          yeelink.o
    0x08008e98   0x00000024   Code   RO         4919    i.iPos_get_num      yeelink.o
    0x08008ebc   0x00000098   Code   RO         4334    i.iTrack_task       let_us_go.o
    0x08008f54   0x00000030   Code   RO         4335    i.iTrack_taskctrl   let_us_go.o
    0x08008f84   0x0000000c   Code   RO         4336    i.iTrack_taskinit   let_us_go.o
    0x08008f90   0x0000002a   Code   RO         4554    i.ischar            my_string.o
    0x08008fba   0x00000012   Code   RO         4555    i.isdec             my_string.o
    0x08008fcc   0x0000002e   Code   RO         4556    i.isdecstring       my_string.o
    0x08008ffa   0x00000002   PAD
    0x08008ffc   0x00000260   Code   RO         4445    i.led_task          system.o
    0x0800925c   0x000000fc   Code   RO         4446    i.led_taskctrl      system.o
    0x08009358   0x0000001c   Code   RO         4447    i.led_taskinit      system.o
    0x08009374   0x0000046c   Code   RO          300    i.load_sys_config   sys_cfg.o
    0x080097e0   0x0000028c   Code   RO           81    i.main              main.o
    0x08009a6c   0x00000026   Code   RO         1613    i.mem_cmp           ff.o
    0x08009a92   0x0000001a   Code   RO         1614    i.mem_cpy           ff.o
    0x08009aac   0x00000016   Code   RO         1615    i.mem_set           ff.o
    0x08009ac2   0x00000002   PAD
    0x08009ac4   0x00000140   Code   RO         4767    i.modem_poweroff_flow  sim800.o
    0x08009c04   0x000003f8   Code   RO         4768    i.modem_poweron_flow  sim800.o
    0x08009ffc   0x00000198   Code   RO         4337    i.motion_analysis_by_gps  let_us_go.o
    0x0800a194   0x0000006c   Code   RO         1616    i.move_window       ff.o
    0x0800a200   0x00000060   Code   RO         4448    i.myPWR_EnterSleepMode  system.o
    0x0800a260   0x000000b6   Code   RO         4234    i.nmea_get_frame    gps_receive_task.o
    0x0800a316   0x00000002   PAD
    0x0800a318   0x0000013c   Code   RO         4235    i.nmea_get_info     gps_receive_task.o
    0x0800a454   0x00000034   Code   RO         4236    i.nmea_get_section  gps_receive_task.o
    0x0800a488   0x00000134   Code   RO         4338    i.now_position_to_xml  let_us_go.o
    0x0800a5bc   0x00000048   Code   RO         4769    i.printf_strbf      sim800.o
    0x0800a604   0x00000140   Code   RO         1617    i.put_cluster       ff.o
    0x0800a744   0x00000026   Code   RO         4339    i.remember_now_gps_pos  let_us_go.o
    0x0800a76a   0x00000068   Code   RO         1618    i.remove_chain      ff.o
    0x0800a7d2   0x00000002   PAD
    0x0800a7d4   0x00000094   Code   RO         4770    i.send_atcmd        sim800.o
    0x0800a868   0x00000068   Code   RO         4973    i.set_gsensor_ctrl  gsensor.o
    0x0800a8d0   0x000000ac   Code   RO         4771    i.socket_open       sim800.o
    0x0800a97c   0x000000ac   Code   RO         4772    i.socket_query      sim800.o
    0x0800aa28   0x00000080   Code   RO         4773    i.socket_send       sim800.o
    0x0800aaa8   0x000000c8   Code   RO         4634    i.spi_port_init     w25xx.o
    0x0800ab70   0x00000038   Code   RO         4635    i.spi_readwrite     w25xx.o
    0x0800aba8   0x0000007c   Code   RO         1619    i.sync              ff.o
    0x0800ac24   0x00000048   Code   RO         4597    i.sys_time          datetime.o
    0x0800ac6c   0x00000034   Code   RO         4449    i.syscfg_init       system.o
    0x0800aca0   0x00000408   Code   RO         4450    i.system_task       system.o
    0x0800b0a8   0x000001f0   Code   RO         4451    i.system_taskctrl   system.o
    0x0800b298   0x00000030   Code   RO         4452    i.system_taskinit   system.o
    0x0800b2c8   0x00000058   Code   RO         4774    i.test_modem        sim800.o
    0x0800b320   0x00000074   Code   RO         4598    i.tm2str            datetime.o
    0x0800b394   0x0000002c   Code   RO         1952    i.uart3_clr         uart3.o
    0x0800b3c0   0x00000024   Code   RO         1954    i.uart3_fputc       uart3.o
    0x0800b3e4   0x0000003c   Code   RO         1955    i.uart3_get_reclen  uart3.o
    0x0800b420   0x00000038   Code   RO         1957    i.uart3_printf      uart3.o
    0x0800b458   0x00000030   Code   RO         1959    i.uart3_sendbf      uart3.o
    0x0800b488   0x0000002a   Code   RO         1620    i.validate          ff.o
    0x0800b4b2   0x00000002   PAD
    0x0800b4b4   0x0000000c   Code   RO         4636    i.w25xx_get_device_id  w25xx.o
    0x0800b4c0   0x000000d0   Code   RO         4637    i.w25xx_init        w25xx.o
    0x0800b590   0x0000011c   Code   RO         4638    i.w25xx_page_write  w25xx.o
    0x0800b6ac   0x0000006c   Code   RO         4639    i.w25xx_read        w25xx.o
    0x0800b718   0x00000074   Code   RO         4640    i.w25xx_read_status  w25xx.o
    0x0800b78c   0x00000020   Code   RO         4920    i.yeelink_http_init  yeelink.o
    0x0800b7ac   0x00000244   Code   RO         4921    i.yeelink_task      yeelink.o
    0x0800b9f0   0x0000002c   Code   RO         4922    i.yeelink_taskinit  yeelink.o
    0x0800ba1c   0x000000c8   Data   RO           82    .constdata          main.o
    0x0800bae4   0x000000ae   Data   RO          629    .constdata          usb_desc.o
    0x0800bb92   0x000001a9   Data   RO         4695    .constdata          gpx_record_task.o
    0x0800bd3b   0x00000040   Data   RO         5468    .constdata          mc_w.l(ctype_c.o)
    0x0800bd7b   0x00000001   PAD
    0x0800bd7c   0x00000000   Data   RO         5472    Region$$Table       anon$$obj.o


    Execution Region RW_IRAM1 (Base: 0x20000000, Size: 0x000045d8, Max: 0x00005000, ABSOLUTE)

    Base Addr    Size         Type   Attr      Idx    E Section Name        Object

    0x20000000   0x00000001   Data   RW           83    .data               main.o
    0x20000001   0x00000003   PAD
    0x20000004   0x00000010   Data   RW          301    .data               sys_cfg.o
    0x20000014   0x00000014   Data   RW          363    .data               system_stm32f10x.o
    0x20000028   0x00000024   Data   RW          540    .data               memory.o
    0x2000004c   0x0000007e   Data   RW          570    .data               scsi_data.o
    0x200000ca   0x00000002   PAD
    0x200000cc   0x0000000c   Data   RW          589    .data               usb_bot.o
    0x200000d8   0x0000001a   Data   RW          630    .data               usb_desc.o
    0x200000f2   0x00000002   PAD
    0x200000f4   0x0000003e   Data   RW          664    .data               usb_istr.o
    0x20000132   0x00000002   PAD
    0x20000134   0x00000094   Data   RW          696    .data               usb_prop.o
    0x200001c8   0x00000007   Data   RW          792    .data               usb_pwr.o
    0x200001cf   0x00000001   PAD
    0x200001d0   0x00000004   Data   RW          966    .data               usb_core.o
    0x200001d4   0x00000014   Data   RW         1068    .data               usb_init.o
    0x200001e8   0x00000004   Data   RW         1091    .data               usb_int.o
    0x200001ec   0x00000018   Data   RW         1527    .data               diskio.o
    0x20000204   0x0000000a   Data   RW         1622    .data               ff.o
    0x2000020e   0x00000002   PAD
    0x20000210   0x0000000c   Data   RW         1852    .data               uart1.o
    0x2000021c   0x00000014   Data   RW         1897    .data               uart2.o
    0x20000230   0x00000012   Data   RW         1963    .data               uart3.o
    0x20000242   0x00000014   Data   RW         2765    .data               stm32f10x_rcc.o
    0x20000256   0x00000002   PAD
    0x20000258   0x0000000c   Data   RW         4238    .data               gps_receive_task.o
    0x20000264   0x00000005   Data   RW         4341    .data               let_us_go.o
    0x20000269   0x00000003   PAD
    0x2000026c   0x00000008   Data   RW         4388    .data               systick.o
    0x20000274   0x00000038   Data   RW         4454    .data               system.o
    0x200002ac   0x00000004   Data   RW         4641    .data               w25xx.o
    0x200002b0   0x00000004   Data   RW         4696    .data               gpx_record_task.o
    0x200002b4   0x00000020   Data   RW         4777    .data               sim800.o
    0x200002d4   0x00000004   Data   RW         4924    .data               yeelink.o
    0x200002d8   0x00000018   Data   RW         4975    .data               gsensor.o
    0x200002f0   0x00000004   Data   RW         5432    .data               mc_w.l(stdout.o)
    0x200002f4   0x00000004   Data   RW         5446    .data               mc_w.l(errno.o)
    0x200002f8   0x00000024   Zero   RW          508    .bss                mass_mal.o
    0x2000031c   0x00001000   Zero   RW          539    .bss                memory.o
    0x2000131c   0x00000070   Zero   RW          588    .bss                usb_bot.o
    0x2000138c   0x0000001c   Zero   RW         1067    .bss                usb_init.o
    0x200013a8   0x00000038   Zero   RW         1621    .bss                ff.o
    0x200013e0   0x000001f5   Zero   RW         1896    .bss                uart2.o
    0x200015d5   0x00000191   Zero   RW         1962    .bss                uart3.o
    0x20001766   0x00000002   PAD
    0x20001768   0x0000038e   Zero   RW         4237    .bss                gps_receive_task.o
    0x20001af6   0x00000002   PAD
    0x20001af8   0x00000128   Zero   RW         4340    .bss                let_us_go.o
    0x20001c20   0x00000048   Zero   RW         4453    .bss                system.o
    0x20001c68   0x00000044   Zero   RW         4600    .bss                datetime.o
    0x20001cac   0x00001024   Zero   RW         4694    .bss                gpx_record_task.o
    0x20002cd0   0x00000084   Zero   RW         4775    .bss                sim800.o
    0x20002d54   0x00000004   PAD
    0x20002d58   0x0000065b   Zero   RW         4923    .bss                yeelink.o
    0x200033b3   0x00000001   PAD
    0x200033b4   0x00000020   Zero   RW         4974    .bss                gsensor.o
    0x200033d4   0x00000004   PAD
    0x200033d8   0x00001200   Zero   RW         4213    STACK               startup_stm32f10x_hd.o

