ARM Linker, 4.1 [Build 567] [Professional]

==============================================================================

Section Cross References

    stm32f10x_it.o(i.HardFault_Handler) refers to main.o(i.SoftReset) for SoftReset
    stm32f10x_it.o(i.SysTick_Handler) refers to systick.o(i.SysTick_HandlerService) for SysTick_HandlerService
    stm32f10x_it.o(i.USB_HP_CAN1_TX_IRQHandler) refers to usb_int.o(i.CTR_HP) for CTR_HP
    stm32f10x_it.o(i.USB_LP_CAN1_RX0_IRQHandler) refers to usb_istr.o(i.USB_Istr) for USB_Istr
    main.o(i.IWDG_Configuration) refers to stm32f10x_iwdg.o(i.IWDG_WriteAccessCmd) for IWDG_WriteAccessCmd
    main.o(i.IWDG_Configuration) refers to stm32f10x_iwdg.o(i.IWDG_SetPrescaler) for IWDG_SetPrescaler
    main.o(i.IWDG_Configuration) refers to stm32f10x_iwdg.o(i.IWDG_SetReload) for IWDG_SetReload
    main.o(i.IWDG_Configuration) refers to stm32f10x_iwdg.o(i.IWDG_ReloadCounter) for IWDG_ReloadCounter
    main.o(i.IWDG_Configuration) refers to stm32f10x_iwdg.o(i.IWDG_Enable) for IWDG_Enable
    main.o(i.USB_Ctrl) refers to hw_config.o(i.Set_USBClock) for Set_USBClock
    main.o(i.USB_Ctrl) refers to hw_config.o(i.USB_Interrupts_Config) for USB_Interrupts_Config
    main.o(i.USB_Ctrl) refers to usb_init.o(i.USB_Init) for USB_Init
    main.o(i.USB_Ctrl) refers to hw_config.o(i.USB_Disconnect_Config) for USB_Disconnect_Config
    main.o(i.USB_Ctrl) refers to hw_config.o(i.MAL_Config) for MAL_Config
    main.o(i.USB_Ctrl) refers to stm32f10x_rcc.o(i.RCC_APB1PeriphClockCmd) for RCC_APB1PeriphClockCmd
    main.o(i.USB_Ctrl) refers to hw_config.o(i.USB_NotConfigured_LED) for USB_NotConfigured_LED
    main.o(i.USB_Ctrl) refers to main.o(.data) for usb_device_onoff
    main.o(i.main) refers to system_stm32f10x.o(i.SystemInit) for SystemInit
    main.o(i.main) refers to misc.o(i.NVIC_PriorityGroupConfig) for NVIC_PriorityGroupConfig
    main.o(i.main) refers to systick.o(i.SysTick_Init) for SysTick_Init
    main.o(i.main) refers to system.o(i.hw_io_init) for hw_io_init
    main.o(i.main) refers to uart1.o(i.UART1_Configuration) for UART1_Configuration
    main.o(i.main) refers to uart2.o(i.UART2_Configuration) for UART2_Configuration
    main.o(i.main) refers to uart3.o(i.UART3_Configuration) for UART3_Configuration
    main.o(i.main) refers to printfa.o(i.__0printf) for __2printf
    main.o(i.main) refers to system.o(i.led_taskinit) for led_taskinit
    main.o(i.main) refers to system.o(i.ADC_taskinit) for ADC_taskinit
    main.o(i.main) refers to system.o(i.ADC_task) for ADC_task
    main.o(i.main) refers to f2d.o(.text) for __aeabi_f2d
    main.o(i.main) refers to cdrcmple.o(.text) for __aeabi_cdrcmple
    main.o(i.main) refers to system.o(i.hw_io_ctrl) for hw_io_ctrl
    main.o(i.main) refers to main.o(i.USB_Ctrl) for USB_Ctrl
    main.o(i.main) refers to system.o(i.led_taskctrl) for led_taskctrl
    main.o(i.main) refers to main.o(i.SoftReset) for SoftReset
    main.o(i.main) refers to w25xx.o(i.w25xx_init) for w25xx_init
    main.o(i.main) refers to gsensor.o(i.MBA220init) for MBA220init
    main.o(i.main) refers to ff.o(i.disc_mount) for disc_mount
    main.o(i.main) refers to sys_cfg.o(i.check_itarcker_cfg) for check_itarcker_cfg
    main.o(i.main) refers to sys_cfg.o(i.load_sys_config) for load_sys_config
    main.o(i.main) refers to gps_receive_task.o(i.gps_taskinit) for gps_taskinit
    main.o(i.main) refers to gpx_record_task.o(.text) for gpx_record_taskinit
    main.o(i.main) refers to let_us_go.o(i.iTrack_taskinit) for iTrack_taskinit
    main.o(i.main) refers to sim800.o(i.gprs_taskinit) for gprs_taskinit
    main.o(i.main) refers to yeelink.o(i.yeelink_taskinit) for yeelink_taskinit
    main.o(i.main) refers to system.o(i.beep_taskinit) for beep_taskinit
    main.o(i.main) refers to gsensor.o(i.gSensor_taskinit) for gSensor_taskinit
    main.o(i.main) refers to system.o(i.system_taskinit) for system_taskinit
    main.o(i.main) refers to main.o(i.IWDG_Configuration) for IWDG_Configuration
    main.o(i.main) refers to stm32f10x_rcc.o(i.RCC_GetFlagStatus) for RCC_GetFlagStatus
    main.o(i.main) refers to stm32f10x_rcc.o(i.RCC_ClearFlag) for RCC_ClearFlag
    main.o(i.main) refers to system.o(i.beep_taskctrl) for beep_taskctrl
    main.o(i.main) refers to stm32f10x_iwdg.o(i.IWDG_ReloadCounter) for IWDG_ReloadCounter
    main.o(i.main) refers to gps_receive_task.o(i.gps_task) for gps_task
    main.o(i.main) refers to system.o(i.system_task) for system_task
    main.o(i.main) refers to let_us_go.o(i.iTrack_task) for iTrack_task
    main.o(i.main) refers to sim800.o(i.gprs_task) for gprs_task
    main.o(i.main) refers to yeelink.o(i.yeelink_task) for yeelink_task
    main.o(i.main) refers to main.o(.constdata) for version_msg
    main.o(i.main) refers to system.o(.data) for g_BatteryVoltage
    main.o(i.main) refers to main.o(.data) for usb_device_onoff
    main.o(i.main) refers to system.o(.bss) for g_System
    sys_cfg.o(i.cfg_get_line) refers to sys_cfg.o(.data) for cfg_rd_p
[...]
    Mass_Storage_Out                         0x08003cc1   Thumb Code   118  usb_bot.o(i.Mass_Storage_Out)
    Mass_Storage_SetConfiguration            0x08003d51   Thumb Code    36  usb_prop.o(i.Mass_Storage_SetConfiguration)
    Mass_Storage_SetDeviceAddress            0x08003d81   Thumb Code     8  usb_prop.o(i.Mass_Storage_SetDeviceAddress)
    MemManage_Handler                        0x08003d8d   Thumb Code     4  stm32f10x_it.o(i.MemManage_Handler)
    NMI_Handler                              0x08003d91   Thumb Code     2  stm32f10x_it.o(i.NMI_Handler)
    NOP_Process                              0x08003d93   Thumb Code     2  usb_core.o(i.NOP_Process)
    NVIC_Configuration                       0x08003d95   Thumb Code    34  gsensor.o(i.NVIC_Configuration)
    NVIC_Init                                0x08003db9   Thumb Code   118  misc.o(i.NVIC_Init)
    NVIC_PriorityGroupConfig                 0x08003e3d   Thumb Code    10  misc.o(i.NVIC_PriorityGroupConfig)
    Out0_Process                             0x08003f95   Thumb Code    70  usb_core.o(i.Out0_Process)
    PMAToUserBufferCopy                      0x08003fe5   Thumb Code    32  usb_mem.o(i.PMAToUserBufferCopy)
    PWR_EnterSTOPMode                        0x08004009   Thumb Code    62  stm32f10x_pwr.o(i.PWR_EnterSTOPMode)
    PendSV_Handler                           0x08004051   Thumb Code     2  stm32f10x_it.o(i.PendSV_Handler)
    Post0_Process                            0x08004055   Thumb Code    56  usb_core.o(i.Post0_Process)
    PowerOn                                  0x0800409d   Thumb Code    64  usb_pwr.o(i.PowerOn)
    RCC_APB1PeriphClockCmd                   0x080040ed   Thumb Code    26  stm32f10x_rcc.o(i.RCC_APB1PeriphClockCmd)
    RCC_APB1PeriphResetCmd                   0x0800410d   Thumb Code    26  stm32f10x_rcc.o(i.RCC_APB1PeriphResetCmd)
    RCC_APB2PeriphClockCmd                   0x0800412d   Thumb Code    26  stm32f10x_rcc.o(i.RCC_APB2PeriphClockCmd)
    RCC_APB2PeriphResetCmd                   0x0800414d   Thumb Code    26  stm32f10x_rcc.o(i.RCC_APB2PeriphResetCmd)
    RCC_ClearFlag                            0x0800416d   Thumb Code    14  stm32f10x_rcc.o(i.RCC_ClearFlag)
    RCC_GetClocksFreq                        0x08004181   Thumb Code   192  stm32f10x_rcc.o(i.RCC_GetClocksFreq)
    RCC_GetFlagStatus                        0x08004255   Thumb Code    56  stm32f10x_rcc.o(i.RCC_GetFlagStatus)
    RCC_USBCLKConfig                         0x08004291   Thumb Code     6  stm32f10x_rcc.o(i.RCC_USBCLKConfig)
    RMC_Parse                                0x0800429d   Thumb Code   654  gps_receive_task.o(i.RMC_Parse)
    Read_Memory                              0x08004539   Thumb Code   232  memory.o(i.Read_Memory)
    SCSI_Address_Management                  0x08004645   Thumb Code   126  usb_scsi.o(i.SCSI_Address_Management)
    SCSI_Format_Cmd                          0x080046d1   Thumb Code    44  usb_scsi.o(i.SCSI_Format_Cmd)
    SCSI_Inquiry_Cmd                         0x08004701   Thumb Code    54  usb_scsi.o(i.SCSI_Inquiry_Cmd)
    SCSI_Invalid_Cmd                         0x08004749   Thumb Code    64  usb_scsi.o(i.SCSI_Invalid_Cmd)
    SCSI_ModeSense10_Cmd                     0x0800478d   Thumb Code    14  usb_scsi.o(i.SCSI_ModeSense10_Cmd)
    SCSI_ModeSense6_Cmd                      0x080047a1   Thumb Code    14  usb_scsi.o(i.SCSI_ModeSense6_Cmd)
    SCSI_Read10_Cmd                          0x080047b5   Thumb Code   110  usb_scsi.o(i.SCSI_Read10_Cmd)
    SCSI_ReadCapacity10_Cmd                  0x0800482d   Thumb Code   138  usb_scsi.o(i.SCSI_ReadCapacity10_Cmd)
    SCSI_ReadFormatCapacity_Cmd              0x080048c9   Thumb Code   120  usb_scsi.o(i.SCSI_ReadFormatCapacity_Cmd)
    SCSI_RequestSense_Cmd                    0x08004951   Thumb Code    30  usb_scsi.o(i.SCSI_RequestSense_Cmd)
    SCSI_Start_Stop_Unit_Cmd                 0x08004979   Thumb Code    14  usb_scsi.o(i.SCSI_Start_Stop_Unit_Cmd)
    SCSI_TestUnitReady_Cmd                   0x08004989   Thumb Code    52  usb_scsi.o(i.SCSI_TestUnitReady_Cmd)
    SCSI_Verify10_Cmd                        0x080049c1   Thumb Code    58  usb_scsi.o(i.SCSI_Verify10_Cmd)
    SCSI_Write10_Cmd                         0x08004a01   Thumb Code   110  usb_scsi.o(i.SCSI_Write10_Cmd)
    SDIO_IRQHandler                          0x08004a79   Thumb Code     2  stm32f10x_it.o(i.SDIO_IRQHandler)
    SPI_CalculateCRC                         0x08004a7b   Thumb Code    24  stm32f10x_spi.o(i.SPI_CalculateCRC)
    SPI_Cmd                                  0x08004a93   Thumb Code    24  stm32f10x_spi.o(i.SPI_Cmd)
    SPI_I2S_DeInit                           0x08004aad   Thumb Code    76  stm32f10x_spi.o(i.SPI_I2S_DeInit)
    SPI_I2S_GetFlagStatus                    0x08004b05   Thumb Code    18  stm32f10x_spi.o(i.SPI_I2S_GetFlagStatus)
    SPI_I2S_ReceiveData                      0x08004b17   Thumb Code     6  stm32f10x_spi.o(i.SPI_I2S_ReceiveData)
    SPI_I2S_SendData                         0x08004b1d   Thumb Code     4  stm32f10x_spi.o(i.SPI_I2S_SendData)
    SPI_Init                                 0x08004b21   Thumb Code    60  stm32f10x_spi.o(i.SPI_Init)
    SVC_Handler                              0x08004b5d   Thumb Code     2  stm32f10x_it.o(i.SVC_Handler)
    SetBTABLE                                0x08004b61   Thumb Code    12  usb_regs.o(i.SetBTABLE)
    SetDeviceAddress                         0x08004b71   Thumb Code    70  usb_core.o(i.SetDeviceAddress)
    SetEPRxAddr                              0x08004bc5   Thumb Code    28  usb_regs.o(i.SetEPRxAddr)
    SetEPRxCount                             0x08004be9   Thumb Code    70  usb_regs.o(i.SetEPRxCount)
    SetEPRxStatus                            0x08004c39   Thumb Code    62  usb_regs.o(i.SetEPRxStatus)
    SetEPRxValid                             0x08004c7d   Thumb Code    48  usb_regs.o(i.SetEPRxValid)
    SetEPTxAddr                              0x08004cb1   Thumb Code    24  usb_regs.o(i.SetEPTxAddr)
    SetEPTxCount                             0x08004cd1   Thumb Code    22  usb_regs.o(i.SetEPTxCount)
    SetEPTxStatus                            0x08004cf1   Thumb Code    62  usb_regs.o(i.SetEPTxStatus)
    SetEPType                                0x08004d35   Thumb Code    32  usb_regs.o(i.SetEPType)
    Set_CSW                                  0x08004e29   Thumb Code    46  usb_bot.o(i.Set_CSW)
    Set_Scsi_Sense_Data                      0x08004e65   Thumb Code     8  usb_scsi.o(i.Set_Scsi_Sense_Data)
    Set_USBClock                             0x08004e71   Thumb Code    18  hw_config.o(i.Set_USBClock)
    Setup0_Process                           0x08004e85   Thumb Code   172  usb_core.o(i.Setup0_Process)
    SoftReset                                0x08004f3d   Thumb Code    50  main.o(i.SoftReset)
    Standard_ClearFeature                    0x08004f79   Thumb Code   346  usb_core.o(i.Standard_ClearFeature)
    Standard_GetConfiguration                0x080050e9   Thumb Code    34  usb_core.o(i.Standard_GetConfiguration)
    Standard_GetDescriptorData               0x08005115   Thumb Code    32  usb_core.o(i.Standard_GetDescriptorData)
    Standard_GetInterface                    0x08005139   Thumb Code    34  usb_core.o(i.Standard_GetInterface)
    Standard_GetStatus                       0x08005165   Thumb Code   238  usb_core.o(i.Standard_GetStatus)
    Standard_SetConfiguration                0x08005265   Thumb Code    60  usb_core.o(i.Standard_SetConfiguration)
    Standard_SetDeviceFeature                0x080052ad   Thumb Code    30  usb_core.o(i.Standard_SetDeviceFeature)
    Standard_SetEndPointFeature              0x080052d5   Thumb Code   196  usb_core.o(i.Standard_SetEndPointFeature)
    Standard_SetInterface                    0x080053a9   Thumb Code    96  usb_core.o(i.Standard_SetInterface)
    SysTick_Ctrl                             0x08005415   Thumb Code    42  systick.o(i.SysTick_Ctrl)
    SysTick_Handler                          0x0800543f   Thumb Code     8  stm32f10x_it.o(i.SysTick_Handler)
    SysTick_HandlerService                   0x08005449   Thumb Code    52  systick.o(i.SysTick_HandlerService)
    SysTick_Init                             0x08005481   Thumb Code    86  systick.o(i.SysTick_Init)
    SystemInit                               0x080054e9   Thumb Code    78  system_stm32f10x.o(i.SystemInit)
    Transfer_Data_Request                    0x08005549   Thumb Code    46  usb_bot.o(i.Transfer_Data_Request)
    UART1_Configuration                      0x08005581   Thumb Code   186  uart1.o(i.UART1_Configuration)
    UART2_Configuration                      0x0800564d   Thumb Code   186  uart2.o(i.UART2_Configuration)
    UART3_Configuration                      0x08005715   Thumb Code   192  uart3.o(i.UART3_Configuration)
    USART1_IRQHandler                        0x080057dd   Thumb Code   110  uart1.o(i.USART1_IRQHandler)
    USART2_IRQHandler                        0x08005881   Thumb Code   164  uart2.o(i.USART2_IRQHandler)
    USART2_Interrupts_Config                 0x0800593d   Thumb Code    34  uart2.o(i.USART2_Interrupts_Config)
    USART3_IRQHandler                        0x08005961   Thumb Code   156  uart3.o(i.USART3_IRQHandler)
    USART3_Interrupts_Config                 0x08005a19   Thumb Code    32  uart3.o(i.USART3_Interrupts_Config)
    USART_ClearFlag                          0x08005a39   Thumb Code    18  stm32f10x_usart.o(i.USART_ClearFlag)
    USART_ClockInit                          0x08005a4b   Thumb Code    34  stm32f10x_usart.o(i.USART_ClockInit)
    USART_Cmd                                0x08005a6d   Thumb Code    24  stm32f10x_usart.o(i.USART_Cmd)
    USART_GetFlagStatus                      0x08005a85   Thumb Code    26  stm32f10x_usart.o(i.USART_GetFlagStatus)
    USART_GetITStatus                        0x08005a9f   Thumb Code    84  stm32f10x_usart.o(i.USART_GetITStatus)
    USART_ITConfig                           0x08005af3   Thumb Code    74  stm32f10x_usart.o(i.USART_ITConfig)
    USART_Init                               0x08005b3d   Thumb Code   210  stm32f10x_usart.o(i.USART_Init)
    USART_ReceiveData                        0x08005c15   Thumb Code    10  stm32f10x_usart.o(i.USART_ReceiveData)
    USART_SendData                           0x08005c1f   Thumb Code     8  stm32f10x_usart.o(i.USART_SendData)
    USB_Cable_Config                         0x08005c29   Thumb Code    30  hw_config.o(i.USB_Cable_Config)
    USB_Ctrl                                 0x08005c4d   Thumb Code    56  main.o(i.USB_Ctrl)
    USB_Disconnect_Config                    0x08005c89   Thumb Code    40  hw_config.o(i.USB_Disconnect_Config)
    USB_HP_CAN1_TX_IRQHandler                0x08005cb5   Thumb Code     8  stm32f10x_it.o(i.USB_HP_CAN1_TX_IRQHandler)
    USB_Init                                 0x08005cbd   Thumb Code    36  usb_init.o(i.USB_Init)
    USB_Interrupts_Config                    0x08005cf9   Thumb Code    60  hw_config.o(i.USB_Interrupts_Config)
    USB_Istr                                 0x08005d35   Thumb Code    82  usb_istr.o(i.USB_Istr)
    USB_LP_CAN1_RX0_IRQHandler               0x08005d9d   Thumb Code     8  stm32f10x_it.o(i.USB_LP_CAN1_RX0_IRQHandler)
    USB_NotConfigured_LED                    0x08005da5   Thumb Code    14  hw_config.o(i.USB_NotConfigured_LED)
    USB_SIL_Init                             0x08005db5   Thumb Code    30  usb_sil.o(i.USB_SIL_Init)
    USB_SIL_Read                             0x08005de1   Thumb Code    46  usb_sil.o(i.USB_SIL_Read)
    USB_SIL_Write                            0x08005e0f   Thumb Code    46  usb_sil.o(i.USB_SIL_Write)
    UTCTime2LocalTime                        0x08005e3d   Thumb Code   210  datetime.o(i.UTCTime2LocalTime)
    UsageFault_Handler                       0x08005f0f   Thumb Code     4  stm32f10x_it.o(i.UsageFault_Handler)
    UserToPMABufferCopy                      0x08005f15   Thumb Code    52  usb_mem.o(i.UserToPMABufferCopy)
    VTG_Parse                                0x08005f4d   Thumb Code    92  gps_receive_task.o(i.VTG_Parse)
    Wait10Ms                                 0x08005fad   Thumb Code    22  systick.o(i.Wait10Ms)
    WinSocketClrState                        0x08005fc5   Thumb Code    16  sim800.o(i.WinSocketClrState)
    WinSocketGetState                        0x08005fd9   Thumb Code     6  sim800.o(i.WinSocketGetState)
    WinSocketInit                            0x08005fe5   Thumb Code    60  sim800.o(i.WinSocketInit)
    WinSocketSend                            0x08006055   Thumb Code    60  sim800.o(i.WinSocketSend)
    Write_Memory                             0x080060b9   Thumb Code   260  memory.o(i.Write_Memory)
    ZDA_Parse                                0x080061e9   Thumb Code    50  gps_receive_task.o(i.ZDA_Parse)
    __0printf                                0x08006221   Thumb Code    22  printfa.o(i.__0printf)
    __1printf                                0x08006221   Thumb Code     0  printfa.o(i.__0printf)
    __2printf                                0x08006221   Thumb Code     0  printfa.o(i.__0printf)
    __c89printf                              0x08006221   Thumb Code     0  printfa.o(i.__0printf)
    printf                                   0x08006221   Thumb Code     0  printfa.o(i.__0printf)
    __0sprintf                               0x08006241   Thumb Code    34  printfa.o(i.__0sprintf)
    __1sprintf                               0x08006241   Thumb Code     0  printfa.o(i.__0sprintf)
    __2sprintf                               0x08006241   Thumb Code     0  printfa.o(i.__0sprintf)
    __c89sprintf                             0x08006241   Thumb Code     0  printfa.o(i.__0sprintf)
    sprintf                                  0x08006241   Thumb Code     0  printfa.o(i.__0sprintf)
    __ARM_fpclassify                         0x08006269   Thumb Code    40  fpclassify.o(i.__ARM_fpclassify)
    __ieee754_rem_pio2                       0x08006291   Thumb Code   832  rred.o(i.__ieee754_rem_pio2)
    __kernel_cos                             0x08006619   Thumb Code   230  cos_i.o(i.__kernel_cos)
    __kernel_poly                            0x08006715   Thumb Code   170  poly.o(i.__kernel_poly)
    __kernel_sin                             0x080067c1   Thumb Code   226  sin_i.o(i.__kernel_sin)
    __mathlib_dbl_underflow                  0x080068b1   Thumb Code    10  dunder.o(i.__mathlib_dbl_underflow)
    __read_errno                             0x080068c1   Thumb Code     6  errno.o(i.__read_errno)
    __scatterload_copy                       0x080068cd   Thumb Code    14  handlers.o(i.__scatterload_copy)
    __scatterload_null                       0x080068db   Thumb Code     2  handlers.o(i.__scatterload_null)
    __scatterload_zeroinit                   0x080068dd   Thumb Code    14  handlers.o(i.__scatterload_zeroinit)
    __set_errno                              0x080068ed   Thumb Code     6  errno.o(i.__set_errno)
    atcmd_ack_is                             0x0800717f   Thumb Code    22  sim800.o(i.atcmd_ack_is)
    atcmd_get_ack_section                    0x08007195   Thumb Code   104  sim800.o(i.atcmd_get_ack_section)
    atcmd_wait_respond                       0x08007201   Thumb Code    36  sim800.o(i.atcmd_wait_respond)
    atof                                     0x08007225   Thumb Code    42  atof.o(i.atof)
    beep_task                                0x08007489   Thumb Code   174  system.o(i.beep_task)
    beep_taskctrl                            0x08007549   Thumb Code   110  system.o(i.beep_taskctrl)
    beep_taskinit                            0x080075cd   Thumb Code    18  system.o(i.beep_taskinit)
    cfg_get_line                             0x080075e5   Thumb Code    80  sys_cfg.o(i.cfg_get_line)
    cfg_get_segment                          0x08007641   Thumb Code    80  sys_cfg.o(i.cfg_get_segment)
    check_flash_cfg                          0x08007691   Thumb Code   102  sys_cfg.o(i.check_flash_cfg)
    check_ipnet_status                       0x080077ad   Thumb Code   130  sim800.o(i.check_ipnet_status)
    check_itarcker_cfg                       0x08007859   Thumb Code   154  sys_cfg.o(i.check_itarcker_cfg)
    check_sim_card                           0x08007995   Thumb Code    50  sim800.o(i.check_sim_card)
    clust2sect                               0x080079e5   Thumb Code    26  ff.o(i.clust2sect)
    cos                                      0x08007a01   Thumb Code   164  cos.o(i.cos)
    cpy_cfg_to_flash                         0x08007aad   Thumb Code   170  sys_cfg.o(i.cpy_cfg_to_flash)
    delay_nus                                0x08007dc1   Thumb Code    16  systick.o(i.delay_nus)
    disc_mount                               0x080080c9   Thumb Code    28  ff.o(i.disc_mount)
    disk_initialize                          0x080080f1   Thumb Code    54  diskio.o(i.disk_initialize)
    disk_ioctl                               0x0800813d   Thumb Code    86  diskio.o(i.disk_ioctl)
    disk_read                                0x080081a5   Thumb Code    74  diskio.o(i.disk_read)
    disk_status                              0x080081f9   Thumb Code    14  diskio.o(i.disk_status)
    disk_write                               0x0800820d   Thumb Code    74  diskio.o(i.disk_write)
    f_close                                  0x08008261   Thumb Code    22  ff.o(i.f_close)
    f_getfree                                0x08008277   Thumb Code   232  ff.o(i.f_getfree)
    f_mount                                  0x08008361   Thumb Code    38  ff.o(i.f_mount)
    f_open                                   0x0800838d   Thumb Code   320  ff.o(i.f_open)
    f_printf                                 0x080084cd   Thumb Code   446  ff.o(i.f_printf)
    f_putc                                   0x0800868b   Thumb Code    42  ff.o(i.f_putc)
    f_puts                                   0x080086b5   Thumb Code    42  ff.o(i.f_puts)
    f_read                                   0x080086df   Thumb Code   470  ff.o(i.f_read)
    f_stat                                   0x080088b5   Thumb Code    58  ff.o(i.f_stat)
    f_sync                                   0x080088ef   Thumb Code   140  ff.o(i.f_sync)
    f_write                                  0x0800897b   Thumb Code   528  ff.o(i.f_write)
    fputc                                    0x08008c25   Thumb Code    32  uart1.o(i.fputc)
    gSensor_taskinit                         0x08008c49   Thumb Code    22  gsensor.o(i.gSensor_taskinit)
    get_CSQ                                  0x08008c65   Thumb Code    70  sim800.o(i.get_CSQ)
    get_cipstatus                            0x08008cc1   Thumb Code   160  sim800.o(i.get_cipstatus)
    get_fattime                              0x08008ef5   Thumb Code    60  diskio.o(i.get_fattime)
    get_gprs_status                          0x08008fc9   Thumb Code    86  sim800.o(i.get_gprs_status)
    get_gsensor_state                        0x08009035   Thumb Code     4  gsensor.o(i.get_gsensor_state)
    get_gsm_status                           0x0800903d   Thumb Code    88  sim800.o(i.get_gsm_status)
    get_spiflash_info                        0x080090a9   Thumb Code   110  w25xx.o(i.get_spiflash_info)
    gprs_task                                0x08009125   Thumb Code   952  sim800.o(i.gprs_task)
    gprs_taskctrl                            0x080096c5   Thumb Code   148  sim800.o(i.gprs_taskctrl)
    gprs_taskinit                            0x08009791   Thumb Code    28  sim800.o(i.gprs_taskinit)
    gps_comm_clr                             0x080097b1   Thumb Code     8  uart2.o(i.gps_comm_clr)
    gps_comm_get_len                         0x080097bd   Thumb Code    56  uart2.o(i.gps_comm_get_len)
    gps_comm_read                            0x080097f9   Thumb Code    32  uart2.o(i.gps_comm_read)
    gps_info_init                            0x08009821   Thumb Code    30  gps_receive_task.o(i.gps_info_init)
    gps_parse_proc                           0x08009849   Thumb Code    86  gps_receive_task.o(i.gps_parse_proc)
    gps_task                                 0x080098ad   Thumb Code   634  gps_receive_task.o(i.gps_task)
    gps_taskctrl                             0x08009c25   Thumb Code    20  gps_receive_task.o(i.gps_taskctrl)
    gps_taskinit                             0x08009c3d   Thumb Code    26  gps_receive_task.o(i.gps_taskinit)
    gpspos_to_yeelinktype                    0x08009c5d   Thumb Code   124  yeelink.o(i.gpspos_to_yeelinktype)
    gsensor_task                             0x08009d69   Thumb Code   114  gsensor.o(i.gsensor_task)
    hw_io_ctrl                               0x08009de9   Thumb Code   260  system.o(i.hw_io_ctrl)
    hw_io_init                               0x08009ef1   Thumb Code   288  system.o(i.hw_io_init)
    iPos_clr                                 0x0800a015   Thumb Code    26  yeelink.o(i.iPos_clr)
    iPos_get_num                             0x0800a035   Thumb Code    30  yeelink.o(i.iPos_get_num)
    iTrack_task                              0x0800a059   Thumb Code   126  let_us_go.o(i.iTrack_task)
    iTrack_taskctrl                          0x0800a0e9   Thumb Code    38  let_us_go.o(i.iTrack_taskctrl)
    iTrack_taskinit                          0x0800a119   Thumb Code     8  let_us_go.o(i.iTrack_taskinit)
    ischar                                   0x0800a125   Thumb Code    42  my_string.o(i.ischar)
    isdec                                    0x0800a14f   Thumb Code    18  my_string.o(i.isdec)
    isdecstring                              0x0800a161   Thumb Code    46  my_string.o(i.isdecstring)
    led_task                                 0x0800a191   Thumb Code   604  system.o(i.led_task)
    led_taskctrl                             0x0800a3f1   Thumb Code   248  system.o(i.led_taskctrl)
    led_taskinit                             0x0800a4ed   Thumb Code    22  system.o(i.led_taskinit)
    load_sys_config                          0x0800a509   Thumb Code   836  sys_cfg.o(i.load_sys_config)
    main                                     0x0800a9ad   Thumb Code   504  main.o(i.main)
    modem_poweroff_flow                      0x0800acd9   Thumb Code   202  sim800.o(i.modem_poweroff_flow)
    modem_poweron_flow                       0x0800ae19   Thumb Code   658  sim800.o(i.modem_poweron_flow)
    motion_analysis_by_gps                   0x0800b211   Thumb Code   318  let_us_go.o(i.motion_analysis_by_gps)
    nmea_get_frame                           0x0800b475   Thumb Code   182  gps_receive_task.o(i.nmea_get_frame)
    nmea_get_info                            0x0800b52d   Thumb Code   252  gps_receive_task.o(i.nmea_get_info)
    nmea_get_section                         0x0800b669   Thumb Code    52  gps_receive_task.o(i.nmea_get_section)
    now_position_to_xml                      0x0800b69d   Thumb Code   150  let_us_go.o(i.now_position_to_xml)
    pow                                      0x0800b7d1   Thumb Code  2510  pow.o(i.pow)
    printf_strbf                             0x0800c1a9   Thumb Code    38  sim800.o(i.printf_strbf)
    remember_now_gps_pos                     0x0800c331   Thumb Code    38  let_us_go.o(i.remember_now_gps_pos)
    send_atcmd                               0x0800c3c1   Thumb Code   110  sim800.o(i.send_atcmd)
    set_gsensor_ctrl                         0x0800c455   Thumb Code    98  gsensor.o(i.set_gsensor_ctrl)
    sin                                      0x0800c4bd   Thumb Code   166  sin.o(i.sin)
    socket_open                              0x0800c56d   Thumb Code    76  sim800.o(i.socket_open)
    socket_query                             0x0800c619   Thumb Code    82  sim800.o(i.socket_query)
    socket_send                              0x0800c6c5   Thumb Code    74  sim800.o(i.socket_send)
    sqrt                                     0x0800c845   Thumb Code    74  sqrt.o(i.sqrt)
    sys_time                                 0x0800c90d   Thumb Code    66  datetime.o(i.sys_time)
    syscfg_init                              0x0800c955   Thumb Code    50  system.o(i.syscfg_init)
    system_task                              0x0800c98d   Thumb Code   906  system.o(i.system_task)
    system_taskctrl                          0x0800cd91   Thumb Code   288  system.o(i.system_taskctrl)
    system_taskinit                          0x0800cf81   Thumb Code    36  system.o(i.system_taskinit)
    test_modem                               0x0800cfb1   Thumb Code    74  sim800.o(i.test_modem)
    tm2str                                   0x0800d009   Thumb Code    62  datetime.o(i.tm2str)
    uart3_clr                                0x0800d07d   Thumb Code    24  uart3.o(i.uart3_clr)
    uart3_fputc                              0x0800d0a9   Thumb Code    30  uart3.o(i.uart3_fputc)
    uart3_get_reclen                         0x0800d0cd   Thumb Code    56  uart3.o(i.uart3_get_reclen)
    uart3_printf                             0x0800d109   Thumb Code    46  uart3.o(i.uart3_printf)
    uart3_sendbf                             0x0800d141   Thumb Code    40  uart3.o(i.uart3_sendbf)
    w25xx_get_device_id                      0x0800d19d   Thumb Code     6  w25xx.o(i.w25xx_get_device_id)
    w25xx_init                               0x0800d1a9   Thumb Code   186  w25xx.o(i.w25xx_init)
    w25xx_page_write                         0x0800d279   Thumb Code   280  w25xx.o(i.w25xx_page_write)
    w25xx_read                               0x0800d395   Thumb Code   102  w25xx.o(i.w25xx_read)
    yeelink_http_init                        0x0800d475   Thumb Code    22  yeelink.o(i.yeelink_http_init)
    yeelink_task                             0x0800d495   Thumb Code   490  yeelink.o(i.yeelink_task)
    yeelink_taskinit                         0x0800d6d9   Thumb Code    32  yeelink.o(i.yeelink_taskinit)
    version_msg                              0x0800d704   Data         200  main.o(.constdata)
    MASS_DeviceDescriptor                    0x0800d7cc   Data          18  usb_desc.o(.constdata)
    MASS_ConfigDescriptor                    0x0800d7de   Data          32  usb_desc.o(.constdata)
    MASS_StringLangID                        0x0800d7fe   Data           4  usb_desc.o(.constdata)
    MASS_StringVendor                        0x0800d802   Data          34  usb_desc.o(.constdata)
    MASS_StringProduct                       0x0800d824   Data          70  usb_desc.o(.constdata)
    MASS_StringInterface                     0x0800d86a   Data          16  usb_desc.o(.constdata)
    gpx_file_header                          0x0800d87a   Data         397  gpx_record_task.o(.constdata)
    gpx_file_end                             0x0800da07   Data          28  gpx_record_task.o(.constdata)
    __mathlib_zero                           0x0800dae0   Data           8  qnan.o(.constdata)
    __ctype_categories                       0x0800dbd8   Data          64  ctype_c.o(.constdata)
    Region$$Table$$Base                      0x0800dc18   Number         0  anon$$obj.o(Region$$Table)
    Region$$Table$$Limit                     0x0800dc38   Number         0  anon$$obj.o(Region$$Table)
    cfg_checksum                             0x20000004   Data           4  sys_cfg.o(.data)
    cfg_size                                 0x20000008   Data           4  sys_cfg.o(.data)
    cfg_datetime                             0x2000000c   Data           4  sys_cfg.o(.data)
    SystemCoreClock                          0x20000014   Data           4  system_stm32f10x.o(.data)
    AHBPrescTable                            0x20000018   Data          16  system_stm32f10x.o(.data)
    Block_Read_count                         0x20000028   Data           4  memory.o(.data)
    Counter                                  0x2000002c   Data           4  memory.o(.data)
    TransferState                            0x20000030   Data           1  memory.o(.data)
    Block_offset                             0x20000044   Data           4  memory.o(.data)
    Idx                                      0x20000048   Data           4  memory.o(.data)
    Page00_Inquiry_Data                      0x2000004c   Data           5  scsi_data.o(.data)
    Standard_Inquiry_Data                    0x20000051   Data          35  scsi_data.o(.data)
    Standard_Inquiry_Data2                   0x20000074   Data          36  scsi_data.o(.data)
    Mode_Sense6_data                         0x20000098   Data           4  scsi_data.o(.data)
    Mode_Sense10_data                        0x2000009c   Data           8  scsi_data.o(.data)
    Scsi_Sense_Data                          0x200000a4   Data          18  scsi_data.o(.data)
    ReadCapacity10_Data                      0x200000b6   Data           8  scsi_data.o(.data)
    ReadFormatCapacity_Data                  0x200000be   Data          12  scsi_data.o(.data)
    Bot_State                                0x200000cc   Data           1  usb_bot.o(.data)
    Data_Len                                 0x200000ce   Data           2  usb_bot.o(.data)
    SCSI_LBA                                 0x200000d0   Data           4  usb_bot.o(.data)
    SCSI_BlkLen                              0x200000d4   Data           4  usb_bot.o(.data)
    MASS_StringSerial                        0x200000d8   Data          26  usb_desc.o(.data)
    bIntPackSOF                              0x200000f4   Data           1  usb_istr.o(.data)
    pEpInt_IN                                0x200000f8   Data          28  usb_istr.o(.data)
    pEpInt_OUT                               0x20000114   Data          28  usb_istr.o(.data)
    wIstr                                    0x20000130   Data           2  usb_istr.o(.data)
    Max_Lun                                  0x20000134   Data           4  usb_prop.o(.data)
    Device_Table                             0x20000138   Data           2  usb_prop.o(.data)
    Device_Property                          0x2000013c   Data          48  usb_prop.o(.data)
    User_Standard_Requests                   0x2000016c   Data          36  usb_prop.o(.data)
    Device_Descriptor                        0x20000190   Data           8  usb_prop.o(.data)
    Config_Descriptor                        0x20000198   Data           8  usb_prop.o(.data)
    String_Descriptor                        0x200001a0   Data          40  usb_prop.o(.data)
    bDeviceState                             0x200001c8   Data           4  usb_pwr.o(.data)
    fSuspendEnabled                          0x200001cc   Data           1  usb_pwr.o(.data)
    ResumeS                                  0x200001cd   Data           2  usb_pwr.o(.data)
    Data_Mul_MaxPacketSize                   0x200001d0   Data           1  usb_core.o(.data)
    StatusInfo                               0x200001d2   Data           2  usb_core.o(.data)
    EPindex                                  0x200001d4   Data           1  usb_init.o(.data)
    pInformation                             0x200001d8   Data           4  usb_init.o(.data)
    pProperty                                0x200001dc   Data           4  usb_init.o(.data)
    SaveState                                0x200001e0   Data           2  usb_init.o(.data)
    wInterrupt_Mask                          0x200001e2   Data           2  usb_init.o(.data)
    pUser_Standard_Requests                  0x200001e4   Data           4  usb_init.o(.data)
    SaveRState                               0x200001e8   Data           2  usb_int.o(.data)
    SaveTState                               0x200001ea   Data           2  usb_int.o(.data)
    DiscSectorCount                          0x200001f0   Data           4  diskio.o(.data)
    DiscSectorSize                           0x200001f4   Data           4  diskio.o(.data)
    DiscBlockSize                            0x200001f8   Data           4  diskio.o(.data)
    DiscCapacity                             0x200001fc   Data           4  diskio.o(.data)
    DiscBlockNum                             0x20000200   Data           4  diskio.o(.data)
    fat_fs                                   0x20000204   Data           4  ff.o(.data)
    gps_rec_count                            0x2000022c   Data           4  uart2.o(.data)
    gprs_rx_cnt                              0x20000230   Data           4  uart3.o(.data)
    gprs_tx_cnt                              0x20000234   Data           4  uart3.o(.data)
    gprs_tx_length                           0x20000238   Data           4  uart3.o(.data)
    gprs_tx_buffer                           0x20000240   Data           2  uart3.o(.data)
    gGpsState                                0x20000258   Data           2  gps_receive_task.o(.data)
    gps_taskstate                            0x2000025c   Data           4  gps_receive_task.o(.data)
    iTrack_mark_t                            0x20000264   Data           4  let_us_go.o(.data)
    systick                                  0x20000268   Data           8  systick.o(.data)
    gUsbLinked                               0x20000270   Data           4  system.o(.data)
    g_pre_BatteryVoltage                     0x20000274   Data           4  system.o(.data)
    gSensor                                  0x2000027c   Data           4  system.o(.data)
    SaveEnergyStep                           0x20000280   Data           4  system.o(.data)
    SleepStep                                0x20000284   Data           4  system.o(.data)
    g_BatteryVoltage                         0x20000288   Data           4  system.o(.data)
    gPowerState                              0x2000028c   Data           4  system.o(.data)
    beep_taskstate                           0x20000294   Data           1  system.o(.data)
    beep_on_cnt                              0x20000295   Data           1  system.o(.data)
    beep_off_cnt                             0x20000296   Data           1  system.o(.data)
    beep_cnt                                 0x20000298   Data           4  system.o(.data)
    adc_task_t_mark                          0x2000029c   Data           4  system.o(.data)
    adc_task_st                              0x200002a0   Data           1  system.o(.data)
    adc_read_cnt                             0x200002a1   Data           1  system.o(.data)
    md_poweron_step                          0x200002ac   Data           4  sim800.o(.data)
    md_poweroff_step                         0x200002b0   Data           4  sim800.o(.data)
    md_check_fail_cnt                        0x200002b4   Data           4  sim800.o(.data)
    gModemState                              0x200002b8   Data           2  sim800.o(.data)
    gModemVoltage                            0x200002bc   Data           4  sim800.o(.data)
    g_YeelinkNextTime                        0x200002cc   Data           4  yeelink.o(.data)
    gsensor_task_t_sec                       0x200002d0   Data           4  gsensor.o(.data)
    Gsensor_time_count                       0x200002d4   Data           4  gsensor.o(.data)
    INT1_count                               0x200002d8   Data           4  gsensor.o(.data)
    pre_INT1_count_S                         0x200002dc   Data           4  gsensor.o(.data)
    pre_INT1_count                           0x200002e0   Data           4  gsensor.o(.data)
    last_shock_mark_t                        0x200002e4   Data           4  gsensor.o(.data)
    gpx_record_state                         0x20000300   Data           4  gpx_record_task.o(.data)
    __stdout                                 0x20000304   Data           4  stdout.o(.data)
    Mass_Memory_Size                         0x2000030c   Data          12  mass_mal.o(.bss)
    Mass_Block_Size                          0x20000318   Data          12  mass_mal.o(.bss)
    Mass_Block_Count                         0x20000324   Data          12  mass_mal.o(.bss)
    Data_Buffer                              0x20000330   Data        4096  memory.o(.bss)
    Bulk_Data_Buff                           0x20001330   Data          64  usb_bot.o(.bss)
    CBW                                      0x20001370   Data          32  usb_bot.o(.bss)
    CSW                                      0x20001390   Data          16  usb_bot.o(.bss)
    Device_Info                              0x200013a0   Data          28  usb_init.o(.bss)
    my_disk                                  0x200013bc   Data          56  ff.o(.bss)
    gprs_rx_buffer                           0x200015e9   Data         401  uart3.o(.bss)
    g_NMEAInfo                               0x20001780   Data          80  gps_receive_task.o(.bss)
    g_GpsInfo                                0x200017d0   Data         120  gps_receive_task.o(.bss)
    gps_nmea_bf                              0x20001848   Data         500  gps_receive_task.o(.bss)
    frame_bf                                 0x20001a3c   Data         210  gps_receive_task.o(.bss)
    iTrack                                   0x20001b78   Data          32  let_us_go.o(.bss)
    g_NewPosition                            0x20001b98   Data          80  let_us_go.o(.bss)
    mark_start_p                             0x20001be8   Data          80  let_us_go.o(.bss)
    g_SysCfg                                 0x20001c38   Data          32  system.o(.bss)
    g_System                                 0x20001c58   Data          12  system.o(.bss)
    led                                      0x20001c64   Data          32  system.o(.bss)
    winsocket                                0x20001cc8   Data          32  sim800.o(.bss)
    winsocket_server_open_cmd                0x20001ce8   Data         100  sim800.o(.bss)
    yeelink_server                           0x20001d50   Data          76  yeelink.o(.bss)
    iPos                                     0x20001da0   Data        1224  yeelink.o(.bss)
    yeelink_http_buffer                      0x20002268   Data         323  yeelink.o(.bss)
    g_gsensor_info                           0x200023ac   Data          32  gsensor.o(.bss)
    gpx_fp                                   0x200023cc   Data        4132  gpx_record_task.o(.bss)
    __initial_sp                             0x200045f0   Data           0  startup_stm32f10x_hd.o(STACK)



==============================================================================

Memory Map of the image

  Image Entry point : 0x08000131

  Load Region LR_IROM1 (Base: 0x08000000, Size: 0x0000df44, Max: 0x00010000, ABSOLUTE, COMPRESSED[0x0000dd30])

    Execution Region ER_IROM1 (Base: 0x08000000, Size: 0x0000dc38, Max: 0x00010000, ABSOLUTE)

    Base Addr    Size         Type   Attr      Idx    E Section Name        Object

    0x08000000   0x00000130   Data   RO         4361    RESET               startup_stm32f10x_hd.o
    0x08000130   0x00000000   Code   RO         5286  * .ARM.Collect$$$$00000000  mc_w.l(entry.o)
    0x08000130   0x00000004   Code   RO         5619    .ARM.Collect$$$$00000001  mc_w.l(entry2.o)
    0x08000134   0x00000004   Code   RO         5622    .ARM.Collect$$$$00000004  mc_w.l(entry5.o)
    0x08000138   0x00000008   Code   RO         5623    .ARM.Collect$$$$00000007  mc_w.l(entry7.o)
    0x08000140   0x00000004   Code   RO         5620    .ARM.Collect$$$$00002712  mc_w.l(entry2.o)
    0x08000144   0x00000024   Code   RO         4362    .text               startup_stm32f10x_hd.o
    0x08000168   0x00000900   Code   RO         5201    .text               gps_algorithm.lib(gps_algorithm.o)
    0x08000a68   0x00000310   Code   RO         5220    .text               gpx_record_task.lib(gpx_record_task.o)
    0x08000d78   0x0000000c   Code   RO         5289    .text               mc_w.l(siabs.o)
    0x08000d84   0x00000024   Code   RO         5293    .text               mc_w.l(memcpya.o)
    0x08000da8   0x00000026   Code   RO         5295    .text               mc_w.l(memseta.o)
    0x08000dce   0x0000001c   Code   RO         5297    .text               mc_w.l(strcat.o)
    0x08000dea   0x0000002c   Code   RO         5299    .text               mc_w.l(strstr.o)
    0x08000e16   0x00000010   Code   RO         5301    .text               mc_w.l(strlen.o)
    0x08000e26   0x0000001c   Code   RO         5303    .text               mc_w.l(strcmp.o)
    0x08000e42   0x00000012   Code   RO         5305    .text               mc_w.l(strcpy.o)
    0x08000e54   0x0000006c   Code   RO         5570    .text               mf_w.l(fmul.o)
    0x08000ec0   0x00000080   Code   RO         5572    .text               mf_w.l(fdiv.o)
    0x08000f40   0x0000014a   Code   RO         5574    .text               mf_w.l(dadd.o)
    0x0800108a   0x000000e2   Code   RO         5576    .text               mf_w.l(dmul.o)
    0x0800116c   0x000000de   Code   RO         5578    .text               mf_w.l(ddiv.o)
    0x0800124a   0x00000012   Code   RO         5580    .text               mf_w.l(fflti.o)
    0x0800125c   0x0000000a   Code   RO         5582    .text               mf_w.l(ffltui.o)
    0x08001266   0x00000032   Code   RO         5584    .text               mf_w.l(ffixi.o)
    0x08001298   0x0000003e   Code   RO         5586    .text               mf_w.l(dfixi.o)
    0x080012d6   0x0000002c   Code   RO         5588    .text               mf_w.l(f2d.o)
    0x08001302   0x00000002   PAD
    0x08001304   0x00000028   Code   RO         5590    .text               mf_w.l(cdcmple.o)
    0x0800132c   0x00000028   Code   RO         5592    .text               mf_w.l(cdrcmple.o)
    0x08001354   0x00000038   Code   RO         5594    .text               mf_w.l(d2f.o)
    0x0800138c   0x00000014   Code   RO         5596    .text               mf_w.l(cfrcmple.o)
    0x080013a0   0x0000002c   Code   RO         5625    .text               mc_w.l(uidiv.o)
    0x080013cc   0x00000066   Code   RO         5627    .text               mc_w.l(uldiv.o)
    0x08001432   0x0000001e   Code   RO         5629    .text               mc_w.l(llshl.o)
    0x08001450   0x00000020   Code   RO         5631    .text               mc_w.l(llushr.o)
    0x08001470   0x00000024   Code   RO         5633    .text               mc_w.l(llsshr.o)
    0x08001494   0x00000098   Code   RO         5642    .text               mc_w.l(strtod.o)
    0x0800152c   0x00000000   Code   RO         5644    .text               mc_w.l(iusefp.o)
    0x0800152c   0x00000070   Code   RO         5645    .text               mf_w.l(fepilogue.o)
    0x0800159c   0x000000c2   Code   RO         5647    .text               mf_w.l(depilogue.o)
    0x0800165e   0x0000002e   Code   RO         5649    .text               mf_w.l(dscalb.o)
    0x0800168c   0x000000a0   Code   RO         5651    .text               mf_w.l(dsqrt.o)
    0x0800172c   0x00000022   Code   RO         5653    .text               mf_w.l(dflti.o)
    0x0800174e   0x00000030   Code   RO         5655    .text               mf_w.l(dfixul.o)
    0x0800177e   0x00000002   PAD
    0x08001780   0x00000024   Code   RO         5657    .text               mc_w.l(init.o)
    0x080017a4   0x0000000a   Code   RO         5659    .text               mc_w.l(isspace_c.o)
    0x080017ae   0x00000002   PAD
    0x080017b0   0x00000350   Code   RO         5661    .text               mc_w.l(scanf_fp.o)
    0x08001b00   0x00000040   Code   RO         5663    .text               mc_w.l(_sgetc.o)
    0x08001b40   0x0000001a   Code   RO         5665    .text               mf_w.l(dfltui.o)
    0x08001b5a   0x00000002   PAD
    0x08001b5c   0x00000028   Code   RO         5667    .text               mc_w.l(ctype_c.o)
    0x08001b84   0x00000018   Code   RO         5670    .text               mf_w.l(dfltul.o)
    0x08001b9c   0x0000005c   Code   RO         5680    .text               mc_w.l(__dczerorl2.o)
    0x08001bf8   0x00000016   Code   RO         4143    i.ADC_Cmd           stm32f10x_adc.o
    0x08001c0e   0x00000002   PAD
    0x08001c10   0x0000006c   Code   RO         4582    i.ADC_Configuration  system.o
    0x08001c7c   0x00000008   Code   RO         4152    i.ADC_GetConversionValue  stm32f10x_adc.o
    0x08001c84   0x00000012   Code   RO         4154    i.ADC_GetFlagStatus  stm32f10x_adc.o
    0x08001c96   0x00000002   PAD
    0x08001c98   0x00000050   Code   RO         4161    i.ADC_Init          stm32f10x_adc.o
    0x08001ce8   0x000000b8   Code   RO         4165    i.ADC_RegularChannelConfig  stm32f10x_adc.o
    0x08001da0   0x00000016   Code   RO         4168    i.ADC_SoftwareStartConvCmd  stm32f10x_adc.o
    0x08001db6   0x00000002   PAD
    0x08001db8   0x0000026c   Code   RO         4583    i.ADC_task          system.o
    0x08002024   0x00000010   Code   RO         4584    i.ADC_taskctrl      system.o
    0x08002034   0x00000028   Code   RO         4585    i.ADC_taskinit      system.o
    0x0800205c   0x00000040   Code   RO          712    i.Bot_Abort         usb_bot.o
    0x0800209c   0x00000004   Code   RO            1    i.BusFault_Handler  stm32f10x_it.o
    0x080020a0   0x0000000c   Code   RO         1278    i.ByteSwap          usb_regs.o
    0x080020ac   0x000002c4   Code   RO          713    i.CBW_Decode        usb_bot.o
    0x08002370   0x000000c8   Code   RO         1230    i.CTR_HP            usb_int.o
    0x08002438   0x00000288   Code   RO         1231    i.CTR_LP            usb_int.o
    0x080026c0   0x00000038   Code   RO         1279    i.ClearDTOG_RX      usb_regs.o
    0x080026f8   0x00000038   Code   RO         1280    i.ClearDTOG_TX      usb_regs.o
    0x08002730   0x00000028   Code   RO         1285    i.Clear_Status_Out  usb_regs.o
    0x08002758   0x000000c4   Code   RO         1088    i.DataStageIn       usb_core.o
    0x0800281c   0x000000c0   Code   RO         1089    i.DataStageOut      usb_core.o
    0x080028dc   0x00000294   Code   RO         1090    i.Data_Setup0       usb_core.o
    0x08002b70   0x00000002   Code   RO            2    i.DebugMon_Handler  stm32f10x_it.o
    0x08002b72   0x00000124   Code   RO         4697    i.DecStr2Int        my_string.o
    0x08002c96   0x00000008   Code   RO          772    i.EP1_IN_Callback   usb_endp.o
    0x08002c9e   0x00000008   Code   RO          773    i.EP2_OUT_Callback  usb_endp.o
    0x08002ca6   0x00000002   PAD
    0x08002ca8   0x0000002c   Code   RO         5050    i.EXTI0_IRQHandler  gsensor.o
    0x08002cd4   0x0000000c   Code   RO         2315    i.EXTI_ClearFlag    stm32f10x_exti.o
    0x08002ce0   0x00000028   Code   RO         5051    i.EXTI_Configuration  gsensor.o
    0x08002d08   0x0000002c   Code   RO         2320    i.EXTI_GetITStatus  stm32f10x_exti.o
    0x08002d34   0x000000ac   Code   RO         2321    i.EXTI_Init         stm32f10x_exti.o
    0x08002de0   0x0000004c   Code   RO         2374    i.FLASH_ErasePage   stm32f10x_flash.o
    0x08002e2c   0x00000038   Code   RO         2375    i.FLASH_GetBank1Status  stm32f10x_flash.o
    0x08002e64   0x00000014   Code   RO         2384    i.FLASH_Lock        stm32f10x_flash.o
    0x08002e78   0x00000064   Code   RO         2389    i.FLASH_ProgramWord  stm32f10x_flash.o
    0x08002edc   0x00000018   Code   RO         2392    i.FLASH_Unlock      stm32f10x_flash.o
    0x08002ef4   0x00000026   Code   RO         2396    i.FLASH_WaitForLastOperation  stm32f10x_flash.o
    0x08002f1a   0x00000002   PAD
    0x08002f1c   0x00000090   Code   RO         4366    i.GGA_Parse         gps_receive_task.o
    0x08002fac   0x00000038   Code   RO         4367    i.GLL_Parse         gps_receive_task.o
    0x08002fe4   0x00000030   Code   RO         5052    i.GPIO_Configuration  gsensor.o
    0x08003014   0x00000040   Code   RO         2666    i.GPIO_EXTILineConfig  stm32f10x_gpio.o
    0x08003054   0x00000112   Code   RO         2669    i.GPIO_Init         stm32f10x_gpio.o
    0x08003166   0x00000012   Code   RO         2673    i.GPIO_ReadInputDataBit  stm32f10x_gpio.o
    0x08003178   0x00000004   Code   RO         2676    i.GPIO_ResetBits    stm32f10x_gpio.o
    0x0800317c   0x00000004   Code   RO         2677    i.GPIO_SetBits      stm32f10x_gpio.o
    0x08003180   0x0000003a   Code   RO         4368    i.GSA_Parse         gps_receive_task.o
    0x080031ba   0x0000002c   Code   RO         4369    i.GSV_Parse         gps_receive_task.o
    0x080031e6   0x00000002   PAD
    0x080031e8   0x00000024   Code   RO         1297    i.GetEPRxAddr       usb_regs.o
    0x0800320c   0x00000024   Code   RO         1298    i.GetEPRxCount      usb_regs.o
    0x08003230   0x00000020   Code   RO         1300    i.GetEPTxAddr       usb_regs.o
    0x08003250   0x00000010   Code   RO         4370    i.GetGpsState       gps_receive_task.o
    0x08003260   0x00000010   Code   RO         4835    i.GetModemMode      sim800.o
    0x08003270   0x00000010   Code   RO         4836    i.GetModemState     sim800.o
    0x08003280   0x0000000c   Code   RO         4527    i.GetSysTick_10Ms   systick.o
    0x0800328c   0x0000000c   Code   RO         4528    i.GetSysTick_Sec    systick.o
    0x08003298   0x0000001c   Code   RO          816    i.Get_Max_Lun       usb_prop.o
    0x080032b4   0x0000003c   Code   RO          475    i.Get_SerialNum     hw_config.o
    0x080032f0   0x00000008   Code   RO            3    i.HardFault_Handler  stm32f10x_it.o
    0x080032f8   0x0000001c   Code   RO         4371    i.HexToChar         gps_receive_task.o
    0x08003314   0x00000040   Code   RO         5125    i.I2C_Ack           sof_iic.o
    0x08003354   0x0000002c   Code   RO         5126    i.I2C_Configuration  sof_iic.o
    0x08003380   0x00000040   Code   RO         5127    i.I2C_NoAck         sof_iic.o
    0x080033c0   0x00000082   Code   RO         5128    i.I2C_ReadByte      sof_iic.o
    0x08003442   0x00000002   PAD
    0x08003444   0x00000064   Code   RO         5129    i.I2C_ReceiveByte   sof_iic.o
    0x080034a8   0x00000024   Code   RO         5130    i.I2C_SDA_IN        sof_iic.o
    0x080034cc   0x00000024   Code   RO         5131    i.I2C_SDA_OUT       sof_iic.o
    0x080034f0   0x00000058   Code   RO         5132    i.I2C_SendByte      sof_iic.o
    0x08003548   0x00000068   Code   RO         5133    i.I2C_Start         sof_iic.o
    0x080035b0   0x00000040   Code   RO         5134    i.I2C_Stop          sof_iic.o
    0x080035f0   0x0000005c   Code   RO         5135    i.I2C_WaitAck       sof_iic.o
    0x0800364c   0x0000004e   Code   RO         5136    i.I2C_WriteByte     sof_iic.o
    0x0800369a   0x0000000e   Code   RO         5137    i.I2C_delay         sof_iic.o
    0x080036a8   0x00000028   Code   RO           78    i.IWDG_Configuration  main.o
    0x080036d0   0x00000010   Code   RO         2777    i.IWDG_Enable       stm32f10x_iwdg.o
    0x080036e0   0x00000010   Code   RO         2779    i.IWDG_ReloadCounter  stm32f10x_iwdg.o
    0x080036f0   0x0000000c   Code   RO         2780    i.IWDG_SetPrescaler  stm32f10x_iwdg.o
    0x080036fc   0x0000000c   Code   RO         2781    i.IWDG_SetReload    stm32f10x_iwdg.o
    0x08003708   0x0000000c   Code   RO         2782    i.IWDG_WriteAccessCmd  stm32f10x_iwdg.o
    0x08003714   0x00000070   Code   RO         1091    i.In0_Process       usb_core.o
    0x08003784   0x0000003e   Code   RO          476    i.IntToUnicode      hw_config.o
    0x080037c2   0x0000002c   Code   RO         4744    i.IsLeapYear        datetime.o
    0x080037ee   0x0000000e   Code   RO          479    i.Led_RW_OFF        hw_config.o
    0x080037fc   0x0000000e   Code   RO          480    i.Led_RW_ON         hw_config.o
    0x0800380a   0x0000000a   Code   RO          481    i.MAL_Config        hw_config.o
    0x08003814   0x0000001e   Code   RO          585    i.MAL_GetStatus     mass_mal.o
    0x08003832   0x00000002   PAD
    0x08003834   0x000000dc   Code   RO          586    i.MAL_Init          mass_mal.o
    0x08003910   0x0000002e   Code   RO          587    i.MAL_Read          mass_mal.o
    0x0800393e   0x0000002e   Code   RO          588    i.MAL_Write         mass_mal.o
    0x0800396c   0x00000060   Code   RO          817    i.MASS_Data_Setup   usb_prop.o
    0x080039cc   0x00000014   Code   RO          818    i.MASS_GetConfigDescriptor  usb_prop.o
    0x080039e0   0x00000014   Code   RO          819    i.MASS_GetDeviceDescriptor  usb_prop.o
    0x080039f4   0x00000028   Code   RO          820    i.MASS_GetStringDescriptor  usb_prop.o
    0x08003a1c   0x00000016   Code   RO          821    i.MASS_Get_Interface_Setting  usb_prop.o
    0x08003a32   0x00000002   PAD
    0x08003a34   0x0000005c   Code   RO          822    i.MASS_NoData_Setup  usb_prop.o
    0x08003a90   0x000000f0   Code   RO          823    i.MASS_Reset        usb_prop.o
    0x08003b80   0x00000002   Code   RO          824    i.MASS_Status_In    usb_prop.o
    0x08003b82   0x00000002   Code   RO          825    i.MASS_Status_Out   usb_prop.o
    0x08003b84   0x00000028   Code   RO          826    i.MASS_init         usb_prop.o
    0x08003bac   0x00000084   Code   RO         5054    i.MBA220init        gsensor.o
    0x08003c30   0x0000001c   Code   RO          827    i.Mass_Storage_ClearFeature  usb_prop.o
    0x08003c4c   0x00000074   Code   RO          714    i.Mass_Storage_In   usb_bot.o
    0x08003cc0   0x00000090   Code   RO          715    i.Mass_Storage_Out  usb_bot.o
    0x08003d50   0x00000030   Code   RO          828    i.Mass_Storage_SetConfiguration  usb_prop.o
    0x08003d80   0x0000000c   Code   RO          829    i.Mass_Storage_SetDeviceAddress  usb_prop.o
    0x08003d8c   0x00000004   Code   RO            4    i.MemManage_Handler  stm32f10x_it.o
    0x08003d90   0x00000002   Code   RO            5    i.NMI_Handler       stm32f10x_it.o
    0x08003d92   0x00000002   Code   RO         1092    i.NOP_Process       usb_core.o
    0x08003d94   0x00000022   Code   RO         5055    i.NVIC_Configuration  gsensor.o
    0x08003db6   0x00000002   PAD
    0x08003db8   0x00000084   Code   RO         2183    i.NVIC_Init         misc.o
    0x08003e3c   0x00000014   Code   RO         2184    i.NVIC_PriorityGroupConfig  misc.o
    0x08003e50   0x00000144   Code   RO         1093    i.NoData_Setup0     usb_core.o
    0x08003f94   0x00000050   Code   RO         1094    i.Out0_Process      usb_core.o
    0x08003fe4   0x00000024   Code   RO         1260    i.PMAToUserBufferCopy  usb_mem.o
    0x08004008   0x00000048   Code   RO         2823    i.PWR_EnterSTOPMode  stm32f10x_pwr.o
    0x08004050   0x00000002   Code   RO            6    i.PendSV_Handler    stm32f10x_it.o
    0x08004052   0x00000002   PAD
    0x08004054   0x00000048   Code   RO         1095    i.Post0_Process     usb_core.o
    0x0800409c   0x00000050   Code   RO          926    i.PowerOn           usb_pwr.o
    0x080040ec   0x00000020   Code   RO         2881    i.RCC_APB1PeriphClockCmd  stm32f10x_rcc.o
    0x0800410c   0x00000020   Code   RO         2882    i.RCC_APB1PeriphResetCmd  stm32f10x_rcc.o
    0x0800412c   0x00000020   Code   RO         2883    i.RCC_APB2PeriphClockCmd  stm32f10x_rcc.o
    0x0800414c   0x00000020   Code   RO         2884    i.RCC_APB2PeriphResetCmd  stm32f10x_rcc.o
    0x0800416c   0x00000014   Code   RO         2887    i.RCC_ClearFlag     stm32f10x_rcc.o
    0x08004180   0x000000d4   Code   RO         2891    i.RCC_GetClocksFreq  stm32f10x_rcc.o
    0x08004254   0x0000003c   Code   RO         2892    i.RCC_GetFlagStatus  stm32f10x_rcc.o
    0x08004290   0x0000000c   Code   RO         2909    i.RCC_USBCLKConfig  stm32f10x_rcc.o
    0x0800429c   0x0000029c   Code   RO         4372    i.RMC_Parse         gps_receive_task.o
    0x08004538   0x0000010c   Code   RO          631    i.Read_Memory       memory.o
    0x08004644   0x0000008c   Code   RO          967    i.SCSI_Address_Management  usb_scsi.o
    0x080046d0   0x00000030   Code   RO          968    i.SCSI_Format_Cmd   usb_scsi.o
    0x08004700   0x00000048   Code   RO          969    i.SCSI_Inquiry_Cmd  usb_scsi.o
    0x08004748   0x00000044   Code   RO          970    i.SCSI_Invalid_Cmd  usb_scsi.o
    0x0800478c   0x00000014   Code   RO          971    i.SCSI_ModeSense10_Cmd  usb_scsi.o
    0x080047a0   0x00000014   Code   RO          972    i.SCSI_ModeSense6_Cmd  usb_scsi.o
    0x080047b4   0x00000078   Code   RO          973    i.SCSI_Read10_Cmd   usb_scsi.o
    0x0800482c   0x0000009c   Code   RO          974    i.SCSI_ReadCapacity10_Cmd  usb_scsi.o
    0x080048c8   0x00000088   Code   RO          975    i.SCSI_ReadFormatCapacity_Cmd  usb_scsi.o
    0x08004950   0x00000028   Code   RO          976    i.SCSI_RequestSense_Cmd  usb_scsi.o
    0x08004978   0x0000000e   Code   RO          977    i.SCSI_Start_Stop_Unit_Cmd  usb_scsi.o
    0x08004986   0x00000002   PAD
    0x08004988   0x00000038   Code   RO          978    i.SCSI_TestUnitReady_Cmd  usb_scsi.o
    0x080049c0   0x00000040   Code   RO          980    i.SCSI_Verify10_Cmd  usb_scsi.o
    0x08004a00   0x00000078   Code   RO          981    i.SCSI_Write10_Cmd  usb_scsi.o
    0x08004a78   0x00000002   Code   RO            7    i.SDIO_IRQHandler   stm32f10x_it.o
    0x08004a7a   0x00000018   Code   RO         3269    i.SPI_CalculateCRC  stm32f10x_spi.o
    0x08004a92   0x00000018   Code   RO         3270    i.SPI_Cmd           stm32f10x_spi.o
    0x08004aaa   0x00000002   PAD
    0x08004aac   0x00000058   Code   RO         3277    i.SPI_I2S_DeInit    stm32f10x_spi.o
    0x08004b04   0x00000012   Code   RO         3278    i.SPI_I2S_GetFlagStatus  stm32f10x_spi.o
    0x08004b16   0x00000006   Code   RO         3281    i.SPI_I2S_ReceiveData  stm32f10x_spi.o
    0x08004b1c   0x00000004   Code   RO         3282    i.SPI_I2S_SendData  stm32f10x_spi.o
    0x08004b20   0x0000003c   Code   RO         3283    i.SPI_Init          stm32f10x_spi.o
    0x08004b5c   0x00000002   Code   RO            8    i.SVC_Handler       stm32f10x_it.o
    0x08004b5e   0x00000002   PAD
    0x08004b60   0x00000010   Code   RO         1308    i.SetBTABLE         usb_regs.o
    0x08004b70   0x00000054   Code   RO         1096    i.SetDeviceAddress  usb_core.o
    0x08004bc4   0x00000024   Code   RO         1322    i.SetEPRxAddr       usb_regs.o
    0x08004be8   0x00000050   Code   RO         1323    i.SetEPRxCount      usb_regs.o
    0x08004c38   0x00000044   Code   RO         1324    i.SetEPRxStatus     usb_regs.o
    0x08004c7c   0x00000034   Code   RO         1325    i.SetEPRxValid      usb_regs.o
    0x08004cb0   0x00000020   Code   RO         1326    i.SetEPTxAddr       usb_regs.o
    0x08004cd0   0x00000020   Code   RO         1327    i.SetEPTxCount      usb_regs.o
    0x08004cf0   0x00000044   Code   RO         1328    i.SetEPTxStatus     usb_regs.o
    0x08004d34   0x00000024   Code   RO         1330    i.SetEPType         usb_regs.o
    0x08004d58   0x00000008   Code   RO          364    i.SetSysClock       system_stm32f10x.o
    0x08004d60   0x000000c8   Code   RO          365    i.SetSysClockTo48   system_stm32f10x.o
    0x08004e28   0x0000003c   Code   RO          716    i.Set_CSW           usb_bot.o
    0x08004e64   0x0000000c   Code   RO          982    i.Set_Scsi_Sense_Data  usb_scsi.o
    0x08004e70   0x00000012   Code   RO          483    i.Set_USBClock      hw_config.o
    0x08004e82   0x00000002   PAD
    0x08004e84   0x000000b8   Code   RO         1097    i.Setup0_Process    usb_core.o
    0x08004f3c   0x0000003c   Code   RO           79    i.SoftReset         main.o
    0x08004f78   0x00000170   Code   RO         1098    i.Standard_ClearFeature  usb_core.o
    0x080050e8   0x0000002c   Code   RO         1099    i.Standard_GetConfiguration  usb_core.o
    0x08005114   0x00000024   Code   RO         1100    i.Standard_GetDescriptorData  usb_core.o
    0x08005138   0x0000002c   Code   RO         1101    i.Standard_GetInterface  usb_core.o
    0x08005164   0x00000100   Code   RO         1102    i.Standard_GetStatus  usb_core.o
    0x08005264   0x00000048   Code   RO         1103    i.Standard_SetConfiguration  usb_core.o
    0x080052ac   0x00000028   Code   RO         1104    i.Standard_SetDeviceFeature  usb_core.o
    0x080052d4   0x000000d4   Code   RO         1105    i.Standard_SetEndPointFeature  usb_core.o
    0x080053a8   0x0000006c   Code   RO         1106    i.Standard_SetInterface  usb_core.o
    0x08005414   0x0000002a   Code   RO         4529    i.SysTick_Ctrl      systick.o
    0x0800543e   0x00000008   Code   RO            9    i.SysTick_Handler   stm32f10x_it.o
    0x08005446   0x00000002   PAD
    0x08005448   0x00000038   Code   RO         4530    i.SysTick_HandlerService  systick.o
    0x08005480   0x00000068   Code   RO         4531    i.SysTick_Init      systick.o
    0x080054e8   0x00000060   Code   RO          367    i.SystemInit        system_stm32f10x.o
    0x08005548   0x00000038   Code   RO          717    i.Transfer_Data_Request  usb_bot.o
    0x08005580   0x000000cc   Code   RO         1990    i.UART1_Configuration  uart1.o
    0x0800564c   0x000000c8   Code   RO         2034    i.UART2_Configuration  uart2.o
    0x08005714   0x000000c8   Code   RO         2095    i.UART3_Configuration  uart3.o
    0x080057dc   0x00000084   Code   RO         1991    i.USART1_IRQHandler  uart1.o
    0x08005860   0x00000020   Code   RO         1992    i.USART1_Interrupts_Config  uart1.o
    0x08005880   0x000000bc   Code   RO         2035    i.USART2_IRQHandler  uart2.o
    0x0800593c   0x00000022   Code   RO         2036    i.USART2_Interrupts_Config  uart2.o
    0x0800595e   0x00000002   PAD
    0x08005960   0x000000b8   Code   RO         2096    i.USART3_IRQHandler  uart3.o
    0x08005a18   0x00000020   Code   RO         2097    i.USART3_Interrupts_Config  uart3.o
    0x08005a38   0x00000012   Code   RO         3957    i.USART_ClearFlag   stm32f10x_usart.o
    0x08005a4a   0x00000022   Code   RO         3959    i.USART_ClockInit   stm32f10x_usart.o
    0x08005a6c   0x00000018   Code   RO         3961    i.USART_Cmd         stm32f10x_usart.o
    0x08005a84   0x0000001a   Code   RO         3964    i.USART_GetFlagStatus  stm32f10x_usart.o
    0x08005a9e   0x00000054   Code   RO         3965    i.USART_GetITStatus  stm32f10x_usart.o
    0x08005af2   0x0000004a   Code   RO         3967    i.USART_ITConfig    stm32f10x_usart.o
    0x08005b3c   0x000000d8   Code   RO         3968    i.USART_Init        stm32f10x_usart.o
    0x08005c14   0x0000000a   Code   RO         3975    i.USART_ReceiveData  stm32f10x_usart.o
    0x08005c1e   0x00000008   Code   RO         3978    i.USART_SendData    stm32f10x_usart.o
    0x08005c26   0x00000002   PAD
    0x08005c28   0x00000024   Code   RO          484    i.USB_Cable_Config  hw_config.o
    0x08005c4c   0x0000003c   Code   RO           80    i.USB_Ctrl          main.o
    0x08005c88   0x0000002c   Code   RO          486    i.USB_Disconnect_Config  hw_config.o
    0x08005cb4   0x00000008   Code   RO           10    i.USB_HP_CAN1_TX_IRQHandler  stm32f10x_it.o
    0x08005cbc   0x0000003c   Code   RO         1207    i.USB_Init          usb_init.o
    0x08005cf8   0x0000003c   Code   RO          487    i.USB_Interrupts_Config  hw_config.o
    0x08005d34   0x00000068   Code   RO          793    i.USB_Istr          usb_istr.o
    0x08005d9c   0x00000008   Code   RO           11    i.USB_LP_CAN1_RX0_IRQHandler  stm32f10x_it.o
    0x08005da4   0x0000000e   Code   RO          488    i.USB_NotConfigured_LED  hw_config.o
    0x08005db2   0x00000002   PAD
    0x08005db4   0x0000002c   Code   RO         1638    i.USB_SIL_Init      usb_sil.o
    0x08005de0   0x0000002e   Code   RO         1639    i.USB_SIL_Read      usb_sil.o
    0x08005e0e   0x0000002e   Code   RO         1640    i.USB_SIL_Write     usb_sil.o
    0x08005e3c   0x000000d2   Code   RO         4745    i.UTCTime2LocalTime  datetime.o
    0x08005f0e   0x00000004   Code   RO           12    i.UsageFault_Handler  stm32f10x_it.o
    0x08005f12   0x00000002   PAD
    0x08005f14   0x00000038   Code   RO         1261    i.UserToPMABufferCopy  usb_mem.o
    0x08005f4c   0x00000060   Code   RO         4373    i.VTG_Parse         gps_receive_task.o
    0x08005fac   0x00000016   Code   RO         4532    i.Wait10Ms          systick.o
    0x08005fc2   0x00000002   PAD
    0x08005fc4   0x00000014   Code   RO         4837    i.WinSocketClrState  sim800.o
    0x08005fd8   0x0000000c   Code   RO         4838    i.WinSocketGetState  sim800.o
    0x08005fe4   0x00000070   Code   RO         4839    i.WinSocketInit     sim800.o
    0x08006054   0x00000064   Code   RO         4840    i.WinSocketSend     sim800.o
    0x080060b8   0x00000130   Code   RO          632    i.Write_Memory      memory.o
    0x080061e8   0x00000038   Code   RO         4374    i.ZDA_Parse         gps_receive_task.o
    0x08006220   0x00000020   Code   RO         5542    i.__0printf         mc_w.l(printfa.o)
    0x08006240   0x00000028   Code   RO         5544    i.__0sprintf        mc_w.l(printfa.o)
    0x08006268   0x00000028   Code   RO         5603    i.__ARM_fpclassify  m_ws.l(fpclassify.o)
    0x08006290   0x00000388   Code   RO         5608    i.__ieee754_rem_pio2  m_ws.l(rred.o)
    0x08006618   0x000000fc   Code   RO         5598    i.__kernel_cos      m_ws.l(cos_i.o)
    0x08006714   0x000000aa   Code   RO         5605    i.__kernel_poly     m_ws.l(poly.o)
    0x080067be   0x00000002   PAD
    0x080067c0   0x000000f0   Code   RO         5613    i.__kernel_sin      m_ws.l(sin_i.o)
    0x080068b0   0x00000010   Code   RO         5601    i.__mathlib_dbl_underflow  m_ws.l(dunder.o)
    0x080068c0   0x0000000c   Code   RO         5636    i.__read_errno      mc_w.l(errno.o)
    0x080068cc   0x0000000e   Code   RO         5674    i.__scatterload_copy  mc_w.l(handlers.o)
    0x080068da   0x00000002   Code   RO         5675    i.__scatterload_null  mc_w.l(handlers.o)
    0x080068dc   0x0000000e   Code   RO         5676    i.__scatterload_zeroinit  mc_w.l(handlers.o)
    0x080068ea   0x00000002   PAD
    0x080068ec   0x0000000c   Code   RO         5637    i.__set_errno       mc_w.l(errno.o)
    0x080068f8   0x00000154   Code   RO         5549    i._fp_digits        mc_w.l(printfa.o)
    0x08006a4c   0x000006d4   Code   RO         5550    i._printf_core      mc_w.l(printfa.o)
    0x08007120   0x00000026   Code   RO         5551    i._printf_post_padding  mc_w.l(printfa.o)
    0x08007146   0x0000002e   Code   RO         5552    i._printf_pre_padding  mc_w.l(printfa.o)
    0x08007174   0x0000000a   Code   RO         5554    i._sputc            mc_w.l(printfa.o)
    0x0800717e   0x00000016   Code   RO         4841    i.atcmd_ack_is      sim800.o
    0x08007194   0x0000006c   Code   RO         4842    i.atcmd_get_ack_section  sim800.o
    0x08007200   0x00000024   Code   RO         4843    i.atcmd_wait_respond  sim800.o
    0x08007224   0x0000002a   Code   RO         5249    i.atof              m_ws.l(atof.o)
    0x0800724e   0x00000002   PAD
    0x08007250   0x00000238   Code   RO         1718    i.auto_mount        ff.o
    0x08007488   0x000000c0   Code   RO         4586    i.beep_task         system.o
    0x08007548   0x00000084   Code   RO         4587    i.beep_taskctrl     system.o
    0x080075cc   0x00000018   Code   RO         4588    i.beep_taskinit     system.o
    0x080075e4   0x0000005c   Code   RO          300    i.cfg_get_line      sys_cfg.o
    0x08007640   0x00000050   Code   RO          301    i.cfg_get_segment   sys_cfg.o
    0x08007690   0x000000ac   Code   RO          302    i.check_flash_cfg   sys_cfg.o
    0x0800773c   0x00000070   Code   RO         1719    i.check_fs          ff.o
    0x080077ac   0x000000ac   Code   RO         4844    i.check_ipnet_status  sim800.o
    0x08007858   0x0000013c   Code   RO          303    i.check_itarcker_cfg  sys_cfg.o
    0x08007994   0x00000038   Code   RO         4845    i.check_sim_card    sim800.o
    0x080079cc   0x00000018   Code   RO         1720    i.chk_chr           ff.o
    0x080079e4   0x0000001a   Code   RO         1721    i.clust2sect        ff.o
    0x080079fe   0x00000002   PAD
    0x08007a00   0x000000ac   Code   RO         5253    i.cos               m_ws.l(cos.o)
    0x08007aac   0x00000114   Code   RO          304    i.cpy_cfg_to_flash  sys_cfg.o
    0x08007bc0   0x000000b6   Code   RO         1722    i.create_chain      ff.o
    0x08007c76   0x00000002   PAD
    0x08007c78   0x00000148   Code   RO         1723    i.create_name       ff.o
    0x08007dc0   0x00000010   Code   RO         4533    i.delay_nus         systick.o
    0x08007dd0   0x00000076   Code   RO         1724    i.dir_find          ff.o
    0x08007e46   0x0000013e   Code   RO         1725    i.dir_next          ff.o
    0x08007f84   0x00000078   Code   RO         1727    i.dir_register      ff.o
    0x08007ffc   0x000000ca   Code   RO         1729    i.dir_seek          ff.o
    0x080080c6   0x00000002   PAD
    0x080080c8   0x00000028   Code   RO         1730    i.disc_mount        ff.o
    0x080080f0   0x0000004c   Code   RO         1662    i.disk_initialize   diskio.o
    0x0800813c   0x00000068   Code   RO         1663    i.disk_ioctl        diskio.o
    0x080081a4   0x00000054   Code   RO         1664    i.disk_read         diskio.o
    0x080081f8   0x00000014   Code   RO         1665    i.disk_status       diskio.o
    0x0800820c   0x00000054   Code   RO         1666    i.disk_write        diskio.o
    0x08008260   0x00000016   Code   RO         1732    i.f_close           ff.o
    0x08008276   0x000000e8   Code   RO         1734    i.f_getfree         ff.o
    0x0800835e   0x00000002   PAD
    0x08008360   0x0000002c   Code   RO         1738    i.f_mount           ff.o
    0x0800838c   0x00000140   Code   RO         1739    i.f_open            ff.o
    0x080084cc   0x000001be   Code   RO         1741    i.f_printf          ff.o
    0x0800868a   0x0000002a   Code   RO         1742    i.f_putc            ff.o
    0x080086b4   0x0000002a   Code   RO         1743    i.f_puts            ff.o
    0x080086de   0x000001d6   Code   RO         1744    i.f_read            ff.o
    0x080088b4   0x0000003a   Code   RO         1747    i.f_stat            ff.o
    0x080088ee   0x0000008c   Code   RO         1748    i.f_sync            ff.o
    0x0800897a   0x00000210   Code   RO         1752    i.f_write           ff.o
    0x08008b8a   0x00000098   Code   RO         1753    i.follow_path       ff.o
    0x08008c22   0x00000002   PAD
    0x08008c24   0x00000024   Code   RO         1994    i.fputc             uart1.o
    0x08008c48   0x0000001c   Code   RO         5056    i.gSensor_taskinit  gsensor.o
    0x08008c64   0x0000005c   Code   RO         4846    i.get_CSQ           sim800.o
    0x08008cc0   0x00000134   Code   RO         4847    i.get_cipstatus     sim800.o
    0x08008df4   0x00000100   Code   RO         1754    i.get_cluster       ff.o
    0x08008ef4   0x0000003c   Code   RO         1667    i.get_fattime       diskio.o
    0x08008f30   0x00000098   Code   RO         1755    i.get_fileinfo      ff.o
    0x08008fc8   0x0000006c   Code   RO         4848    i.get_gprs_status   sim800.o
    0x08009034   0x00000008   Code   RO         5057    i.get_gsensor_state  gsensor.o
    0x0800903c   0x0000006c   Code   RO         4849    i.get_gsm_status    sim800.o
    0x080090a8   0x0000007c   Code   RO         4782    i.get_spiflash_info  w25xx.o
    0x08009124   0x000005a0   Code   RO         4850    i.gprs_task         sim800.o
    0x080096c4   0x000000cc   Code   RO         4851    i.gprs_taskctrl     sim800.o
    0x08009790   0x00000020   Code   RO         4852    i.gprs_taskinit     sim800.o
    0x080097b0   0x0000000c   Code   RO         2037    i.gps_comm_clr      uart2.o
    0x080097bc   0x0000003c   Code   RO         2038    i.gps_comm_get_len  uart2.o
    0x080097f8   0x00000028   Code   RO         2039    i.gps_comm_read     uart2.o
    0x08009820   0x00000028   Code   RO         4375    i.gps_info_init     gps_receive_task.o
    0x08009848   0x00000064   Code   RO         4376    i.gps_parse_proc    gps_receive_task.o
    0x080098ac   0x00000378   Code   RO         4377    i.gps_task          gps_receive_task.o
    0x08009c24   0x00000018   Code   RO         4378    i.gps_taskctrl      gps_receive_task.o
    0x08009c3c   0x00000020   Code   RO         4379    i.gps_taskinit      gps_receive_task.o
    0x08009c5c   0x0000010c   Code   RO         5003    i.gpspos_to_yeelinktype  yeelink.o
    0x08009d68   0x00000080   Code   RO         5058    i.gsensor_task      gsensor.o
    0x08009de8   0x00000108   Code   RO         4589    i.hw_io_ctrl        system.o
    0x08009ef0   0x00000124   Code   RO         4590    i.hw_io_init        system.o
    0x0800a014   0x00000020   Code   RO         5004    i.iPos_clr          yeelink.o
    0x0800a034   0x00000024   Code   RO         5005    i.iPos_get_num      yeelink.o
    0x0800a058   0x00000090   Code   RO         4480    i.iTrack_task       let_us_go.o
    0x0800a0e8   0x00000030   Code   RO         4481    i.iTrack_taskctrl   let_us_go.o
    0x0800a118   0x0000000c   Code   RO         4482    i.iTrack_taskinit   let_us_go.o
    0x0800a124   0x0000002a   Code   RO         4700    i.ischar            my_string.o
    0x0800a14e   0x00000012   Code   RO         4701    i.isdec             my_string.o
    0x0800a160   0x0000002e   Code   RO         4702    i.isdecstring       my_string.o
    0x0800a18e   0x00000002   PAD
    0x0800a190   0x00000260   Code   RO         4591    i.led_task          system.o
    0x0800a3f0   0x000000fc   Code   RO         4592    i.led_taskctrl      system.o
    0x0800a4ec   0x0000001c   Code   RO         4593    i.led_taskinit      system.o
    0x0800a508   0x000004a4   Code   RO          305    i.load_sys_config   sys_cfg.o
    0x0800a9ac   0x000002d4   Code   RO           81    i.main              main.o
    0x0800ac80   0x00000026   Code   RO         1756    i.mem_cmp           ff.o
    0x0800aca6   0x0000001a   Code   RO         1757    i.mem_cpy           ff.o
    0x0800acc0   0x00000016   Code   RO         1758    i.mem_set           ff.o
    0x0800acd6   0x00000002   PAD
    0x0800acd8   0x00000140   Code   RO         4853    i.modem_poweroff_flow  sim800.o
    0x0800ae18   0x000003f8   Code   RO         4854    i.modem_poweron_flow  sim800.o
    0x0800b210   0x00000198   Code   RO         4483    i.motion_analysis_by_gps  let_us_go.o
    0x0800b3a8   0x0000006c   Code   RO         1759    i.move_window       ff.o
    0x0800b414   0x00000060   Code   RO         4594    i.myPWR_EnterSleepMode  system.o
    0x0800b474   0x000000b6   Code   RO         4380    i.nmea_get_frame    gps_receive_task.o
    0x0800b52a   0x00000002   PAD
    0x0800b52c   0x0000013c   Code   RO         4381    i.nmea_get_info     gps_receive_task.o
    0x0800b668   0x00000034   Code   RO         4382    i.nmea_get_section  gps_receive_task.o
    0x0800b69c   0x00000134   Code   RO         4484    i.now_position_to_xml  let_us_go.o
    0x0800b7d0   0x000009d8   Code   RO         5261    i.pow               m_ws.l(pow.o)
    0x0800c1a8   0x00000048   Code   RO         4855    i.printf_strbf      sim800.o
    0x0800c1f0   0x00000140   Code   RO         1760    i.put_cluster       ff.o
    0x0800c330   0x00000026   Code   RO         4485    i.remember_now_gps_pos  let_us_go.o
    0x0800c356   0x00000068   Code   RO         1761    i.remove_chain      ff.o
    0x0800c3be   0x00000002   PAD
    0x0800c3c0   0x00000094   Code   RO         4856    i.send_atcmd        sim800.o
    0x0800c454   0x00000068   Code   RO         5059    i.set_gsensor_ctrl  gsensor.o
    0x0800c4bc   0x000000b0   Code   RO         5271    i.sin               m_ws.l(sin.o)
    0x0800c56c   0x000000ac   Code   RO         4857    i.socket_open       sim800.o
    0x0800c618   0x000000ac   Code   RO         4858    i.socket_query      sim800.o
    0x0800c6c4   0x00000080   Code   RO         4859    i.socket_send       sim800.o
    0x0800c744   0x000000c8   Code   RO         4783    i.spi_port_init     w25xx.o
    0x0800c80c   0x00000038   Code   RO         4784    i.spi_readwrite     w25xx.o
    0x0800c844   0x0000004a   Code   RO         5279    i.sqrt              m_ws.l(sqrt.o)
    0x0800c88e   0x00000002   PAD
    0x0800c890   0x0000007c   Code   RO         1762    i.sync              ff.o
    0x0800c90c   0x00000048   Code   RO         4746    i.sys_time          datetime.o
    0x0800c954   0x00000038   Code   RO         4595    i.syscfg_init       system.o
    0x0800c98c   0x00000404   Code   RO         4596    i.system_task       system.o
    0x0800cd90   0x000001f0   Code   RO         4597    i.system_taskctrl   system.o
    0x0800cf80   0x00000030   Code   RO         4598    i.system_taskinit   system.o
    0x0800cfb0   0x00000058   Code   RO         4860    i.test_modem        sim800.o
    0x0800d008   0x00000074   Code   RO         4747    i.tm2str            datetime.o
    0x0800d07c   0x0000002c   Code   RO         2098    i.uart3_clr         uart3.o
    0x0800d0a8   0x00000024   Code   RO         2100    i.uart3_fputc       uart3.o
    0x0800d0cc   0x0000003c   Code   RO         2101    i.uart3_get_reclen  uart3.o
    0x0800d108   0x00000038   Code   RO         2103    i.uart3_printf      uart3.o
    0x0800d140   0x00000030   Code   RO         2105    i.uart3_sendbf      uart3.o
    0x0800d170   0x0000002a   Code   RO         1763    i.validate          ff.o
    0x0800d19a   0x00000002   PAD
    0x0800d19c   0x0000000c   Code   RO         4785    i.w25xx_get_device_id  w25xx.o
    0x0800d1a8   0x000000d0   Code   RO         4786    i.w25xx_init        w25xx.o
    0x0800d278   0x0000011c   Code   RO         4787    i.w25xx_page_write  w25xx.o
    0x0800d394   0x0000006c   Code   RO         4788    i.w25xx_read        w25xx.o
    0x0800d400   0x00000074   Code   RO         4789    i.w25xx_read_status  w25xx.o
    0x0800d474   0x00000020   Code   RO         5006    i.yeelink_http_init  yeelink.o
    0x0800d494   0x00000244   Code   RO         5007    i.yeelink_task      yeelink.o
    0x0800d6d8   0x0000002c   Code   RO         5008    i.yeelink_taskinit  yeelink.o
    0x0800d704   0x000000c8   Data   RO           82    .constdata          main.o
    0x0800d7cc   0x000000ae   Data   RO          759    .constdata          usb_desc.o
    0x0800d87a   0x000001a9   Data   RO         5222    .constdata          gpx_record_task.lib(gpx_record_task.o)
    0x0800da23   0x00000005   PAD
    0x0800da28   0x00000088   Data   RO         5262    .constdata          m_ws.l(pow.o)
    0x0800dab0   0x00000030   Data   RO         5599    .constdata          m_ws.l(cos_i.o)
    0x0800dae0   0x00000008   Data   RO         5607    .constdata          m_ws.l(qnan.o)
    0x0800dae8   0x000000c8   Data   RO         5610    .constdata          m_ws.l(rred.o)
    0x0800dbb0   0x00000028   Data   RO         5614    .constdata          m_ws.l(sin_i.o)
    0x0800dbd8   0x00000040   Data   RO         5668    .constdata          mc_w.l(ctype_c.o)
    0x0800dc18   0x00000020   Data   RO         5672    Region$$Table       anon$$obj.o


    Execution Region RW_IRAM1 (Base: 0x20000000, Size: 0x000045f0, Max: 0x00005000, ABSOLUTE, COMPRESSED[0x000000f8])

    Base Addr    Size         Type   Attr      Idx    E Section Name        Object

    0x20000000   0x00000001   Data   RW           83    .data               main.o
    0x20000001   0x00000003   PAD
    0x20000004   0x00000010   Data   RW          306    .data               sys_cfg.o
    0x20000014   0x00000014   Data   RW          368    .data               system_stm32f10x.o
    0x20000028   0x00000024   Data   RW          634    .data               memory.o
    0x2000004c   0x0000007e   Data   RW          700    .data               scsi_data.o
    0x200000ca   0x00000002   PAD
    0x200000cc   0x0000000c   Data   RW          719    .data               usb_bot.o
    0x200000d8   0x0000001a   Data   RW          760    .data               usb_desc.o
    0x200000f2   0x00000002   PAD
    0x200000f4   0x0000003e   Data   RW          794    .data               usb_istr.o
    0x20000132   0x00000002   PAD
    0x20000134   0x00000094   Data   RW          830    .data               usb_prop.o
    0x200001c8   0x00000007   Data   RW          930    .data               usb_pwr.o
    0x200001cf   0x00000001   PAD
    0x200001d0   0x00000004   Data   RW         1107    .data               usb_core.o
    0x200001d4   0x00000014   Data   RW         1209    .data               usb_init.o
    0x200001e8   0x00000004   Data   RW         1232    .data               usb_int.o
    0x200001ec   0x00000018   Data   RW         1668    .data               diskio.o
    0x20000204   0x0000000a   Data   RW         1765    .data               ff.o
    0x2000020e   0x00000002   PAD
    0x20000210   0x0000000c   Data   RW         1995    .data               uart1.o
    0x2000021c   0x00000014   Data   RW         2043    .data               uart2.o
    0x20000230   0x00000012   Data   RW         2109    .data               uart3.o
    0x20000242   0x00000014   Data   RW         2911    .data               stm32f10x_rcc.o
    0x20000256   0x00000002   PAD
    0x20000258   0x0000000c   Data   RW         4384    .data               gps_receive_task.o
    0x20000264   0x00000004   Data   RW         4487    .data               let_us_go.o
    0x20000268   0x00000008   Data   RW         4534    .data               systick.o
    0x20000270   0x00000038   Data   RW         4600    .data               system.o
    0x200002a8   0x00000004   Data   RW         4790    .data               w25xx.o
    0x200002ac   0x00000020   Data   RW         4863    .data               sim800.o
    0x200002cc   0x00000004   Data   RW         5010    .data               yeelink.o
    0x200002d0   0x00000018   Data   RW         5061    .data               gsensor.o
    0x200002e8   0x00000018   Data   RW         5203    .data               gps_algorithm.lib(gps_algorithm.o)
    0x20000300   0x00000004   Data   RW         5223    .data               gpx_record_task.lib(gpx_record_task.o)
    0x20000304   0x00000004   Data   RW         5624    .data               mc_w.l(stdout.o)
    0x20000308   0x00000004   Data   RW         5638    .data               mc_w.l(errno.o)
    0x2000030c   0x00000024   Zero   RW          589    .bss                mass_mal.o
    0x20000330   0x00001000   Zero   RW          633    .bss                memory.o
    0x20001330   0x00000070   Zero   RW          718    .bss                usb_bot.o
    0x200013a0   0x0000001c   Zero   RW         1208    .bss                usb_init.o
    0x200013bc   0x00000038   Zero   RW         1764    .bss                ff.o
    0x200013f4   0x000001f5   Zero   RW         2042    .bss                uart2.o
    0x200015e9   0x00000191   Zero   RW         2108    .bss                uart3.o
    0x2000177a   0x00000006   PAD
    0x20001780   0x0000038e   Zero   RW         4383    .bss                gps_receive_task.o
    0x20001b0e   0x00000002   PAD
    0x20001b10   0x00000128   Zero   RW         4486    .bss                let_us_go.o
    0x20001c38   0x0000004c   Zero   RW         4599    .bss                system.o
    0x20001c84   0x00000044   Zero   RW         4749    .bss                datetime.o
    0x20001cc8   0x00000084   Zero   RW         4861    .bss                sim800.o
    0x20001d4c   0x00000004   PAD
    0x20001d50   0x0000065b   Zero   RW         5009    .bss                yeelink.o
    0x200023ab   0x00000001   PAD
    0x200023ac   0x00000020   Zero   RW         5060    .bss                gsensor.o
    0x200023cc   0x00001024   Zero   RW         5221    .bss                gpx_record_task.lib(gpx_record_task.o)
    0x200033f0   0x00001200   Zero   RW         4359    STACK               startup_stm32f10x_hd.o


==============================================================================

Image component sizes


      Code (inc. data)   RO Data    RW Data    ZI Data      Debug   Object Name

         0          0          0          0          0         32   core_cm3.o
       442         74          0          0         68       3053   datetime.o
       428         66          0         24          0       6029   diskio.o
      5726         72          0         10         56      29524   ff.o
      2800        398          0         12        910      12079   gps_receive_task.o
       566         46          0         24         32       7408   gsensor.o
       332         26          0          0          0       5044   hw_config.o
       958        286          0          4        296       4070   let_us_go.o
       884        234        200          1          0     255222   main.o
       342         20          0          0         36       3282   mass_mal.o
       572         80          0         36       4096       6212   memory.o
       152         24          0          0          0       1535   misc.o
       398          0          0          0          0       3100   my_string.o
         0          0          0        126          0        950   scsi_data.o
      5078       1740          0         32        132      16047   sim800.o
       914        112          0          0          0       6326   sof_iic.o
        36          8        304          0       4608        724   startup_stm32f10x_hd.o
       334         10          0          0          0       5788   stm32f10x_adc.o
       228         28          0          0          0       2084   stm32f10x_exti.o
       314         32          0          0          0       4822   stm32f10x_flash.o
       364          4          0          0          0       4238   stm32f10x_gpio.o
        54          0          0          0          0       5921   stm32f10x_it.o
        68         30          0          0          0       2430   stm32f10x_iwdg.o
        72         10          0          0          0        636   stm32f10x_pwr.o
       432         60          0         20          0       7135   stm32f10x_rcc.o
       224         12          0          0          0       4910   stm32f10x_spi.o
       494          6          0          0          0       7281   stm32f10x_usart.o
      2124        702          0         16          0       5148   sys_cfg.o
      4300        588          0         56         76      12731   system.o
       304         26          0         20          0     254537   system_stm32f10x.o
       264         34          0          8          0      19034   systick.o
       404         44          0         12          0       3774   uart1.o
       534         54          0         20        501       3975   uart2.o
       660         84          0         18        401       5075   uart3.o
      1148        108          0         12        112       4075   usb_bot.o
      3086        284          0          4          0      14107   usb_core.o
         0          0        174         26          0        856   usb_desc.o
        16          0          0          0          0        813   usb_endp.o
        60         24          0         20         28       4034   usb_init.o
       848         62          0          4          0       2185   usb_int.o
       104         22          0         62          0       1277   usb_istr.o
        92          8          0          0          0       1732   usb_mem.o
       690        120          0        148          0      10442   usb_prop.o
        80         16          0          7          0       1765   usb_pwr.o
       688        100          0          0          0       8856   usb_regs.o
      1086        130          0          0          0       8715   usb_scsi.o
       136         14          0          0          0       2094   usb_sil.o
      1108         72          0          4          0       5707   w25xx.o
       992        268          0          4       1627       3701   yeelink.o

    ----------------------------------------------------------------------
     40998       6138        710        744      12992     780515   Object Totals
         0          0         32          0          0          0   (incl. Generated)
        62          0          0         14         13          2   (incl. Padding)

    ----------------------------------------------------------------------

      Code (inc. data)   RO Data    RW Data    ZI Data      Debug   Library Member Name

      2304        170          0         24          0       2513   gps_algorithm.o
       784        226        425          4       4132       9034   gpx_record_task.o
        42          0          0          0          0         84   atof.o
       172          8          0          0          0        116   cos.o
       252         22         48          0          0        128   cos_i.o
        16          6          0          0          0         68   dunder.o
        40          0          0          0          0         68   fpclassify.o
       170          0          0          0          0         96   poly.o
      2520        190        136          0          0        348   pow.o
         0          0          8          0          0          0   qnan.o
       904         72        200          0          0        140   rred.o
       176         10          0          0          0        120   sin.o
       240         14         40          0          0        132   sin_i.o
        74          0          0          0          0         84   sqrt.o
        92          0          0          0          0          0   __dczerorl2.o
        64          0          0          0          0         84   _sgetc.o
        40          6         64          0          0         68   ctype_c.o
         0          0          0          0          0          0   entry.o
         8          4          0          0          0          0   entry2.o
         4          0          0          0          0          0   entry5.o
         8          4          0          0          0          0   entry7.o
        24         12          0          4          0        136   errno.o
        30          0          0          0          0          0   handlers.o
        36          8          0          0          0         68   init.o
        10          0          0          0          0         68   isspace_c.o
         0          0          0          0          0          0   iusefp.o
        30          0          0          0          0         68   llshl.o
        36          0          0          0          0         68   llsshr.o
        32          0          0          0          0         68   llushr.o
        36          0          0          0          0         68   memcpya.o
        38          0          0          0          0        108   memseta.o
      2254         98          0          0          0        612   printfa.o
       848         12          0          0          0        148   scanf_fp.o
        12          0          0          0          0         68   siabs.o
         0          0          0          4          0          0   stdout.o
        28          0          0          0          0         68   strcat.o
        28          0          0          0          0         76   strcmp.o
        18          0          0          0          0         68   strcpy.o
        16          0          0          0          0         68   strlen.o
        44          0          0          0          0         80   strstr.o
       152         12          0          0          0        120   strtod.o
        44          0          0          0          0         80   uidiv.o
       102          0          0          0          0         92   uldiv.o
        40          2          0          0          0         68   cdcmple.o
        40          2          0          0          0         68   cdrcmple.o
        20          0          0          0          0         68   cfrcmple.o
        56          0          0          0          0         88   d2f.o
       330          0          0          0          0        148   dadd.o
       222          0          0          0          0        100   ddiv.o
       194          0          0          0          0        184   depilogue.o
        62          0          0          0          0         80   dfixi.o
        48          0          0          0          0         68   dfixul.o
        34          0          0          0          0         76   dflti.o
        26          0          0          0          0         76   dfltui.o
        24          0          0          0          0         76   dfltul.o
       226          0          0          0          0         96   dmul.o
        46          0          0          0          0         80   dscalb.o
       160          0          0          0          0        100   dsqrt.o
        44          0          0          0          0         68   f2d.o
       128          0          0          0          0         88   fdiv.o
       112          0          0          0          0        168   fepilogue.o
        50          0          0          0          0         68   ffixi.o
        18          0          0          0          0         68   fflti.o
        10          0          0          0          0         68   ffltui.o
       108          0          0          0          0         76   fmul.o

    ----------------------------------------------------------------------
     13742        878        926         36       4132      17195   Library Totals
        16          0          5          0          0          0   (incl. Padding)

    ----------------------------------------------------------------------

      Code (inc. data)   RO Data    RW Data    ZI Data      Debug   Library Name

      2304        170          0         24          0       2513   gps_algorithm.lib
       784        226        425          4       4132       9034   gpx_record_task.lib
      4606        322        432          0          0       1384   m_ws.l
      4034        156         64          8          0       2284   mc_w.l
      1998          4          0          0          0       1980   mf_w.l

    ----------------------------------------------------------------------
     13742        878        926         36       4132      17195   Library Totals

    ----------------------------------------------------------------------

==============================================================================


      Code (inc. data)   RO Data    RW Data    ZI Data      Debug   

     54740       7016       1636        780      17124     776600   Grand Totals
     54740       7016       1636        248      17124     776600   ELF Image Totals (compressed)
     54740       7016       1636        248          0          0   ROM Totals

==============================================================================

    Total RO  Size (Code + RO Data)                56376 (  55.05kB)
    Total RW  Size (RW Data + ZI Data)             17904 (  17.48kB)
    Total ROM Size (Code + RO Data + RW Data)      56624 (  55.30kB)

==============================================================================

