Component: ARM Compiler 5.05 update 1 (build 106) Tool: armlink [4d0efa]

==============================================================================

Section Cross References

    stm32f10x_it.o(i.HardFault_Handler) refers to main.o(i.SoftReset) for SoftReset
    stm32f10x_it.o(i.SysTick_Handler) refers to systick.o(i.SysTick_HandlerService) for SysTick_HandlerService
    stm32f10x_it.o(i.USB_HP_CAN1_TX_IRQHandler) refers to usb_int.o(i.CTR_HP) for CTR_HP
    stm32f10x_it.o(i.USB_LP_CAN1_RX0_IRQHandler) refers to usb_istr.o(i.USB_Istr) for USB_Istr
    main.o(i.IWDG_Configuration) refers to stm32f10x_iwdg.o(i.IWDG_WriteAccessCmd) for IWDG_WriteAccessCmd
    main.o(i.IWDG_Configuration) refers to stm32f10x_iwdg.o(i.IWDG_SetPrescaler) for IWDG_SetPrescaler
    main.o(i.IWDG_Configuration) refers to stm32f10x_iwdg.o(i.IWDG_SetReload) for IWDG_SetReload
    main.o(i.IWDG_Configuration) refers to stm32f10x_iwdg.o(i.IWDG_ReloadCounter) for IWDG_ReloadCounter
    main.o(i.IWDG_Configuration) refers to stm32f10x_iwdg.o(i.IWDG_Enable) for IWDG_Enable
    main.o(i.checkLockCode) refers to main.o(.data) for Lock_Code
    main.o(i.main) refers to system_stm32f10x.o(i.SystemInit) for SystemInit
    main.o(i.main) refers to misc.o(i.NVIC_PriorityGroupConfig) for NVIC_PriorityGroupConfig
    main.o(i.main) refers to systick.o(i.SysTick_Init) for SysTick_Init
    main.o(i.main) refers to system.o(i.hw_io_init) for hw_io_init
    main.o(i.main) refers to uart1.o(i.UART1_Configuration) for UART1_Configuration
    main.o(i.main) refers to uart2.o(i.UART2_Configuration) for UART2_Configuration
    main.o(i.main) refers to uart3.o(i.UART3_Configuration) for UART3_Configuration
    main.o(i.main) refers to printfa.o(i.__0printf) for __2printf
    main.o(i.main) refers to system.o(i.hw_io_ctrl) for hw_io_ctrl
    main.o(i.main) refers to main.o(i.USB_Ctrl) for USB_Ctrl
    main.o(i.main) refers to main.o(i.SoftReset) for SoftReset
    main.o(i.main) refers to key.o(i.KEY_Init) for KEY_Init
    main.o(i.main) refers to w25xx.o(i.w25xx_init) for w25xx_init
    main.o(i.main) refers to myiic.o(i.IIC_Init) for IIC_Init
    main.o(i.main) refers to lt8918.o(i.Lt8918L_init) for Lt8918L_init
    main.o(i.main) refers to 24cxx.o(i.AT24CXX_Init) for AT24CXX_Init
    main.o(i.main) refers to ff.o(i.disc_mount) for disc_mount
    main.o(i.main) refers to sys_cfg.o(i.check_itarcker_cfg) for check_itarcker_cfg
    main.o(i.main) refers to sys_cfg.o(i.load_sys_config) for load_sys_config
    main.o(i.main) refers to gps_receive_task.o(i.gps_taskinit) for gps_taskinit
    main.o(i.main) refers to gpx_record_task.o(.text) for gpx_record_taskinit
    main.o(i.main) refers to let_us_go.o(i.iTrack_taskinit) for iTrack_taskinit
    main.o(i.main) refers to sonylens.o(i.sonylens_init) for sonylens_init
    main.o(i.main) refers to yeelink.o(i.yeelink_taskinit) for yeelink_taskinit
    main.o(i.main) refers to gsensor.o(i.gSensor_taskinit) for gSensor_taskinit
    main.o(i.main) refers to system.o(i.system_taskinit) for system_taskinit
    main.o(i.main) refers to main.o(i.IWDG_Configuration) for IWDG_Configuration
    main.o(i.main) refers to stm32f10x_rcc.o(i.RCC_GetFlagStatus) for RCC_GetFlagStatus
    main.o(i.main) refers to stm32f10x_rcc.o(i.RCC_ClearFlag) for RCC_ClearFlag
    main.o(i.main) refers to stm32f10x_iwdg.o(i.IWDG_ReloadCounter) for IWDG_ReloadCounter
    main.o(i.main) refers to key.o(i.Do_KEY_Down) for Do_KEY_Down
    main.o(i.main) refers to gps_receive_task.o(i.gps_task) for gps_task
    main.o(i.main) refers to system.o(i.system_task) for system_task
    main.o(i.main) refers to let_us_go.o(i.iTrack_task) for iTrack_task
    main.o(i.main) refers to sonylens.o(i.sonylens_task) for sonylens_task
    main.o(i.main) refers to yeelink.o(i.yeelink_task) for yeelink_task
    main.o(i.main) refers to main.o(.constdata) for version_msg
    main.o(i.main) refers to system.o(.data) for gUsbLinked
    main.o(i.main) refers to main.o(.data) for usb_device_onoff
    main.o(i.main) refers to system.o(.bss) for g_System
    sys_cfg.o(i.cfg_get_line) refers to sys_cfg.o(.data) for cfg_rd_p
    sys_cfg.o(i.cfg_get_segment) refers to my_string.o(i.ischar) for ischar
    sys_cfg.o(i.check_flash_cfg) refers to printfa.o(i.__0printf) for __2printf
    sys_cfg.o(i.check_flash_cfg) refers to sys_cfg.o(.data) for cfg_checksum
    sys_cfg.o(i.check_itarcker_cfg) refers to sys_cfg.o(i.check_flash_cfg) for check_flash_cfg
    sys_cfg.o(i.check_itarcker_cfg) refers to printfa.o(i.__0printf) for __2printf
    sys_cfg.o(i.check_itarcker_cfg) refers to ff.o(i.f_stat) for f_stat
    sys_cfg.o(i.check_itarcker_cfg) refers to ff.o(i.f_open) for f_open
    sys_cfg.o(i.check_itarcker_cfg) refers to ff.o(i.f_close) for f_close
    sys_cfg.o(i.check_itarcker_cfg) refers to sys_cfg.o(i.cpy_cfg_to_flash) for cpy_cfg_to_flash
    sys_cfg.o(i.check_itarcker_cfg) refers to sys_cfg.o(.data) for cfg_datetime
[...]
    0x080024b0   0x000000bc   Code   RO          999    i.DataStageOut      usb_core.o
    0x0800256c   0x00000298   Code   RO         1000    i.Data_Setup0       usb_core.o
    0x08002804   0x00000002   Code   RO            2    i.DebugMon_Handler  stm32f10x_it.o
    0x08002806   0x0000011a   Code   RO         4650    i.DecStr2Int        my_string.o
    0x08002920   0x000000f4   Code   RO         7417    i.Do_KEY_Down       key.o
    0x08002a14   0x00000008   Code   RO          693    i.EP1_IN_Callback   usb_endp.o
    0x08002a1c   0x00000008   Code   RO          694    i.EP2_OUT_Callback  usb_endp.o
    0x08002a24   0x0000002c   Code   RO         4844    i.EXTI0_IRQHandler  gsensor.o
    0x08002a50   0x0000000c   Code   RO         2262    i.EXTI_ClearFlag    stm32f10x_exti.o
    0x08002a5c   0x00000028   Code   RO         2267    i.EXTI_GetITStatus  stm32f10x_exti.o
    0x08002a84   0x0000004c   Code   RO         2321    i.FLASH_ErasePage   stm32f10x_flash.o
    0x08002ad0   0x00000034   Code   RO         2322    i.FLASH_GetBank1Status  stm32f10x_flash.o
    0x08002b04   0x00000014   Code   RO         2331    i.FLASH_Lock        stm32f10x_flash.o
    0x08002b18   0x0000006c   Code   RO         2336    i.FLASH_ProgramWord  stm32f10x_flash.o
    0x08002b84   0x00000018   Code   RO         2339    i.FLASH_Unlock      stm32f10x_flash.o
    0x08002b9c   0x00000026   Code   RO         2343    i.FLASH_WaitForLastOperation  stm32f10x_flash.o
    0x08002bc2   0x00000002   PAD
    0x08002bc4   0x00000090   Code   RO         4313    i.GGA_Parse         gps_receive_task.o
    0x08002c54   0x00000038   Code   RO         4314    i.GLL_Parse         gps_receive_task.o
    0x08002c8c   0x00000116   Code   RO         2616    i.GPIO_Init         stm32f10x_gpio.o
    0x08002da2   0x00000002   PAD
    0x08002da4   0x00000090   Code   RO         2618    i.GPIO_PinRemapConfig  stm32f10x_gpio.o
    0x08002e34   0x00000012   Code   RO         2620    i.GPIO_ReadInputDataBit  stm32f10x_gpio.o
    0x08002e46   0x00000004   Code   RO         2623    i.GPIO_ResetBits    stm32f10x_gpio.o
    0x08002e4a   0x00000004   Code   RO         2624    i.GPIO_SetBits      stm32f10x_gpio.o
    0x08002e4e   0x0000003a   Code   RO         4315    i.GSA_Parse         gps_receive_task.o
    0x08002e88   0x0000002c   Code   RO         4316    i.GSV_Parse         gps_receive_task.o
    0x08002eb4   0x00000020   Code   RO         1207    i.GetEPRxAddr       usb_regs.o
    0x08002ed4   0x00000024   Code   RO         1208    i.GetEPRxCount      usb_regs.o
    0x08002ef8   0x00000020   Code   RO         1210    i.GetEPTxAddr       usb_regs.o
    0x08002f18   0x00000010   Code   RO         4317    i.GetGpsState       gps_receive_task.o
    0x08002f28   0x0000000c   Code   RO         4474    i.GetSysTick_10Ms   systick.o
    0x08002f34   0x0000000c   Code   RO         4475    i.GetSysTick_Sec    systick.o
    0x08002f40   0x0000001c   Code   RO          733    i.Get_Max_Lun       usb_prop.o
    0x08002f5c   0x00000034   Code   RO          445    i.Get_SerialNum     hw_config.o
    0x08002f90   0x00000044   Code   RO         8506    i.HDMI_ReadI2C_Byte  i2c_master.o
    0x08002fd4   0x0000004c   Code   RO         8507    i.HDMI_ReadI2C_ByteN  i2c_master.o
    0x08003020   0x00000044   Code   RO         8508    i.HDMI_WriteI2C_Byte  i2c_master.o
    0x08003064   0x00000008   Code   RO            3    i.HardFault_Handler  stm32f10x_it.o
    0x0800306c   0x0000001c   Code   RO         4318    i.HexToChar         gps_receive_task.o
    0x08003088   0x00000038   Code   RO         4920    i.I2C_Ack           sof_iic.o
    0x080030c0   0x00000038   Code   RO         4922    i.I2C_NoAck         sof_iic.o
    0x080030f8   0x00000082   Code   RO         4924    i.I2C_ReadBytes     sof_iic.o
    0x0800317a   0x00000002   PAD
    0x0800317c   0x0000005c   Code   RO         4925    i.I2C_ReceiveByte   sof_iic.o
    0x080031d8   0x00000024   Code   RO         4926    i.I2C_SDA_IN        sof_iic.o
    0x080031fc   0x00000024   Code   RO         4927    i.I2C_SDA_OUT       sof_iic.o
    0x08003220   0x00000058   Code   RO         4928    i.I2C_SendByte      sof_iic.o
    0x08003278   0x0000005c   Code   RO         4929    i.I2C_Start         sof_iic.o
    0x080032d4   0x00000038   Code   RO         4930    i.I2C_Stop          sof_iic.o
    0x0800330c   0x00000050   Code   RO         4931    i.I2C_WaitAck       sof_iic.o
    0x0800335c   0x0000004e   Code   RO         4932    i.I2C_WriteByte     sof_iic.o
    0x080033aa   0x0000000e   Code   RO         4934    i.I2C_delay         sof_iic.o
    0x080033b8   0x00000050   Code   RO         8792    i.IIC_Ack           myiic.o
    0x08003408   0x00000038   Code   RO         8793    i.IIC_Init          myiic.o
    0x08003440   0x00000050   Code   RO         8794    i.IIC_NAck          myiic.o
    0x08003490   0x00000070   Code   RO         8795    i.IIC_Read_Byte     myiic.o
    0x08003500   0x00000074   Code   RO         8796    i.IIC_Send_Byte     myiic.o
    0x08003574   0x0000004c   Code   RO         8797    i.IIC_Start         myiic.o
    0x080035c0   0x0000004c   Code   RO         8798    i.IIC_Stop          myiic.o
    0x0800360c   0x00000064   Code   RO         8799    i.IIC_Wait_Ack      myiic.o
    0x08003670   0x00000028   Code   RO           78    i.IWDG_Configuration  main.o
    0x08003698   0x00000010   Code   RO         2724    i.IWDG_Enable       stm32f10x_iwdg.o
    0x080036a8   0x00000010   Code   RO         2726    i.IWDG_ReloadCounter  stm32f10x_iwdg.o
    0x080036b8   0x0000000c   Code   RO         2727    i.IWDG_SetPrescaler  stm32f10x_iwdg.o
    0x080036c4   0x0000000c   Code   RO         2728    i.IWDG_SetReload    stm32f10x_iwdg.o
    0x080036d0   0x0000000c   Code   RO         2729    i.IWDG_WriteAccessCmd  stm32f10x_iwdg.o
    0x080036dc   0x00000070   Code   RO         1001    i.In0_Process       usb_core.o
    0x0800374c   0x0000007c   Code   RO         8537    i.InitLt8918State   lt8918.o
    0x080037c8   0x00000054   Code   RO         4651    i.Int2DecStr        my_string.o
    0x0800381c   0x0000003e   Code   RO          446    i.IntToUnicode      hw_config.o
    0x0800385a   0x0000002a   Code   RO         4706    i.IsLeapYear        datetime.o
    0x08003884   0x00000078   Code   RO         7418    i.KEY_Init          key.o
    0x080038fc   0x0000000e   Code   RO          449    i.Led_RW_OFF        hw_config.o
    0x0800390a   0x0000000e   Code   RO          450    i.Led_RW_ON         hw_config.o
    0x08003918   0x00000034   Code   RO         8538    i.Lt8918L_deviceId  lt8918.o
    0x0800394c   0x000000b0   Code   RO         8539    i.Lt8918L_init      lt8918.o
    0x080039fc   0x00000048   Code   RO         8540    i.Lt8918L_reset     lt8918.o
    0x08003a44   0x00000012   Code   RO         8541    i.Lt8918_CfgI2cEnable  lt8918.o
    0x08003a56   0x00000042   Code   RO         8543    i.Lt8918_DesscFreqSet  lt8918.o
    0x08003a98   0x00000020   Code   RO         8544    i.Lt8918_DesscPllInit  lt8918.o
    0x08003ab8   0x00000180   Code   RO         8547    i.Lt8918_InputConfig  lt8918.o
    0x08003c38   0x00000042   Code   RO         8549    i.Lt8918_MLRXInit   lt8918.o
    0x08003c7a   0x00000022   Code   RO         8550    i.Lt8918_OutputConfig  lt8918.o
    0x08003c9c   0x00000092   Code   RO         8551    i.Lt8918_PtnDataConfig  lt8918.o
    0x08003d2e   0x00000002   PAD
    0x08003d30   0x000000a8   Code   RO         8553    i.Lt8918_TxDPhyConfig  lt8918.o
    0x08003dd8   0x000001c4   Code   RO         8554    i.Lt8918_TxPllConfig  lt8918.o
    0x08003f9c   0x000002b0   Code   RO         8555    i.Lt8918_TxPrtclConfig  lt8918.o
    0x0800424c   0x000001d8   Code   RO         8558    i.Lt8918_VideoCheck_lvds  lt8918.o
    0x08004424   0x00000048   Code   RO         8560    i.Lt8918_checkByteClk  lt8918.o
    0x0800446c   0x00000048   Code   RO         8561    i.Lt8918_checkPixClk  lt8918.o
    0x080044b4   0x0000009c   Code   RO         8562    i.Lt8918_setVideoResolution  lt8918.o
    0x08004550   0x0000001e   Code   RO          555    i.MAL_GetStatus     mass_mal.o
    0x0800456e   0x0000002e   Code   RO          557    i.MAL_Read          mass_mal.o
    0x0800459c   0x0000002e   Code   RO          558    i.MAL_Write         mass_mal.o
    0x080045ca   0x00000002   PAD
    0x080045cc   0x00000060   Code   RO          734    i.MASS_Data_Setup   usb_prop.o
    0x0800462c   0x00000014   Code   RO          735    i.MASS_GetConfigDescriptor  usb_prop.o
    0x08004640   0x00000014   Code   RO          736    i.MASS_GetDeviceDescriptor  usb_prop.o
    0x08004654   0x00000028   Code   RO          737    i.MASS_GetStringDescriptor  usb_prop.o
    0x0800467c   0x00000016   Code   RO          738    i.MASS_Get_Interface_Setting  usb_prop.o
    0x08004692   0x00000002   PAD
    0x08004694   0x0000005c   Code   RO          739    i.MASS_NoData_Setup  usb_prop.o
    0x080046f0   0x000000f0   Code   RO          740    i.MASS_Reset        usb_prop.o
    0x080047e0   0x00000002   Code   RO          741    i.MASS_Status_In    usb_prop.o
    0x080047e2   0x00000002   Code   RO          742    i.MASS_Status_Out   usb_prop.o
    0x080047e4   0x00000028   Code   RO          743    i.MASS_init         usb_prop.o
    0x0800480c   0x0000001c   Code   RO          744    i.Mass_Storage_ClearFeature  usb_prop.o
    0x08004828   0x00000074   Code   RO          635    i.Mass_Storage_In   usb_bot.o
    0x0800489c   0x00000090   Code   RO          636    i.Mass_Storage_Out  usb_bot.o
    0x0800492c   0x00000030   Code   RO          745    i.Mass_Storage_SetConfiguration  usb_prop.o
    0x0800495c   0x0000000c   Code   RO          746    i.Mass_Storage_SetDeviceAddress  usb_prop.o
    0x08004968   0x00000004   Code   RO            4    i.MemManage_Handler  stm32f10x_it.o
    0x0800496c   0x00000002   Code   RO            5    i.NMI_Handler       stm32f10x_it.o
    0x0800496e   0x00000002   Code   RO         1002    i.NOP_Process       usb_core.o
    0x08004970   0x00000070   Code   RO         2130    i.NVIC_Init         misc.o
    0x080049e0   0x00000014   Code   RO         2131    i.NVIC_PriorityGroupConfig  misc.o
    0x080049f4   0x00000144   Code   RO         1003    i.NoData_Setup0     usb_core.o
    0x08004b38   0x00000050   Code   RO         1004    i.Out0_Process      usb_core.o
    0x08004b88   0x00000028   Code   RO         1170    i.PMAToUserBufferCopy  usb_mem.o
    0x08004bb0   0x00000002   Code   RO            6    i.PendSV_Handler    stm32f10x_it.o
    0x08004bb2   0x00000002   PAD
    0x08004bb4   0x00000048   Code   RO         1005    i.Post0_Process     usb_core.o
    0x08004bfc   0x00000040   Code   RO          839    i.PowerOn           usb_pwr.o
    0x08004c3c   0x00000020   Code   RO         2828    i.RCC_APB1PeriphClockCmd  stm32f10x_rcc.o
    0x08004c5c   0x00000020   Code   RO         2829    i.RCC_APB1PeriphResetCmd  stm32f10x_rcc.o
    0x08004c7c   0x00000020   Code   RO         2830    i.RCC_APB2PeriphClockCmd  stm32f10x_rcc.o
    0x08004c9c   0x00000020   Code   RO         2831    i.RCC_APB2PeriphResetCmd  stm32f10x_rcc.o
    0x08004cbc   0x00000014   Code   RO         2834    i.RCC_ClearFlag     stm32f10x_rcc.o
    0x08004cd0   0x000000d4   Code   RO         2838    i.RCC_GetClocksFreq  stm32f10x_rcc.o
    0x08004da4   0x0000003c   Code   RO         2839    i.RCC_GetFlagStatus  stm32f10x_rcc.o
    0x08004de0   0x000002d4   Code   RO         4319    i.RMC_Parse         gps_receive_task.o
    0x080050b4   0x0000010c   Code   RO          588    i.Read_Memory       memory.o
    0x080051c0   0x0000008c   Code   RO          880    i.SCSI_Address_Management  usb_scsi.o
    0x0800524c   0x00000030   Code   RO          881    i.SCSI_Format_Cmd   usb_scsi.o
    0x0800527c   0x00000048   Code   RO          882    i.SCSI_Inquiry_Cmd  usb_scsi.o
    0x080052c4   0x00000044   Code   RO          883    i.SCSI_Invalid_Cmd  usb_scsi.o
    0x08005308   0x00000014   Code   RO          884    i.SCSI_ModeSense10_Cmd  usb_scsi.o
    0x0800531c   0x00000014   Code   RO          885    i.SCSI_ModeSense6_Cmd  usb_scsi.o
    0x08005330   0x00000078   Code   RO          886    i.SCSI_Read10_Cmd   usb_scsi.o
    0x080053a8   0x0000009c   Code   RO          887    i.SCSI_ReadCapacity10_Cmd  usb_scsi.o
    0x08005444   0x00000088   Code   RO          888    i.SCSI_ReadFormatCapacity_Cmd  usb_scsi.o
    0x080054cc   0x00000028   Code   RO          889    i.SCSI_RequestSense_Cmd  usb_scsi.o
    0x080054f4   0x0000000e   Code   RO          890    i.SCSI_Start_Stop_Unit_Cmd  usb_scsi.o
    0x08005502   0x00000002   PAD
    0x08005504   0x00000038   Code   RO          891    i.SCSI_TestUnitReady_Cmd  usb_scsi.o
    0x0800553c   0x00000040   Code   RO          893    i.SCSI_Verify10_Cmd  usb_scsi.o
    0x0800557c   0x00000078   Code   RO          894    i.SCSI_Write10_Cmd  usb_scsi.o
    0x080055f4   0x00000002   Code   RO            7    i.SDIO_IRQHandler   stm32f10x_it.o
    0x080055f6   0x00000018   Code   RO         3216    i.SPI_CalculateCRC  stm32f10x_spi.o
    0x0800560e   0x00000018   Code   RO         3217    i.SPI_Cmd           stm32f10x_spi.o
    0x08005626   0x00000002   PAD
    0x08005628   0x00000058   Code   RO         3224    i.SPI_I2S_DeInit    stm32f10x_spi.o
    0x08005680   0x00000012   Code   RO         3225    i.SPI_I2S_GetFlagStatus  stm32f10x_spi.o
    0x08005692   0x00000006   Code   RO         3228    i.SPI_I2S_ReceiveData  stm32f10x_spi.o
    0x08005698   0x00000004   Code   RO         3229    i.SPI_I2S_SendData  stm32f10x_spi.o
    0x0800569c   0x0000003c   Code   RO         3230    i.SPI_Init          stm32f10x_spi.o
    0x080056d8   0x00000002   Code   RO            8    i.SVC_Handler       stm32f10x_it.o
    0x080056da   0x00000002   PAD
    0x080056dc   0x00000010   Code   RO         1218    i.SetBTABLE         usb_regs.o
    0x080056ec   0x00000050   Code   RO         1006    i.SetDeviceAddress  usb_core.o
    0x0800573c   0x00000024   Code   RO         1232    i.SetEPRxAddr       usb_regs.o
    0x08005760   0x0000004c   Code   RO         1233    i.SetEPRxCount      usb_regs.o
    0x080057ac   0x00000040   Code   RO         1234    i.SetEPRxStatus     usb_regs.o
    0x080057ec   0x00000034   Code   RO         1235    i.SetEPRxValid      usb_regs.o
    0x08005820   0x00000020   Code   RO         1236    i.SetEPTxAddr       usb_regs.o
    0x08005840   0x0000001c   Code   RO         1237    i.SetEPTxCount      usb_regs.o
    0x0800585c   0x00000040   Code   RO         1238    i.SetEPTxStatus     usb_regs.o
    0x0800589c   0x00000024   Code   RO         1240    i.SetEPType         usb_regs.o
    0x080058c0   0x0000000e   Code   RO         8563    i.SetRegisterBank   lt8918.o
    0x080058ce   0x00000008   Code   RO          410    i.SetSysClock       system_stm32f10x.o
    0x080058d6   0x00000002   PAD
    0x080058d8   0x000000e0   Code   RO          411    i.SetSysClockTo48   system_stm32f10x.o
    0x080059b8   0x0000003c   Code   RO          637    i.Set_CSW           usb_bot.o
    0x080059f4   0x0000000c   Code   RO          895    i.Set_Scsi_Sense_Data  usb_scsi.o
    0x08005a00   0x000000b8   Code   RO         1007    i.Setup0_Process    usb_core.o
    0x08005ab8   0x00000030   Code   RO           79    i.SoftReset         main.o
    0x08005ae8   0x0000016c   Code   RO         1008    i.Standard_ClearFeature  usb_core.o
    0x08005c54   0x0000002c   Code   RO         1009    i.Standard_GetConfiguration  usb_core.o
    0x08005c80   0x00000024   Code   RO         1010    i.Standard_GetDescriptorData  usb_core.o
    0x08005ca4   0x0000002c   Code   RO         1011    i.Standard_GetInterface  usb_core.o
    0x08005cd0   0x00000100   Code   RO         1012    i.Standard_GetStatus  usb_core.o
    0x08005dd0   0x00000048   Code   RO         1013    i.Standard_SetConfiguration  usb_core.o
    0x08005e18   0x00000028   Code   RO         1014    i.Standard_SetDeviceFeature  usb_core.o
    0x08005e40   0x000000d0   Code   RO         1015    i.Standard_SetEndPointFeature  usb_core.o
    0x08005f10   0x0000006c   Code   RO         1016    i.Standard_SetInterface  usb_core.o
    0x08005f7c   0x00000008   Code   RO            9    i.SysTick_Handler   stm32f10x_it.o
    0x08005f84   0x0000002c   Code   RO         4477    i.SysTick_HandlerService  systick.o
    0x08005fb0   0x0000006c   Code   RO         4478    i.SysTick_Init      systick.o
    0x0800601c   0x00000060   Code   RO          413    i.SystemInit        system_stm32f10x.o
    0x0800607c   0x0000001c   Code   RO         7396    i.TIM3_IRQHandler   timer.o
    0x08006098   0x00000006   Code   RO         3367    i.TIM_ClearITPendingBit  stm32f10x_tim.o
    0x0800609e   0x00000022   Code   RO         3393    i.TIM_GetITStatus   stm32f10x_tim.o
    0x080060c0   0x00000038   Code   RO          638    i.Transfer_Data_Request  usb_bot.o
    0x080060f8   0x000000cc   Code   RO         1898    i.UART1_Configuration  uart1.o
    0x080061c4   0x000000c8   Code   RO         1939    i.UART2_Configuration  uart2.o
    0x0800628c   0x000000c8   Code   RO         2030    i.UART3_Configuration  uart3.o
    0x08006354   0x00000054   Code   RO         2031    i.UART3_set_baudrate  uart3.o
    0x080063a8   0x00000084   Code   RO         1899    i.USART1_IRQHandler  uart1.o
    0x0800642c   0x00000020   Code   RO         1900    i.USART1_Interrupts_Config  uart1.o
    0x0800644c   0x0000006c   Code   RO         1940    i.USART2_IRQHandler  uart2.o
    0x080064b8   0x00000022   Code   RO         1941    i.USART2_Interrupts_Config  uart2.o
    0x080064da   0x00000002   PAD
    0x080064dc   0x00000078   Code   RO         2032    i.USART3_IRQHandler  uart3.o
    0x08006554   0x00000020   Code   RO         2033    i.USART3_Interrupts_Config  uart3.o
    0x08006574   0x00000012   Code   RO         3904    i.USART_ClearFlag   stm32f10x_usart.o
    0x08006586   0x00000022   Code   RO         3906    i.USART_ClockInit   stm32f10x_usart.o
    0x080065a8   0x00000018   Code   RO         3908    i.USART_Cmd         stm32f10x_usart.o
    0x080065c0   0x0000001a   Code   RO         3911    i.USART_GetFlagStatus  stm32f10x_usart.o
    0x080065da   0x00000054   Code   RO         3912    i.USART_GetITStatus  stm32f10x_usart.o
    0x0800662e   0x0000004a   Code   RO         3914    i.USART_ITConfig    stm32f10x_usart.o
    0x08006678   0x000000d8   Code   RO         3915    i.USART_Init        stm32f10x_usart.o
    0x08006750   0x0000000a   Code   RO         3922    i.USART_ReceiveData  stm32f10x_usart.o
    0x0800675a   0x00000008   Code   RO         3925    i.USART_SendData    stm32f10x_usart.o
    0x08006762   0x00000002   PAD
    0x08006764   0x00000024   Code   RO          454    i.USB_Cable_Config  hw_config.o
    0x08006788   0x00000002   Code   RO           80    i.USB_Ctrl          main.o
    0x0800678a   0x00000008   Code   RO           10    i.USB_HP_CAN1_TX_IRQHandler  stm32f10x_it.o
    0x08006792   0x00000002   PAD
    0x08006794   0x00000068   Code   RO          714    i.USB_Istr          usb_istr.o
    0x080067fc   0x00000008   Code   RO           11    i.USB_LP_CAN1_RX0_IRQHandler  stm32f10x_it.o
    0x08006804   0x0000000e   Code   RO          458    i.USB_NotConfigured_LED  hw_config.o
    0x08006812   0x00000002   PAD
    0x08006814   0x00000024   Code   RO         1548    i.USB_SIL_Init      usb_sil.o
    0x08006838   0x0000002e   Code   RO         1549    i.USB_SIL_Read      usb_sil.o
    0x08006866   0x0000002e   Code   RO         1550    i.USB_SIL_Write     usb_sil.o
    0x08006894   0x000000d2   Code   RO         4707    i.UTCTime2LocalTime  datetime.o
    0x08006966   0x00000004   Code   RO           12    i.UsageFault_Handler  stm32f10x_it.o
    0x0800696a   0x00000002   PAD
    0x0800696c   0x00000038   Code   RO         1171    i.UserToPMABufferCopy  usb_mem.o
    0x080069a4   0x00000060   Code   RO         4320    i.VTG_Parse         gps_receive_task.o
    0x08006a04   0x00000016   Code   RO         4479    i.Wait10Ms          systick.o
    0x08006a1a   0x00000002   PAD
    0x08006a1c   0x00000130   Code   RO          589    i.Write_Memory      memory.o
    0x08006b4c   0x00000038   Code   RO         4321    i.ZDA_Parse         gps_receive_task.o
    0x08006b84   0x00000020   Code   RO         9214    i.__0printf         mc_w.l(printfa.o)
    0x08006ba4   0x00000028   Code   RO         9216    i.__0sprintf        mc_w.l(printfa.o)
    0x08006bcc   0x00000028   Code   RO         9287    i.__ARM_fpclassify  m_ws.l(fpclassify.o)
    0x08006bf4   0x00000388   Code   RO         9292    i.__ieee754_rem_pio2  m_ws.l(rred.o)
    0x08006f7c   0x000000fc   Code   RO         9270    i.__kernel_cos      m_ws.l(cos_i.o)
    0x08007078   0x000000aa   Code   RO         9289    i.__kernel_poly     m_ws.l(poly.o)
    0x08007122   0x00000002   PAD
    0x08007124   0x000000ec   Code   RO         9297    i.__kernel_sin      m_ws.l(sin_i.o)
    0x08007210   0x00000010   Code   RO         9273    i.__mathlib_dbl_divzero  m_ws.l(dunder.o)
    0x08007220   0x00000006   Code   RO         9274    i.__mathlib_dbl_infnan  m_ws.l(dunder.o)
    0x08007226   0x00000004   Code   RO         9275    i.__mathlib_dbl_infnan2  m_ws.l(dunder.o)
    0x0800722a   0x0000000c   Code   RO         9276    i.__mathlib_dbl_invalid  m_ws.l(dunder.o)
    0x08007236   0x0000000e   Code   RO         9277    i.__mathlib_dbl_overflow  m_ws.l(dunder.o)
    0x08007244   0x00000010   Code   RO         9279    i.__mathlib_dbl_underflow  m_ws.l(dunder.o)
    0x08007254   0x0000000c   Code   RO         9329    i.__read_errno      mc_w.l(errno.o)
    0x08007260   0x0000000e   Code   RO         9369    i.__scatterload_copy  mc_w.l(handlers.o)
    0x0800726e   0x00000002   Code   RO         9370    i.__scatterload_null  mc_w.l(handlers.o)
    0x08007270   0x0000000e   Code   RO         9371    i.__scatterload_zeroinit  mc_w.l(handlers.o)
    0x0800727e   0x00000002   PAD
    0x08007280   0x0000000c   Code   RO         9330    i.__set_errno       mc_w.l(errno.o)
    0x0800728c   0x00000164   Code   RO         9221    i._fp_digits        mc_w.l(printfa.o)
    0x080073f0   0x0000000e   Code   RO         9356    i._is_digit         mc_w.l(scanf_fp.o)
    0x080073fe   0x00000002   PAD
    0x08007400   0x000006dc   Code   RO         9222    i._printf_core      mc_w.l(printfa.o)
    0x08007adc   0x00000024   Code   RO         9223    i._printf_post_padding  mc_w.l(printfa.o)
    0x08007b00   0x0000002e   Code   RO         9224    i._printf_pre_padding  mc_w.l(printfa.o)
    0x08007b2e   0x0000000a   Code   RO         9226    i._sputc            mc_w.l(printfa.o)
    0x08007b38   0x0000002a   Code   RO         8921    i.atof              m_ws.l(atof.o)
    0x08007b62   0x00000002   PAD
    0x08007b64   0x00000238   Code   RO         1626    i.auto_mount        ff.o
    0x08007d9c   0x00000084   Code   RO         4540    i.beep_taskctrl     system.o
    0x08007e20   0x0000005c   Code   RO          346    i.cfg_get_line      sys_cfg.o
    0x08007e7c   0x00000050   Code   RO          347    i.cfg_get_segment   sys_cfg.o
    0x08007ecc   0x000000a8   Code   RO          348    i.check_flash_cfg   sys_cfg.o
    0x08007f74   0x00000070   Code   RO         1627    i.check_fs          ff.o
    0x08007fe4   0x0000013c   Code   RO          349    i.check_itarcker_cfg  sys_cfg.o
    0x08008120   0x00000018   Code   RO         1628    i.chk_chr           ff.o
    0x08008138   0x0000001a   Code   RO         1629    i.clust2sect        ff.o
    0x08008152   0x00000002   PAD
    0x08008154   0x0000009c   Code   RO         8925    i.cos               m_ws.l(cos.o)
    0x080081f0   0x00000114   Code   RO          350    i.cpy_cfg_to_flash  sys_cfg.o
    0x08008304   0x000000b6   Code   RO         1630    i.create_chain      ff.o
    0x080083ba   0x00000002   PAD
    0x080083bc   0x00000148   Code   RO         1631    i.create_name       ff.o
    0x08008504   0x00000014   Code   RO         4480    i.delay1ms          systick.o
    0x08008518   0x00000010   Code   RO         4481    i.delay_nus         systick.o
    0x08008528   0x00000010   Code   RO         8800    i.delay_us          myiic.o
    0x08008538   0x00000076   Code   RO         1632    i.dir_find          ff.o
    0x080085ae   0x00000140   Code   RO         1633    i.dir_next          ff.o
    0x080086ee   0x00000078   Code   RO         1635    i.dir_register      ff.o
    0x08008766   0x000000ca   Code   RO         1637    i.dir_seek          ff.o
    0x08008830   0x00000028   Code   RO         1638    i.disc_mount        ff.o
    0x08008858   0x0000004c   Code   RO         1572    i.disk_initialize   diskio.o
    0x080088a4   0x00000068   Code   RO         1573    i.disk_ioctl        diskio.o
    0x0800890c   0x00000054   Code   RO         1574    i.disk_read         diskio.o
    0x08008960   0x00000014   Code   RO         1575    i.disk_status       diskio.o
    0x08008974   0x00000054   Code   RO         1576    i.disk_write        diskio.o
    0x080089c8   0x00000026   Code   RO         8307    i.eeprom_read       eeprom.o
    0x080089ee   0x00000036   Code   RO         8308    i.eeprom_write      eeprom.o
    0x08008a24   0x00000016   Code   RO         1640    i.f_close           ff.o
    0x08008a3a   0x000000e6   Code   RO         1642    i.f_getfree         ff.o
    0x08008b20   0x0000002c   Code   RO         1646    i.f_mount           ff.o
    0x08008b4c   0x00000142   Code   RO         1647    i.f_open            ff.o
    0x08008c8e   0x000001be   Code   RO         1649    i.f_printf          ff.o
    0x08008e4c   0x0000002a   Code   RO         1650    i.f_putc            ff.o
    0x08008e76   0x0000002c   Code   RO         1651    i.f_puts            ff.o
    0x08008ea2   0x000001d8   Code   RO         1652    i.f_read            ff.o
    0x0800907a   0x0000003a   Code   RO         1655    i.f_stat            ff.o
    0x080090b4   0x0000008e   Code   RO         1656    i.f_sync            ff.o
    0x08009142   0x00000208   Code   RO         1660    i.f_write           ff.o
    0x0800934a   0x00000098   Code   RO         1661    i.follow_path       ff.o
    0x080093e2   0x00000002   PAD
    0x080093e4   0x00000024   Code   RO         1902    i.fputc             uart1.o
    0x08009408   0x0000001c   Code   RO         4850    i.gSensor_taskinit  gsensor.o
    0x08009424   0x00000018   Code   RO         7420    i.gennum_3g_enable  key.o
    0x0800943c   0x00000100   Code   RO         1662    i.get_cluster       ff.o
    0x0800953c   0x00000040   Code   RO         1577    i.get_fattime       diskio.o
    0x0800957c   0x00000098   Code   RO         1663    i.get_fileinfo      ff.o
    0x08009614   0x00000008   Code   RO         4851    i.get_gsensor_state  gsensor.o
    0x0800961c   0x00000078   Code   RO         4744    i.get_spiflash_info  w25xx.o
    0x08009694   0x00000028   Code   RO         4322    i.gps_info_init     gps_receive_task.o
    0x080096bc   0x00000064   Code   RO         4323    i.gps_parse_proc    gps_receive_task.o
    0x08009720   0x00000360   Code   RO         4324    i.gps_task          gps_receive_task.o
    0x08009a80   0x00000018   Code   RO         4325    i.gps_taskctrl      gps_receive_task.o
    0x08009a98   0x00000020   Code   RO         4326    i.gps_taskinit      gps_receive_task.o
    0x08009ab8   0x0000010c   Code   RO         4797    i.gpspos_to_yeelinktype  yeelink.o
    0x08009bc4   0x00000068   Code   RO         4542    i.hw_io_ctrl        system.o
    0x08009c2c   0x00000080   Code   RO         4543    i.hw_io_init        system.o
    0x08009cac   0x00000020   Code   RO         4798    i.iPos_clr          yeelink.o
    0x08009ccc   0x00000024   Code   RO         4799    i.iPos_get_num      yeelink.o
    0x08009cf0   0x00000090   Code   RO         4427    i.iTrack_task       let_us_go.o
    0x08009d80   0x00000030   Code   RO         4428    i.iTrack_taskctrl   let_us_go.o
    0x08009db0   0x0000000c   Code   RO         4429    i.iTrack_taskinit   let_us_go.o
    0x08009dbc   0x0000001a   Code   RO         4653    i.isalphabet        my_string.o
    0x08009dd6   0x0000002a   Code   RO         4654    i.ischar            my_string.o
    0x08009e00   0x00000012   Code   RO         4655    i.isdec             my_string.o
    0x08009e12   0x0000002e   Code   RO         4656    i.isdecstring       my_string.o
    0x08009e40   0x00000012   Code   RO         4657    i.isnumber          my_string.o
    0x08009e52   0x00000002   PAD
    0x08009e54   0x00000068   Code   RO         7421    i.key_condition     key.o
    0x08009ebc   0x0000004c   Code   RO         7422    i.key_is_long_pressed  key.o
    0x08009f08   0x0000005c   Code   RO         7423    i.key_is_pressed    key.o
    0x08009f64   0x0000005c   Code   RO         7424    i.key_is_unpressed  key.o
    0x08009fc0   0x000000c4   Code   RO         7425    i.key_print         key.o
    0x0800a084   0x000000b0   Code   RO         7426    i.key_print_by_id   key.o
    0x0800a134   0x00000170   Code   RO         7427    i.key_scan_process  key.o
    0x0800a2a4   0x000000fc   Code   RO         4545    i.led_taskctrl      system.o
    0x0800a3a0   0x000004a0   Code   RO          351    i.load_sys_config   sys_cfg.o
    0x0800a840   0x000000a0   Code   RO         8565    i.lt8918l_Process   lt8918.o
    0x0800a8e0   0x000001f8   Code   RO           82    i.main              main.o
    0x0800aad8   0x00000026   Code   RO         1664    i.mem_cmp           ff.o
    0x0800aafe   0x0000001a   Code   RO         1665    i.mem_cpy           ff.o
    0x0800ab18   0x00000016   Code   RO         1666    i.mem_set           ff.o
    0x0800ab2e   0x00000002   PAD
    0x0800ab30   0x00000198   Code   RO         4430    i.motion_analysis_by_gps  let_us_go.o
    0x0800acc8   0x0000006c   Code   RO         1667    i.move_window       ff.o
    0x0800ad34   0x000000b6   Code   RO         4327    i.nmea_get_frame    gps_receive_task.o
    0x0800adea   0x00000002   PAD
    0x0800adec   0x0000013c   Code   RO         4328    i.nmea_get_info     gps_receive_task.o
    0x0800af28   0x00000034   Code   RO         4329    i.nmea_get_section  gps_receive_task.o
    0x0800af5c   0x00000144   Code   RO         4431    i.now_position_to_xml  let_us_go.o
    0x0800b0a0   0x00000098   Code   RO         8333    i.pelco_d_check_valid  pelco_d.o
    0x0800b138   0x000002e8   Code   RO         8334    i.pelco_d_handle    pelco_d.o
    0x0800b420   0x00000044   Code   RO         8335    i.pelco_d_init      pelco_d.o
    0x0800b464   0x0000000c   Code   RO         8336    i.pelco_d_input_byte  pelco_d.o
    0x0800b470   0x00000088   Code   RO         8337    i.pelco_d_parse_message  pelco_d.o
    0x0800b4f8   0x0000003a   Code   RO         8338    i.pelco_d_process   pelco_d.o
    0x0800b532   0x00000002   PAD
    0x0800b534   0x00000058   Code   RO         8339    i.pelco_d_pull_message  pelco_d.o
    0x0800b58c   0x000000c8   Code   RO         8340    i.pelco_fill_message  pelco_d.o
    0x0800b654   0x00000068   Code   RO         8341    i.pelco_handle_cmd  pelco_d.o
    0x0800b6bc   0x000000d8   Code   RO         8342    i.pelco_p_parse_message  pelco_d.o
    0x0800b794   0x00000064   Code   RO         8343    i.pelco_print_message  pelco_d.o
    0x0800b7f8   0x000009b8   Code   RO         8933    i.pow               m_ws.l(pow.o)
    0x0800c1b0   0x00000140   Code   RO         1668    i.put_cluster       ff.o
    0x0800c2f0   0x00000026   Code   RO         4432    i.remember_now_gps_pos  let_us_go.o
    0x0800c316   0x00000068   Code   RO         1669    i.remove_chain      ff.o
    0x0800c37e   0x00000002   PAD
    0x0800c380   0x00000068   Code   RO         4853    i.set_gsensor_ctrl  gsensor.o
    0x0800c3e8   0x000000a0   Code   RO         8943    i.sin               m_ws.l(sin.o)
    0x0800c488   0x00000020   Code   RO         7326    i.sony_ui_clear_all  sony_ui.o
    0x0800c4a8   0x00000020   Code   RO         7327    i.sony_ui_clear_line  sony_ui.o
    0x0800c4c8   0x00000024   Code   RO         7328    i.sony_ui_display_all  sony_ui.o
    0x0800c4ec   0x00000024   Code   RO         7329    i.sony_ui_display_line  sony_ui.o
    0x0800c510   0x0000006c   Code   RO         7330    i.sony_ui_get_char  sony_ui.o
    0x0800c57c   0x00000058   Code   RO         7331    i.sony_ui_init      sony_ui.o
    0x0800c5d4   0x00000038   Code   RO         7334    i.sony_ui_set_color  sony_ui.o
    0x0800c60c   0x000000bc   Code   RO         7335    i.sony_ui_set_title  sony_ui.o
    0x0800c6c8   0x00000044   Code   RO         8409    i.sony_visca_init   visca_p.o
    0x0800c70c   0x0000001c   Code   RO         8410    i.sony_visca_input_byte  visca_p.o
    0x0800c728   0x00000010   Code   RO         5025    i.sonylens_address_get  sonylens.o
    0x0800c738   0x0000000c   Code   RO         5026    i.sonylens_advance_alarm_out_get  sonylens.o
    0x0800c744   0x00000004   Code   RO         5027    i.sonylens_advance_alarm_out_get_count  sonylens.o
    0x0800c748   0x00000018   Code   RO         5028    i.sonylens_advance_alarm_out_right  sonylens.o
    0x0800c760   0x00000014   Code   RO         5029    i.sonylens_advance_alarm_out_set  sonylens.o
    0x0800c774   0x0000000c   Code   RO         5030    i.sonylens_advance_blc_get  sonylens.o
    0x0800c780   0x00000004   Code   RO         5031    i.sonylens_advance_blc_get_count  sonylens.o
    0x0800c784   0x00000014   Code   RO         5032    i.sonylens_advance_blc_right  sonylens.o
    0x0800c798   0x00000030   Code   RO         5033    i.sonylens_advance_blc_set  sonylens.o
    0x0800c7c8   0x0000000c   Code   RO         5034    i.sonylens_advance_defog_mode_get  sonylens.o
    0x0800c7d4   0x00000004   Code   RO         5035    i.sonylens_advance_defog_mode_get_count  sonylens.o
    0x0800c7d8   0x00000018   Code   RO         5036    i.sonylens_advance_defog_mode_right  sonylens.o
    0x0800c7f0   0x00000050   Code   RO         5037    i.sonylens_advance_defog_mode_set  sonylens.o
    0x0800c840   0x0000000c   Code   RO         5038    i.sonylens_advance_expcomp_get  sonylens.o
    0x0800c84c   0x00000004   Code   RO         5039    i.sonylens_advance_expcomp_get_count  sonylens.o
    0x0800c850   0x00000030   Code   RO         5040    i.sonylens_advance_expcomp_on  sonylens.o
    0x0800c880   0x00000014   Code   RO         5041    i.sonylens_advance_expcomp_right  sonylens.o
    0x0800c894   0x00000050   Code   RO         5042    i.sonylens_advance_expcomp_set  sonylens.o
    0x0800c8e4   0x0000004c   Code   RO         5043    i.sonylens_advance_init  sonylens.o
    0x0800c930   0x0000000c   Code   RO         5044    i.sonylens_advance_ircut_get  sonylens.o
    0x0800c93c   0x00000004   Code   RO         5045    i.sonylens_advance_ircut_get_count  sonylens.o
    0x0800c940   0x00000018   Code   RO         5046    i.sonylens_advance_ircut_right  sonylens.o
    0x0800c958   0x0000000c   Code   RO         5047    i.sonylens_advance_ircut_set  sonylens.o
    0x0800c964   0x00000024   Code   RO         5048    i.sonylens_advance_menu_back_action  sonylens.o
    0x0800c988   0x00000002   Code   RO         5049    i.sonylens_advance_menu_init  sonylens.o
    0x0800c98a   0x00000002   PAD
    0x0800c98c   0x00000024   Code   RO         5050    i.sonylens_advance_menu_privacy_action  sonylens.o
    0x0800c9b0   0x0000000c   Code   RO         5051    i.sonylens_advance_nr_level_get  sonylens.o
    0x0800c9bc   0x00000004   Code   RO         5052    i.sonylens_advance_nr_level_get_count  sonylens.o
    0x0800c9c0   0x00000018   Code   RO         5053    i.sonylens_advance_nr_level_right  sonylens.o
    0x0800c9d8   0x0000002c   Code   RO         5054    i.sonylens_advance_nr_level_set  sonylens.o
    0x0800ca04   0x0000000c   Code   RO         5055    i.sonylens_advance_stabilizer_get  sonylens.o
    0x0800ca10   0x00000004   Code   RO         5056    i.sonylens_advance_stabilizer_get_count  sonylens.o
    0x0800ca14   0x00000018   Code   RO         5057    i.sonylens_advance_stabilizer_right  sonylens.o
    0x0800ca2c   0x00000020   Code   RO         5058    i.sonylens_advance_stabilizer_set  sonylens.o
    0x0800ca4c   0x0000000c   Code   RO         5059    i.sonylens_advance_wdr_get  sonylens.o
    0x0800ca58   0x00000004   Code   RO         5060    i.sonylens_advance_wdr_get_count  sonylens.o
    0x0800ca5c   0x00000018   Code   RO         5061    i.sonylens_advance_wdr_right  sonylens.o
    0x0800ca74   0x00000014   Code   RO         5062    i.sonylens_advance_wdr_set  sonylens.o
    0x0800ca88   0x0000000c   Code   RO         5063    i.sonylens_camera_id_display_get  sonylens.o
    0x0800ca94   0x00000004   Code   RO         5064    i.sonylens_camera_id_display_get_count  sonylens.o
    0x0800ca98   0x00000018   Code   RO         5065    i.sonylens_camera_id_display_right  sonylens.o
    0x0800cab0   0x0000000c   Code   RO         5066    i.sonylens_camera_id_display_set  sonylens.o
    0x0800cabc   0x0000000c   Code   RO         5067    i.sonylens_camera_id_get  sonylens.o
    0x0800cac8   0x00000006   Code   RO         5068    i.sonylens_camera_id_get_count  sonylens.o
    0x0800cace   0x00000002   PAD
    0x0800cad0   0x00000014   Code   RO         5069    i.sonylens_camera_id_right  sonylens.o
    0x0800cae4   0x0000000c   Code   RO         5070    i.sonylens_camera_id_set  sonylens.o
    0x0800caf0   0x00000024   Code   RO         5071    i.sonylens_camera_menu_back_action  sonylens.o
    0x0800cb14   0x00000002   Code   RO         5072    i.sonylens_camera_menu_init  sonylens.o
    0x0800cb16   0x00000002   PAD
    0x0800cb18   0x00000044   Code   RO         5075    i.sonylens_control_f1  sonylens.o
    0x0800cb5c   0x00000002   Code   RO         5076    i.sonylens_control_f10  sonylens.o
    0x0800cb5e   0x00000002   Code   RO         5077    i.sonylens_control_f11  sonylens.o
    0x0800cb60   0x00000002   Code   RO         5078    i.sonylens_control_f12  sonylens.o
    0x0800cb62   0x00000002   Code   RO         5079    i.sonylens_control_f2  sonylens.o
    0x0800cb64   0x00000002   Code   RO         5080    i.sonylens_control_f3  sonylens.o
    0x0800cb66   0x00000002   Code   RO         5081    i.sonylens_control_f4  sonylens.o
    0x0800cb68   0x00000002   Code   RO         5082    i.sonylens_control_f5  sonylens.o
    0x0800cb6a   0x00000002   Code   RO         5083    i.sonylens_control_f6  sonylens.o
    0x0800cb6c   0x00000002   Code   RO         5084    i.sonylens_control_f7  sonylens.o
    0x0800cb6e   0x00000002   Code   RO         5085    i.sonylens_control_f8  sonylens.o
    0x0800cb70   0x00000002   Code   RO         5086    i.sonylens_control_f9  sonylens.o
    0x0800cb72   0x00000002   PAD
    0x0800cb74   0x00000034   Code   RO         5087    i.sonylens_default_action  sonylens.o
    0x0800cba8   0x0000000c   Code   RO         5088    i.sonylens_default_get  sonylens.o
    0x0800cbb4   0x00000014   Code   RO         5090    i.sonylens_default_right  sonylens.o
    0x0800cbc8   0x0000000c   Code   RO         5091    i.sonylens_default_set  sonylens.o
    0x0800cbd4   0x0000000c   Code   RO         5092    i.sonylens_dig_zoom_get  sonylens.o
    0x0800cbe0   0x00000004   Code   RO         5093    i.sonylens_dig_zoom_get_count  sonylens.o
    0x0800cbe4   0x00000014   Code   RO         5094    i.sonylens_dig_zoom_right  sonylens.o
    0x0800cbf8   0x00000064   Code   RO         5095    i.sonylens_dig_zoom_set  sonylens.o
    0x0800cc5c   0x00000002   Code   RO         5098    i.sonylens_exit_menu_init  sonylens.o
    0x0800cc5e   0x00000002   PAD
    0x0800cc60   0x00000044   Code   RO         5099    i.sonylens_expcomp_set  sonylens.o
    0x0800cca4   0x0000000c   Code   RO         5100    i.sonylens_exposure_ae_mode_get  sonylens.o
    0x0800ccb0   0x00000004   Code   RO         5101    i.sonylens_exposure_ae_mode_get_count  sonylens.o
    0x0800ccb4   0x00000014   Code   RO         5102    i.sonylens_exposure_ae_mode_right  sonylens.o
    0x0800ccc8   0x0000003c   Code   RO         5103    i.sonylens_exposure_ae_mode_set  sonylens.o
    0x0800cd04   0x0000000c   Code   RO         5104    i.sonylens_exposure_bri_get  sonylens.o
    0x0800cd10   0x00000004   Code   RO         5105    i.sonylens_exposure_bri_get_count  sonylens.o
    0x0800cd14   0x00000010   Code   RO         5106    i.sonylens_exposure_bri_right  sonylens.o
    0x0800cd24   0x0000000c   Code   RO         5107    i.sonylens_exposure_bri_set  sonylens.o
    0x0800cd30   0x0000000c   Code   RO         5108    i.sonylens_exposure_gain_get  sonylens.o
    0x0800cd3c   0x00000004   Code   RO         5109    i.sonylens_exposure_gain_get_count  sonylens.o
    0x0800cd40   0x00000014   Code   RO         5110    i.sonylens_exposure_gain_right  sonylens.o
    0x0800cd54   0x00000034   Code   RO         5111    i.sonylens_exposure_gain_set  sonylens.o
    0x0800cd88   0x00000030   Code   RO         5112    i.sonylens_exposure_init  sonylens.o
    0x0800cdb8   0x0000000c   Code   RO         5113    i.sonylens_exposure_iris_get  sonylens.o
    0x0800cdc4   0x00000004   Code   RO         5114    i.sonylens_exposure_iris_get_count  sonylens.o
    0x0800cdc8   0x00000014   Code   RO         5115    i.sonylens_exposure_iris_right  sonylens.o
    0x0800cddc   0x00000040   Code   RO         5116    i.sonylens_exposure_iris_set  sonylens.o
    0x0800ce1c   0x00000024   Code   RO         5117    i.sonylens_exposure_menu_back_action  sonylens.o
    0x0800ce40   0x00000088   Code   RO         5118    i.sonylens_exposure_menu_init  sonylens.o
    0x0800cec8   0x0000000c   Code   RO         5120    i.sonylens_exposure_shutter_get  sonylens.o
    0x0800ced4   0x00000004   Code   RO         5121    i.sonylens_exposure_shutter_get_count  sonylens.o
    0x0800ced8   0x00000044   Code   RO         5122    i.sonylens_exposure_shutter_right  sonylens.o
    0x0800cf1c   0x0000002c   Code   RO         5123    i.sonylens_exposure_shutter_set  sonylens.o
    0x0800cf48   0x0000000c   Code   RO         5124    i.sonylens_exposure_slow_ae_get  sonylens.o
    0x0800cf54   0x00000004   Code   RO         5125    i.sonylens_exposure_slow_ae_get_count  sonylens.o
    0x0800cf58   0x00000014   Code   RO         5126    i.sonylens_exposure_slow_ae_right  sonylens.o
    0x0800cf6c   0x0000002c   Code   RO         5127    i.sonylens_exposure_slow_ae_set  sonylens.o
    0x0800cf98   0x0000000c   Code   RO         5128    i.sonylens_exposure_slow_shutter_get  sonylens.o
    0x0800cfa4   0x00000004   Code   RO         5129    i.sonylens_exposure_slow_shutter_get_count  sonylens.o
    0x0800cfa8   0x00000014   Code   RO         5130    i.sonylens_exposure_slow_shutter_right  sonylens.o
    0x0800cfbc   0x00000030   Code   RO         5131    i.sonylens_exposure_slow_shutter_set  sonylens.o
    0x0800cfec   0x0000000c   Code   RO         5132    i.sonylens_focus_af_sens_get  sonylens.o
    0x0800cff8   0x00000004   Code   RO         5133    i.sonylens_focus_af_sens_get_count  sonylens.o
    0x0800cffc   0x00000014   Code   RO         5134    i.sonylens_focus_af_sens_right  sonylens.o
    0x0800d010   0x00000030   Code   RO         5135    i.sonylens_focus_af_sens_set  sonylens.o
    0x0800d040   0x00000028   Code   RO         5136    i.sonylens_focus_init  sonylens.o
    0x0800d068   0x0000000c   Code   RO         5137    i.sonylens_focus_light_get  sonylens.o
    0x0800d074   0x00000004   Code   RO         5138    i.sonylens_focus_light_get_count  sonylens.o
    0x0800d078   0x00000014   Code   RO         5139    i.sonylens_focus_light_right  sonylens.o
    0x0800d08c   0x00000030   Code   RO         5140    i.sonylens_focus_light_set  sonylens.o
    0x0800d0bc   0x00000024   Code   RO         5141    i.sonylens_focus_menu_back_action  sonylens.o
    0x0800d0e0   0x00000002   Code   RO         5142    i.sonylens_focus_menu_init  sonylens.o
    0x0800d0e2   0x00000002   PAD
    0x0800d0e4   0x0000003c   Code   RO         5144    i.sonylens_focus_mode_get  sonylens.o
    0x0800d120   0x00000004   Code   RO         5145    i.sonylens_focus_mode_get_count  sonylens.o
    0x0800d124   0x00000014   Code   RO         5146    i.sonylens_focus_mode_right  sonylens.o
    0x0800d138   0x00000030   Code   RO         5147    i.sonylens_focus_mode_set  sonylens.o
    0x0800d168   0x0000000c   Code   RO         5148    i.sonylens_focus_near_limit_get  sonylens.o
    0x0800d174   0x00000004   Code   RO         5149    i.sonylens_focus_near_limit_get_count  sonylens.o
    0x0800d178   0x00000014   Code   RO         5150    i.sonylens_focus_near_limit_right  sonylens.o
    0x0800d18c   0x0000002c   Code   RO         5151    i.sonylens_focus_near_limit_set  sonylens.o
    0x0800d1b8   0x0000000c   Code   RO         5153    i.sonylens_general_address_get  sonylens.o
    0x0800d1c4   0x00000004   Code   RO         5154    i.sonylens_general_address_get_count  sonylens.o
    0x0800d1c8   0x00000014   Code   RO         5155    i.sonylens_general_address_right  sonylens.o
    0x0800d1dc   0x0000000c   Code   RO         5156    i.sonylens_general_address_set  sonylens.o
    0x0800d1e8   0x0000000c   Code   RO         5157    i.sonylens_general_aux_get  sonylens.o
    0x0800d1f4   0x00000004   Code   RO         5158    i.sonylens_general_aux_get_count  sonylens.o
    0x0800d1f8   0x00000018   Code   RO         5159    i.sonylens_general_aux_right  sonylens.o
    0x0800d210   0x0000000c   Code   RO         5160    i.sonylens_general_aux_set  sonylens.o
    0x0800d21c   0x0000000c   Code   RO         5161    i.sonylens_general_baudrate_get  sonylens.o
    0x0800d228   0x00000004   Code   RO         5162    i.sonylens_general_baudrate_get_count  sonylens.o
    0x0800d22c   0x00000018   Code   RO         5163    i.sonylens_general_baudrate_right  sonylens.o
    0x0800d244   0x00000050   Code   RO         5164    i.sonylens_general_baudrate_set  sonylens.o
    0x0800d294   0x0000000c   Code   RO         5165    i.sonylens_general_format_get  sonylens.o
    0x0800d2a0   0x00000004   Code   RO         5166    i.sonylens_general_format_get_count  sonylens.o
    0x0800d2a4   0x00000018   Code   RO         5167    i.sonylens_general_format_right  sonylens.o
    0x0800d2bc   0x0000000c   Code   RO         5168    i.sonylens_general_format_set  sonylens.o
    0x0800d2c8   0x00000028   Code   RO         5169    i.sonylens_general_init  sonylens.o
    0x0800d2f0   0x0000000c   Code   RO         5170    i.sonylens_general_lr_hand_get  sonylens.o
    0x0800d2fc   0x00000004   Code   RO         5171    i.sonylens_general_lr_hand_get_count  sonylens.o
    0x0800d300   0x00000018   Code   RO         5172    i.sonylens_general_lr_hand_right  sonylens.o
    0x0800d318   0x0000000c   Code   RO         5173    i.sonylens_general_lr_hand_set  sonylens.o
    0x0800d324   0x00000024   Code   RO         5174    i.sonylens_general_menu_back_action  sonylens.o
    0x0800d348   0x00000024   Code   RO         5175    i.sonylens_general_menu_camera_action  sonylens.o
    0x0800d36c   0x00000002   Code   RO         5176    i.sonylens_general_menu_init  sonylens.o
    0x0800d36e   0x00000002   PAD
    0x0800d370   0x00000024   Code   RO         5177    i.sonylens_general_menu_preset_action  sonylens.o
    0x0800d394   0x0000000c   Code   RO         5179    i.sonylens_general_protocol_get  sonylens.o
    0x0800d3a0   0x00000004   Code   RO         5180    i.sonylens_general_protocol_get_count  sonylens.o
    0x0800d3a4   0x00000018   Code   RO         5181    i.sonylens_general_protocol_right  sonylens.o
    0x0800d3bc   0x00000028   Code   RO         5182    i.sonylens_general_protocol_set  sonylens.o
    0x0800d3e4   0x00000010   Code   RO         5184    i.sonylens_get_auto_mode  sonylens.o
    0x0800d3f4   0x00000028   Code   RO         5186    i.sonylens_get_mode_info  sonylens.o
    0x0800d41c   0x00000048   Code   RO         5187    i.sonylens_get_monitor_mode  sonylens.o
    0x0800d464   0x00000010   Code   RO         5188    i.sonylens_get_zoom_desc  sonylens.o
    0x0800d474   0x00000034   Code   RO         5189    i.sonylens_get_zoom_index  sonylens.o
    0x0800d4a8   0x00000078   Code   RO         5190    i.sonylens_get_zoom_value  sonylens.o
    0x0800d520   0x0000000c   Code   RO         5192    i.sonylens_image_aperture_get  sonylens.o
    0x0800d52c   0x00000004   Code   RO         5193    i.sonylens_image_aperture_get_count  sonylens.o
    0x0800d530   0x00000014   Code   RO         5194    i.sonylens_image_aperture_right  sonylens.o
    0x0800d544   0x0000002c   Code   RO         5195    i.sonylens_image_aperture_set  sonylens.o
    0x0800d570   0x0000000c   Code   RO         5196    i.sonylens_image_chroma_suppress_get  sonylens.o
    0x0800d57c   0x00000004   Code   RO         5197    i.sonylens_image_chroma_suppress_get_count  sonylens.o
    0x0800d580   0x00000014   Code   RO         5198    i.sonylens_image_chroma_suppress_right  sonylens.o
    0x0800d594   0x0000002c   Code   RO         5199    i.sonylens_image_chroma_suppress_set  sonylens.o
    0x0800d5c0   0x0000000c   Code   RO         5200    i.sonylens_image_color_gain_get  sonylens.o
    0x0800d5cc   0x00000004   Code   RO         5201    i.sonylens_image_color_gain_get_count  sonylens.o
    0x0800d5d0   0x00000014   Code   RO         5202    i.sonylens_image_color_gain_right  sonylens.o
    0x0800d5e4   0x0000002c   Code   RO         5203    i.sonylens_image_color_gain_set  sonylens.o
    0x0800d610   0x0000000c   Code   RO         5204    i.sonylens_image_color_hue_get  sonylens.o
    0x0800d61c   0x00000004   Code   RO         5205    i.sonylens_image_color_hue_get_count  sonylens.o
    0x0800d620   0x00000014   Code   RO         5206    i.sonylens_image_color_hue_right  sonylens.o
    0x0800d634   0x0000002c   Code   RO         5207    i.sonylens_image_color_hue_set  sonylens.o
    0x0800d660   0x0000000c   Code   RO         5208    i.sonylens_image_flip_get  sonylens.o
    0x0800d66c   0x00000004   Code   RO         5209    i.sonylens_image_flip_get_count  sonylens.o
    0x0800d670   0x00000018   Code   RO         5210    i.sonylens_image_flip_right  sonylens.o
    0x0800d688   0x0000003c   Code   RO         5211    i.sonylens_image_flip_set  sonylens.o
    0x0800d6c4   0x0000000c   Code   RO         5212    i.sonylens_image_freeze_get  sonylens.o
    0x0800d6d0   0x00000004   Code   RO         5213    i.sonylens_image_freeze_get_count  sonylens.o
    0x0800d6d4   0x00000018   Code   RO         5214    i.sonylens_image_freeze_right  sonylens.o
    0x0800d6ec   0x0000003c   Code   RO         5215    i.sonylens_image_freeze_set  sonylens.o
    0x0800d728   0x0000000c   Code   RO         5216    i.sonylens_image_gamma_get  sonylens.o
    0x0800d734   0x00000004   Code   RO         5217    i.sonylens_image_gamma_get_count  sonylens.o
    0x0800d738   0x00000018   Code   RO         5218    i.sonylens_image_gamma_right  sonylens.o
    0x0800d750   0x0000002c   Code   RO         5219    i.sonylens_image_gamma_set  sonylens.o
    0x0800d77c   0x00000064   Code   RO         5220    i.sonylens_image_init  sonylens.o
    0x0800d7e0   0x00000024   Code   RO         5221    i.sonylens_image_menu_back_action  sonylens.o
    0x0800d804   0x00000002   Code   RO         5222    i.sonylens_image_menu_init  sonylens.o
    0x0800d806   0x00000002   PAD
    0x0800d808   0x0000000c   Code   RO         5223    i.sonylens_image_mirror_get  sonylens.o
    0x0800d814   0x00000004   Code   RO         5224    i.sonylens_image_mirror_get_count  sonylens.o
    0x0800d818   0x00000018   Code   RO         5225    i.sonylens_image_mirror_right  sonylens.o
    0x0800d830   0x00000030   Code   RO         5226    i.sonylens_image_mirror_set  sonylens.o
    0x0800d860   0x0000000c   Code   RO         5227    i.sonylens_image_pic_effect_get  sonylens.o
    0x0800d86c   0x00000004   Code   RO         5228    i.sonylens_image_pic_effect_get_count  sonylens.o
    0x0800d870   0x00000018   Code   RO         5229    i.sonylens_image_pic_effect_right  sonylens.o
    0x0800d888   0x00000038   Code   RO         5230    i.sonylens_image_pic_effect_set  sonylens.o
    0x0800d8c0   0x00000254   Code   RO         5231    i.sonylens_init     sonylens.o
    0x0800db14   0x0000004c   Code   RO         5232    i.sonylens_iris_set  sonylens.o
    0x0800db60   0x00000028   Code   RO         5233    i.sonylens_key_advance_expcomp_on  sonylens.o
    0x0800db88   0x00000040   Code   RO         5234    i.sonylens_key_advance_expcomp_set  sonylens.o
    0x0800dbc8   0x00000030   Code   RO         5235    i.sonylens_key_exposure_ae_mode_set  sonylens.o
    0x0800dbf8   0x00000024   Code   RO         5236    i.sonylens_key_exposure_gain_set  sonylens.o
    0x0800dc1c   0x00000030   Code   RO         5237    i.sonylens_key_exposure_iris_set  sonylens.o
    0x0800dc4c   0x00000024   Code   RO         5238    i.sonylens_key_exposure_shutter_set  sonylens.o
    0x0800dc70   0x000002ec   Code   RO         5239    i.sonylens_key_handle_process  sonylens.o
    0x0800df5c   0x0000002c   Code   RO         5240    i.sonylens_key_image_flip_set  sonylens.o
    0x0800df88   0x0000002c   Code   RO         5241    i.sonylens_key_image_freeze_set  sonylens.o
    0x0800dfb4   0x00000048   Code   RO         5242    i.sonylens_key_wb_mode_set  sonylens.o
    0x0800dffc   0x00000024   Code   RO         5243    i.sonylens_main_menu_advance_set_action  sonylens.o
    0x0800e020   0x00000024   Code   RO         5244    i.sonylens_main_menu_exit_action  sonylens.o
    0x0800e044   0x00000024   Code   RO         5245    i.sonylens_main_menu_exposure_set_action  sonylens.o
    0x0800e068   0x00000024   Code   RO         5246    i.sonylens_main_menu_focus_set_action  sonylens.o
    0x0800e08c   0x00000024   Code   RO         5247    i.sonylens_main_menu_general_set_action  sonylens.o
    0x0800e0b0   0x00000024   Code   RO         5248    i.sonylens_main_menu_image_set_action  sonylens.o
    0x0800e0d4   0x0000002c   Code   RO         5249    i.sonylens_main_menu_init  sonylens.o
    0x0800e100   0x00000024   Code   RO         5250    i.sonylens_main_menu_wb_set_action  sonylens.o
    0x0800e124   0x00000024   Code   RO         5251    i.sonylens_main_menu_zoom_set_action  sonylens.o
    0x0800e148   0x0000004c   Code   RO         5252    i.sonylens_menu_action  sonylens.o
    0x0800e194   0x00000028   Code   RO         5253    i.sonylens_menu_display_process  sonylens.o
    0x0800e1bc   0x00000008   Code   RO         5254    i.sonylens_menu_exit_no  sonylens.o
    0x0800e1c4   0x00000024   Code   RO         5255    i.sonylens_menu_exit_yes  sonylens.o
    0x0800e1e8   0x00000088   Code   RO         5256    i.sonylens_menu_item_update  sonylens.o
    0x0800e270   0x00000170   Code   RO         5257    i.sonylens_menu_move_leftright  sonylens.o
    0x0800e3e0   0x00000060   Code   RO         5259    i.sonylens_menu_move_updown1  sonylens.o
    0x0800e440   0x00000020   Code   RO         5260    i.sonylens_menu_off  sonylens.o
    0x0800e460   0x00000080   Code   RO         5261    i.sonylens_menu_on1  sonylens.o
    0x0800e4e0   0x0000007c   Code   RO         5264    i.sonylens_msg_compare  sonylens.o
    0x0800e55c   0x0000000c   Code   RO         5265    i.sonylens_osd_get  sonylens.o
    0x0800e568   0x00000004   Code   RO         5266    i.sonylens_osd_get_count  sonylens.o
    0x0800e56c   0x00000014   Code   RO         5267    i.sonylens_osd_right  sonylens.o
    0x0800e580   0x00000060   Code   RO         5268    i.sonylens_osd_set  sonylens.o
    0x0800e5e0   0x00000018   Code   RO         5272    i.sonylens_preset_exist_get  sonylens.o
    0x0800e5f8   0x00000020   Code   RO         5274    i.sonylens_preset_exist_right  sonylens.o
    0x0800e618   0x00000024   Code   RO         5276    i.sonylens_preset_menu_back_action  sonylens.o
    0x0800e63c   0x00000018   Code   RO         5277    i.sonylens_preset_menu_del_action  sonylens.o
    0x0800e654   0x00000010   Code   RO         5278    i.sonylens_preset_menu_init  sonylens.o
    0x0800e664   0x00000054   Code   RO         5279    i.sonylens_preset_menu_run_action  sonylens.o
    0x0800e6b8   0x00000038   Code   RO         5280    i.sonylens_preset_menu_set_action  sonylens.o
    0x0800e6f0   0x0000000c   Code   RO         5281    i.sonylens_preset_no_get  sonylens.o
    0x0800e6fc   0x00000004   Code   RO         5282    i.sonylens_preset_no_get_count  sonylens.o
    0x0800e700   0x00000014   Code   RO         5283    i.sonylens_preset_no_right  sonylens.o
    0x0800e714   0x0000000c   Code   RO         5284    i.sonylens_preset_no_set  sonylens.o
    0x0800e720   0x00000018   Code   RO         5285    i.sonylens_preset_time_get  sonylens.o
    0x0800e738   0x00000006   Code   RO         5286    i.sonylens_preset_time_get_count  sonylens.o
    0x0800e73e   0x00000002   PAD
    0x0800e740   0x00000020   Code   RO         5287    i.sonylens_preset_time_right  sonylens.o
    0x0800e760   0x00000018   Code   RO         5288    i.sonylens_preset_time_set  sonylens.o
    0x0800e778   0x00000064   Code   RO         5289    i.sonylens_print_config_params  sonylens.o
    0x0800e7dc   0x00000058   Code   RO         5290    i.sonylens_print_msg  sonylens.o
    0x0800e834   0x00000018   Code   RO         5292    i.sonylens_privacy_display_get  sonylens.o
    0x0800e84c   0x00000004   Code   RO         5293    i.sonylens_privacy_display_get_count  sonylens.o
    0x0800e850   0x00000020   Code   RO         5294    i.sonylens_privacy_display_right  sonylens.o
    0x0800e870   0x000000b4   Code   RO         5295    i.sonylens_privacy_display_set  sonylens.o
    0x0800e924   0x00000018   Code   RO         5296    i.sonylens_privacy_h_get  sonylens.o
    0x0800e93c   0x00000006   Code   RO         5297    i.sonylens_privacy_h_get_count  sonylens.o
    0x0800e942   0x00000002   PAD
    0x0800e944   0x00000020   Code   RO         5298    i.sonylens_privacy_h_right  sonylens.o
    0x0800e964   0x00000050   Code   RO         5299    i.sonylens_privacy_h_set  sonylens.o
    0x0800e9b4   0x00000024   Code   RO         5300    i.sonylens_privacy_menu_back_action  sonylens.o
    0x0800e9d8   0x00000002   Code   RO         5301    i.sonylens_privacy_menu_init  sonylens.o
    0x0800e9da   0x00000002   PAD
    0x0800e9dc   0x00000018   Code   RO         5303    i.sonylens_privacy_w_get  sonylens.o
    0x0800e9f4   0x00000006   Code   RO         5304    i.sonylens_privacy_w_get_count  sonylens.o
    0x0800e9fa   0x00000002   PAD
    0x0800e9fc   0x00000020   Code   RO         5305    i.sonylens_privacy_w_right  sonylens.o
    0x0800ea1c   0x00000050   Code   RO         5306    i.sonylens_privacy_w_set  sonylens.o
    0x0800ea6c   0x00000018   Code   RO         5307    i.sonylens_privacy_x_get  sonylens.o
    0x0800ea84   0x00000006   Code   RO         5308    i.sonylens_privacy_x_get_count  sonylens.o
    0x0800ea8a   0x00000002   PAD
    0x0800ea8c   0x00000020   Code   RO         5309    i.sonylens_privacy_x_right  sonylens.o
    0x0800eaac   0x00000050   Code   RO         5310    i.sonylens_privacy_x_set  sonylens.o
    0x0800eafc   0x00000018   Code   RO         5311    i.sonylens_privacy_y_get  sonylens.o
    0x0800eb14   0x00000006   Code   RO         5312    i.sonylens_privacy_y_get_count  sonylens.o
    0x0800eb1a   0x00000002   PAD
    0x0800eb1c   0x00000020   Code   RO         5313    i.sonylens_privacy_y_right  sonylens.o
    0x0800eb3c   0x00000050   Code   RO         5314    i.sonylens_privacy_y_set  sonylens.o
    0x0800eb8c   0x0000000c   Code   RO         5315    i.sonylens_privacy_zone_get  sonylens.o
    0x0800eb98   0x00000004   Code   RO         5316    i.sonylens_privacy_zone_get_count  sonylens.o
    0x0800eb9c   0x00000014   Code   RO         5317    i.sonylens_privacy_zone_right  sonylens.o
    0x0800ebb0   0x0000000c   Code   RO         5318    i.sonylens_privacy_zone_set  sonylens.o
    0x0800ebbc   0x0000000c   Code   RO         5319    i.sonylens_push_event  sonylens.o
    0x0800ebc8   0x0000008c   Code   RO         5320    i.sonylens_read_config_params  sonylens.o
    0x0800ec54   0x0000000c   Code   RO         5321    i.sonylens_remote_is_menu_on  sonylens.o
    0x0800ec60   0x0000000a   Code   RO         5322    i.sonylens_remote_navi_down  sonylens.o
    0x0800ec6a   0x0000000c   Code   RO         5323    i.sonylens_remote_navi_left  sonylens.o
    0x0800ec76   0x00000002   PAD
    0x0800ec78   0x0000002c   Code   RO         5324    i.sonylens_remote_navi_ok  sonylens.o
    0x0800eca4   0x0000000a   Code   RO         5325    i.sonylens_remote_navi_right  sonylens.o
    0x0800ecae   0x0000000c   Code   RO         5326    i.sonylens_remote_navi_up  sonylens.o
    0x0800ecba   0x00000002   PAD
    0x0800ecbc   0x00000014   Code   RO         5327    i.sonylens_reset_default_config_params  sonylens.o
    0x0800ecd0   0x00000034   Code   RO         5328    i.sonylens_restart  sonylens.o
    0x0800ed04   0x00000084   Code   RO         5333    i.sonylens_set_auto_mode  sonylens.o
    0x0800ed88   0x000000c8   Code   RO         5334    i.sonylens_set_bright_minus  sonylens.o
    0x0800ee50   0x000000cc   Code   RO         5335    i.sonylens_set_bright_plus  sonylens.o
    0x0800ef1c   0x00000044   Code   RO         5336    i.sonylens_set_exposure_gain_plus  sonylens.o
    0x0800ef60   0x00000050   Code   RO         5337    i.sonylens_set_focus_far  sonylens.o
    0x0800efb0   0x00000050   Code   RO         5338    i.sonylens_set_focus_near  sonylens.o
    0x0800f000   0x00000040   Code   RO         5340    i.sonylens_set_focus_stop  sonylens.o
    0x0800f040   0x00000044   Code   RO         5344    i.sonylens_set_zoom_stop  sonylens.o
    0x0800f084   0x00000048   Code   RO         5345    i.sonylens_set_zoom_tele  sonylens.o
    0x0800f0cc   0x00000078   Code   RO         5346    i.sonylens_set_zoom_value  sonylens.o
    0x0800f144   0x00000048   Code   RO         5347    i.sonylens_set_zoom_wide  sonylens.o
    0x0800f18c   0x00000034   Code   RO         5349    i.sonylens_splash_clear  sonylens.o
    0x0800f1c0   0x00000070   Code   RO         5350    i.sonylens_splash_display  sonylens.o
    0x0800f230   0x00000008   Code   RO         5351    i.sonylens_splash_get_address  sonylens.o
    0x0800f238   0x00000008   Code   RO         5352    i.sonylens_splash_get_baudrate  sonylens.o
    0x0800f240   0x00000008   Code   RO         5353    i.sonylens_splash_get_format  sonylens.o
    0x0800f248   0x00000008   Code   RO         5354    i.sonylens_splash_get_protocol  sonylens.o
    0x0800f250   0x00000008   Code   RO         5355    i.sonylens_splash_get_version  sonylens.o
    0x0800f258   0x000006b4   Code   RO         5356    i.sonylens_task     sonylens.o
    0x0800f90c   0x00000024   Code   RO         5359    i.sonylens_tips_clear  sonylens.o
    0x0800f930   0x00000048   Code   RO         5360    i.sonylens_tips_display  sonylens.o
    0x0800f978   0x0000003c   Code   RO         5361    i.sonylens_tips_display_process  sonylens.o
    0x0800f9b4   0x00000028   Code   RO         5362    i.sonylens_wait_ready  sonylens.o
    0x0800f9dc   0x0000000c   Code   RO         5363    i.sonylens_wb_blue_gain_get  sonylens.o
    0x0800f9e8   0x00000006   Code   RO         5364    i.sonylens_wb_blue_gain_get_count  sonylens.o
    0x0800f9ee   0x00000002   PAD
    0x0800f9f0   0x00000010   Code   RO         5365    i.sonylens_wb_blue_gain_right  sonylens.o
    0x0800fa00   0x00000028   Code   RO         5366    i.sonylens_wb_blue_gain_set  sonylens.o
    0x0800fa28   0x00000028   Code   RO         5367    i.sonylens_wb_init  sonylens.o
    0x0800fa50   0x00000024   Code   RO         5368    i.sonylens_wb_menu_back_action  sonylens.o
    0x0800fa74   0x0000005c   Code   RO         5369    i.sonylens_wb_menu_init  sonylens.o
    0x0800fad0   0x0000000c   Code   RO         5371    i.sonylens_wb_mode_get  sonylens.o
    0x0800fadc   0x00000004   Code   RO         5372    i.sonylens_wb_mode_get_count  sonylens.o
    0x0800fae0   0x00000014   Code   RO         5373    i.sonylens_wb_mode_right  sonylens.o
    0x0800faf4   0x00000054   Code   RO         5374    i.sonylens_wb_mode_set  sonylens.o
    0x0800fb48   0x0000000a   Code   RO         5375    i.sonylens_wb_one_push_action  sonylens.o
    0x0800fb52   0x00000002   PAD
    0x0800fb54   0x0000000c   Code   RO         5376    i.sonylens_wb_red_gain_get  sonylens.o
    0x0800fb60   0x00000006   Code   RO         5377    i.sonylens_wb_red_gain_get_count  sonylens.o
    0x0800fb66   0x00000002   PAD
    0x0800fb68   0x00000010   Code   RO         5378    i.sonylens_wb_red_gain_right  sonylens.o
    0x0800fb78   0x00000028   Code   RO         5379    i.sonylens_wb_red_gain_set  sonylens.o
    0x0800fba0   0x00000088   Code   RO         5380    i.sonylens_write_config_params  sonylens.o
    0x0800fc28   0x0000000c   Code   RO         5381    i.sonylens_zoom_display_get  sonylens.o
    0x0800fc34   0x00000004   Code   RO         5382    i.sonylens_zoom_display_get_count  sonylens.o
    0x0800fc38   0x00000014   Code   RO         5383    i.sonylens_zoom_display_right  sonylens.o
    0x0800fc4c   0x0000000c   Code   RO         5384    i.sonylens_zoom_display_set  sonylens.o
    0x0800fc58   0x00000010   Code   RO         5385    i.sonylens_zoom_init  sonylens.o
    0x0800fc68   0x00000024   Code   RO         5386    i.sonylens_zoom_menu_back_action  sonylens.o
    0x0800fc8c   0x0000000c   Code   RO         5387    i.sonylens_zoom_menu_init  sonylens.o
    0x0800fc98   0x000000c0   Code   RO         5388    i.sonylens_zoom_process  sonylens.o
    0x0800fd58   0x00000024   Code   RO         5389    i.sonylens_zoom_ratio_clear  sonylens.o
    0x0800fd7c   0x00000030   Code   RO         5390    i.sonylens_zoom_ratio_display  sonylens.o
    0x0800fdac   0x0000000c   Code   RO         5394    i.sonylens_zoom_speed_get  sonylens.o
    0x0800fdb8   0x00000004   Code   RO         5395    i.sonylens_zoom_speed_get_count  sonylens.o
    0x0800fdbc   0x00000014   Code   RO         5396    i.sonylens_zoom_speed_right  sonylens.o
    0x0800fdd0   0x0000000c   Code   RO         5397    i.sonylens_zoom_speed_set  sonylens.o
    0x0800fddc   0x000000c8   Code   RO         4745    i.spi_port_init     w25xx.o
    0x0800fea4   0x00000038   Code   RO         4746    i.spi_readwrite     w25xx.o
    0x0800fedc   0x0000004c   Code   RO         8951    i.sqrt              m_ws.l(sqrt.o)
    0x0800ff28   0x0000007c   Code   RO         1670    i.sync              ff.o
    0x0800ffa4   0x00000048   Code   RO         4708    i.sys_time          datetime.o
    0x0800ffec   0x00000038   Code   RO         4548    i.syscfg_init       system.o
    0x08010024   0x0000000c   Code   RO         7428    i.system_reset      key.o
    0x08010030   0x00000090   Code   RO         4549    i.system_task       system.o
    0x080100c0   0x00000164   Code   RO         4550    i.system_taskctrl   system.o
    0x08010224   0x00000030   Code   RO         4551    i.system_taskinit   system.o
    0x08010254   0x00000074   Code   RO         4709    i.tm2str            datetime.o
    0x080102c8   0x00000020   Code   RO         1946    i.uart2_comm_write  uart2.o
    0x080102e8   0x00000024   Code   RO         1948    i.uart2_fputc       uart2.o
    0x0801030c   0x0000000c   Code   RO         1951    i.uart2_set_input_byte_callback  uart2.o
    0x08010318   0x0000000c   Code   RO         2044    i.uart3_set_rx_callback  uart3.o
    0x08010324   0x0000002a   Code   RO         1671    i.validate          ff.o
    0x0801034e   0x00000002   PAD
    0x08010350   0x00000048   Code   RO         7429    i.video_enable      key.o
    0x08010398   0x0000000c   Code   RO         7510    i.visca_append_byte  visca.o
    0x080103a4   0x000000a0   Code   RO         8411    i.visca_fill_message  visca_p.o
    0x08010444   0x000000f0   Code   RO         7530    i.visca_get_focus_mode  visca.o
    0x08010534   0x000000e0   Code   RO         7542    i.visca_get_power   visca.o
    0x08010614   0x0000010c   Code   RO         7543    i.visca_get_privacy_display  visca.o
    0x08010720   0x00000158   Code   RO         7546    i.visca_get_register  visca.o
    0x08010878   0x00000104   Code   RO         7548    i.visca_get_self_check_state  visca.o
    0x0801097c   0x00000110   Code   RO         7554    i.visca_get_version  visca.o
    0x08010a8c   0x00000118   Code   RO         7561    i.visca_get_zoom_value  visca.o
    0x08010ba4   0x00000138   Code   RO         7563    i.visca_if_clear    visca.o
    0x08010cdc   0x00000010   Code   RO         7564    i.visca_init        visca.o
    0x08010cec   0x0000000a   Code   RO         7565    i.visca_init_broadcast_packet  visca.o
    0x08010cf6   0x0000000e   Code   RO         7566    i.visca_init_packet  visca.o
    0x08010d04   0x0000001c   Code   RO         7567    i.visca_input_byte  visca.o
    0x08010d20   0x00000034   Code   RO         7569    i.visca_is_ack_completion  visca.o
    0x08010d54   0x00000034   Code   RO         7570    i.visca_is_command_not_executable  visca.o
    0x08010d88   0x00000034   Code   RO         7572    i.visca_is_inq_result  visca.o
    0x08010dbc   0x00000034   Code   RO         7573    i.visca_is_network_change  visca.o
    0x08010df0   0x00000020   Code   RO         7574    i.visca_is_no_response  visca.o
    0x08010e10   0x0000008c   Code   RO         7575    i.visca_is_reply    visca.o
    0x08010e9c   0x000000c8   Code   RO         8412    i.visca_parse_message  visca_p.o
    0x08010f64   0x00000054   Code   RO         7576    i.visca_print       visca.o
    0x08010fb8   0x00000040   Code   RO         8413    i.visca_print_message  visca_p.o
    0x08010ff8   0x00000060   Code   RO         7577    i.visca_print_packet  visca.o
    0x08011058   0x00000020   Code   RO         8414    i.visca_process     visca_p.o
    0x08011078   0x00000058   Code   RO         8415    i.visca_pull_message  visca_p.o
    0x080110d0   0x00000038   Code   RO         7578    i.visca_send_packet  visca.o
    0x08011108   0x00000030   Code   RO         7579    i.visca_send_packet_without_print  visca.o
    0x08011138   0x00000124   Code   RO         7580    i.visca_set_address  visca.o
    0x0801125c   0x000000f4   Code   RO         7582    i.visca_set_advance_blc  visca.o
    0x08011350   0x0000010c   Code   RO         7583    i.visca_set_advance_defog_mode  visca.o
    0x0801145c   0x000000fc   Code   RO         7584    i.visca_set_advance_expcomp  visca.o
    0x08011558   0x00000124   Code   RO         7585    i.visca_set_advance_expcomp_value  visca.o
    0x0801167c   0x00000100   Code   RO         7587    i.visca_set_advance_nr_level  visca.o
    0x0801177c   0x000000f8   Code   RO         7591    i.visca_set_digital_zoom  visca.o
    0x08011874   0x00000100   Code   RO         7592    i.visca_set_exposure_ae_mode  visca.o
    0x08011974   0x00000148   Code   RO         7593    i.visca_set_exposure_gain  visca.o
    0x08011abc   0x00000148   Code   RO         7594    i.visca_set_exposure_iris  visca.o
    0x08011c04   0x00000150   Code   RO         7595    i.visca_set_exposure_shutter  visca.o
    0x08011d54   0x00000100   Code   RO         7596    i.visca_set_exposure_slow_ae  visca.o
    0x08011e54   0x00000108   Code   RO         7597    i.visca_set_exposure_slow_shutter  visca.o
    0x08011f5c   0x000000f8   Code   RO         7598    i.visca_set_focus_af_sens  visca.o
    0x08012054   0x0000015c   Code   RO         7600    i.visca_set_focus_far_speed  visca.o
    0x080121b0   0x000000f4   Code   RO         7601    i.visca_set_focus_light  visca.o
    0x080122a4   0x000000f0   Code   RO         7602    i.visca_set_focus_mode  visca.o
    0x08012394   0x00000110   Code   RO         7604    i.visca_set_focus_near_limit  visca.o
    0x080124a4   0x00000168   Code   RO         7605    i.visca_set_focus_near_speed  visca.o
    0x0801260c   0x00000148   Code   RO         7607    i.visca_set_focus_stop  visca.o
    0x08012754   0x00000120   Code   RO         7608    i.visca_set_image_aperture  visca.o
    0x08012874   0x000000f8   Code   RO         7609    i.visca_set_image_chroma_suppress  visca.o
    0x0801296c   0x00000118   Code   RO         7610    i.visca_set_image_color_gain  visca.o
    0x08012a84   0x00000114   Code   RO         7611    i.visca_set_image_color_hue  visca.o
    0x08012b98   0x000000f0   Code   RO         7612    i.visca_set_image_flip  visca.o
    0x08012c88   0x000000f8   Code   RO         7613    i.visca_set_image_freeze  visca.o
    0x08012d80   0x00000160   Code   RO         7614    i.visca_set_image_gamma  visca.o
    0x08012ee0   0x000000f8   Code   RO         7615    i.visca_set_image_mirror  visca.o
    0x08012fd8   0x000000f8   Code   RO         7616    i.visca_set_image_pic_effect  visca.o
    0x080130d0   0x000000e8   Code   RO         7617    i.visca_set_power   visca.o
    0x080131b8   0x0000011c   Code   RO         7618    i.visca_set_privacy_display  visca.o
    0x080132d4   0x00000194   Code   RO         7620    i.visca_set_privacy_non_interlock_mask  visca.o
    0x08013468   0x00000160   Code   RO         7621    i.visca_set_register  visca.o
    0x080135c8   0x0000002c   Code   RO         7622    i.visca_set_reply_msg  visca.o
    0x080135f4   0x0000000c   Code   RO         7624    i.visca_set_state   visca.o
    0x08013600   0x0000021c   Code   RO         7625    i.visca_set_title   visca.o
    0x0801381c   0x00000154   Code   RO         7626    i.visca_set_title_clear  visca.o
    0x08013970   0x00000114   Code   RO         7627    i.visca_set_title_display  visca.o
    0x08013a84   0x0000015c   Code   RO         7628    i.visca_set_title_param  visca.o
    0x08013be0   0x00000114   Code   RO         7629    i.visca_set_wb_blue_gain  visca.o
    0x08013cf4   0x000000ec   Code   RO         7630    i.visca_set_wb_mode  visca.o
    0x08013de0   0x00000110   Code   RO         7632    i.visca_set_wb_red_gain  visca.o
    0x08013ef0   0x00000006   Code   RO         7634    i.visca_set_zoom_osd  visca.o
    0x08013ef6   0x00000002   PAD
    0x08013ef8   0x000000f8   Code   RO         7635    i.visca_set_zoom_stop  visca.o
    0x08013ff0   0x00000104   Code   RO         7637    i.visca_set_zoom_tele_speed  visca.o
    0x080140f4   0x0000016c   Code   RO         7638    i.visca_set_zoom_value  visca.o
    0x08014260   0x00000104   Code   RO         7640    i.visca_set_zoom_wide_speed  visca.o
    0x08014364   0x000000d0   Code   RO         4748    i.w25xx_init        w25xx.o
    0x08014434   0x00000124   Code   RO         4749    i.w25xx_page_write  w25xx.o
    0x08014558   0x0000006c   Code   RO         4750    i.w25xx_read        w25xx.o
    0x080145c4   0x00000074   Code   RO         4751    i.w25xx_read_status  w25xx.o
    0x08014638   0x00000020   Code   RO         4800    i.yeelink_http_init  yeelink.o
    0x08014658   0x0000019c   Code   RO         4801    i.yeelink_task      yeelink.o
    0x080147f4   0x00000024   Code   RO         4802    i.yeelink_taskinit  yeelink.o
    0x08014818   0x000000cc   Data   RO           83    .constdata          main.o
    0x080148e4   0x000000ae   Data   RO          680    .constdata          usb_desc.o
    0x08014992   0x00000002   PAD
    0x08014994   0x000012e0   Data   RO         5399    .constdata          sonylens.o
    0x08015c74   0x0000000d   Data   RO         7431    .constdata          key.o
    0x08015c81   0x0000000d   Data   RO         8345    .constdata          pelco_d.o
    0x08015c8e   0x00000010   Data   RO         8417    .constdata          visca_p.o
    0x08015c9e   0x00000042   Data   RO         8566    .constdata          lt8918.o
    0x08015ce0   0x000001a9   Data   RO         8882    .constdata          gpx_record_task.lib(gpx_record_task.o)
    0x08015e89   0x00000007   PAD
    0x08015e90   0x00000088   Data   RO         8934    .constdata          m_ws.l(pow.o)
    0x08015f18   0x00000030   Data   RO         9271    .constdata          m_ws.l(cos_i.o)
    0x08015f48   0x00000008   Data   RO         9291    .constdata          m_ws.l(qnan.o)
    0x08015f50   0x000000c8   Data   RO         9294    .constdata          m_ws.l(rred.o)
    0x08016018   0x00000028   Data   RO         9298    .constdata          m_ws.l(sin_i.o)
    0x08016040   0x00000040   Data   RO         9363    .constdata          mc_w.l(ctype_c.o)
    0x08016080   0x00000835   Data   RO         5400    .conststring        sonylens.o
    0x080168b5   0x00000003   PAD
    0x080168b8   0x00000003   Data   RO         7432    .conststring        key.o
    0x080168bb   0x00000001   PAD
    0x080168bc   0x00000020   Data   RO         9367    Region$$Table       anon$$obj.o


    Execution Region RW_IRAM1 (Base: 0x20000000, Size: 0x00004db0, Max: 0x00005000, ABSOLUTE, COMPRESSED[0x000003e4])

    Base Addr    Size         Type   Attr      Idx    E Section Name        Object

    0x20000000   0x00000005   Data   RW           84    .data               main.o
    0x20000005   0x00000003   PAD
    0x20000008   0x00000010   Data   RW          352    .data               sys_cfg.o
    0x20000018   0x00000014   Data   RW          414    .data               system_stm32f10x.o
    0x2000002c   0x00000024   Data   RW          591    .data               memory.o
    0x20000050   0x0000007e   Data   RW          621    .data               scsi_data.o
    0x200000ce   0x00000002   PAD
    0x200000d0   0x0000000c   Data   RW          640    .data               usb_bot.o
    0x200000dc   0x0000001a   Data   RW          681    .data               usb_desc.o
    0x200000f6   0x00000002   PAD
    0x200000f8   0x0000003c   Data   RW          715    .data               usb_istr.o
    0x20000134   0x00000094   Data   RW          747    .data               usb_prop.o
    0x200001c8   0x00000007   Data   RW          843    .data               usb_pwr.o
    0x200001cf   0x00000001   PAD
    0x200001d0   0x00000003   Data   RW         1017    .data               usb_core.o
    0x200001d3   0x00000001   PAD
    0x200001d4   0x00000014   Data   RW         1119    .data               usb_init.o
    0x200001e8   0x00000004   Data   RW         1142    .data               usb_int.o
    0x200001ec   0x00000018   Data   RW         1578    .data               diskio.o
    0x20000204   0x0000000c   Data   RW         1673    .data               ff.o
    0x20000210   0x0000000c   Data   RW         1903    .data               uart1.o
    0x2000021c   0x00000024   Data   RW         1953    .data               uart2.o
    0x20000240   0x00000018   Data   RW         2046    .data               uart3.o
    0x20000258   0x00000014   Data   RW         2858    .data               stm32f10x_rcc.o
    0x2000026c   0x0000000c   Data   RW         4331    .data               gps_receive_task.o
    0x20000278   0x00000004   Data   RW         4434    .data               let_us_go.o
    0x2000027c   0x00000008   Data   RW         4482    .data               systick.o
    0x20000284   0x00000038   Data   RW         4553    .data               system.o
    0x200002bc   0x00000006   Data   RW         4659    .data               my_string.o
    0x200002c2   0x00000002   PAD
    0x200002c4   0x00000004   Data   RW         4752    .data               w25xx.o
    0x200002c8   0x00000004   Data   RW         4804    .data               yeelink.o
    0x200002cc   0x00000018   Data   RW         4855    .data               gsensor.o
    0x200002e4   0x000004dc   Data   RW         5401    .data               sonylens.o
    0x200007c0   0x00000001   Data   RW         7337    .data               sony_ui.o
    0x200007c1   0x00000003   PAD
    0x200007c4   0x00000031   Data   RW         7433    .data               key.o
    0x200007f5   0x00000003   PAD
    0x200007f8   0x00000028   Data   RW         7642    .data               visca.o
    0x20000820   0x0000001a   Data   RW         8567    .data               lt8918.o
    0x2000083a   0x00000002   PAD
    0x2000083c   0x00000005   Data   RW         8737    .data               24cxx.o
    0x20000841   0x00000007   PAD
    0x20000848   0x00000018   Data   RW         8856    .data               gps_algorithm.lib(gps_algorithm.o)
    0x20000860   0x00000004   Data   RW         8883    .data               gpx_record_task.lib(gpx_record_task.o)
    0x20000864   0x00000004   Data   RW         9317    .data               mc_w.l(stdout.o)
    0x20000868   0x00000004   Data   RW         9331    .data               mc_w.l(errno.o)
    0x2000086c   0x00000024   Zero   RW          559    .bss                mass_mal.o
    0x20000890   0x00001000   Zero   RW          590    .bss                memory.o
    0x20001890   0x00000070   Zero   RW          639    .bss                usb_bot.o
    0x20001900   0x0000001c   Zero   RW         1118    .bss                usb_init.o
    0x2000191c   0x00000038   Zero   RW         1672    .bss                ff.o
    0x20001954   0x00000065   Zero   RW         2045    .bss                uart3.o
    0x200019b9   0x00000007   PAD
    0x200019c0   0x0000038e   Zero   RW         4330    .bss                gps_receive_task.o
    0x20001d4e   0x00000002   PAD
    0x20001d50   0x00000124   Zero   RW         4433    .bss                let_us_go.o
    0x20001e74   0x0000004c   Zero   RW         4552    .bss                system.o
    0x20001ec0   0x00000044   Zero   RW         4711    .bss                datetime.o
    0x20001f04   0x00000004   PAD
    0x20001f08   0x0000065b   Zero   RW         4803    .bss                yeelink.o
    0x20002563   0x00000001   PAD
    0x20002564   0x00000020   Zero   RW         4854    .bss                gsensor.o
    0x20002584   0x00000284   Zero   RW         5398    .bss                sonylens.o
    0x20002808   0x0000010a   Zero   RW         7336    .bss                sony_ui.o
    0x20002912   0x00000002   PAD
    0x20002914   0x0000000c   Zero   RW         7430    .bss                key.o
    0x20002920   0x00000020   Zero   RW         7641    .bss                visca.o
    0x20002940   0x000000f8   Zero   RW         8344    .bss                pelco_d.o
    0x20002a38   0x00000150   Zero   RW         8416    .bss                visca_p.o
    0x20002b88   0x00001024   Zero   RW         8881    .bss                gpx_record_task.lib(gpx_record_task.o)
    0x20003bac   0x00000004   PAD
    0x20003bb0   0x00001200   Zero   RW         4306    STACK               startup_stm32f10x_hd.o


==============================================================================

Image component sizes


      Code (inc. data)   RO Data    RW Data    ZI Data      Debug   Object Name

       374         26          0          5          0       3267   24cxx.o
         0          0          0          0          0         32   core_cm3.o
       440         74          0          0         68       3145   datetime.o
       432         66          0         24          0       5777   diskio.o
        92          0          0          0          0       1253   eeprom.o
      5726         74          0         12         56      29748   ff.o
      2832        396          0         12        910      12295   gps_receive_task.o
       184         24          0         24         32       5257   gsensor.o
       192         16          0          0          0       3404   hw_config.o
       212         88          0          0          0       2114   i2c_master.o
      1576        282         16         49         12      10246   key.o
       974        286          0          4        292       4198   let_us_go.o
      3464        548         66         26          0      13610   lt8918.o
       594        110        204          5          0     309567   main.o
       122          0          0          0         36       2615   mass_mal.o
       572         80          0         36       4096       3472   memory.o
       132         22          0          0          0       1587   misc.o
       516          4          0          6          0       4213   my_string.o
       712         98          0          0          0       4186   myiic.o
      1878        780         13          0        248       7122   pelco_d.o
         0          0          0        126          0        990   scsi_data.o
       814         46          0          0          0       6063   sof_iic.o
       576         46          0          1        266       5440   sony_ui.o
     13966       3790       6933       1244        644     173131   sonylens.o
        36          8        304          0       4608        752   startup_stm32f10x_hd.o
        52         12          0          0          0       1128   stm32f10x_exti.o
       318         32          0          0          0       4918   stm32f10x_flash.o
       448          6          0          0          0       4542   stm32f10x_gpio.o
        54          0          0          0          0       6165   stm32f10x_it.o
        68         30          0          0          0       2530   stm32f10x_iwdg.o
       420         54          0         20          0       6796   stm32f10x_rcc.o
       224         12          0          0          0       5034   stm32f10x_spi.o
        40          0          0          0          0       1798   stm32f10x_tim.o
       494          6          0          0          0       7405   stm32f10x_usart.o
      2116        688          0         16          0       5240   sys_cfg.o
      1220        238          0         56         76       7820   system.o
       328         28          0         20          0       1981   system_stm32f10x.o
       234         40          0          8          0      19282   systick.o
        28          6          0          0          0        414   timer.o
       404         44          0         12          0       3990   uart1.o
       422         40          0         36          0       4290   uart2.o
       448         40          0         24        101       3701   uart3.o
      1148        108          0         12        112       4183   usb_bot.o
      3070        288          0          3          0      14479   usb_core.o
         0          0        174         26          0        896   usb_desc.o
        16          0          0          0          0        853   usb_endp.o
         0          0          0         20         28       3623   usb_init.o
       848         58          0          4          0       2285   usb_int.o
       104         22          0         60          0       1337   usb_istr.o
        96         10          0          0          0       1784   usb_mem.o
       690        120          0        148          0      10710   usb_prop.o
        64         10          0          7          0       1841   usb_pwr.o
       660         96          0          0          0       9192   usb_regs.o
      1086        130          0          0          0       8799   usb_scsi.o
       128          8          0          0          0       2122   usb_sil.o
     15786       3706          0         40         32      48753   visca.o
       640        156         16          0        336       4252   visca_p.o
      1100         68          0          4          0       5361   w25xx.o
       816        234          0          4       1627       3753   yeelink.o

    ----------------------------------------------------------------------
     70080      13154       7764       2120      13596     824741   Object Totals
         0          0         32          0          0          0   (incl. Generated)
        94          0          6         26         16          0   (incl. Padding)

    ----------------------------------------------------------------------

      Code (inc. data)   RO Data    RW Data    ZI Data      Debug   Library Member Name

      2304        170          0         24          0       3165   gps_algorithm.o
       784        226        425          4       4132       9934   gpx_record_task.o
        42          0          0          0          0         84   atof.o
       156          8          0          0          0        104   cos.o
       252         22         48          0          0        124   cos_i.o
        68         10          0          0          0        408   dunder.o
        40          0          0          0          0         68   fpclassify.o
       170          0          0          0          0         96   poly.o
      2488        190        136          0          0        300   pow.o
         0          0          8          0          0          0   qnan.o
       904         76        200          0          0        140   rred.o
       160         10          0          0          0        108   sin.o
       236         12         40          0          0        128   sin_i.o
        76          0          0          0          0         84   sqrt.o
        94          0          0          0          0          0   __dclz77c.o
        64          0          0          0          0         84   _sgetc.o
        40          6         64          0          0         68   ctype_c.o
         0          0          0          0          0          0   entry.o
         0          0          0          0          0          0   entry10a.o
         0          0          0          0          0          0   entry11a.o
         8          4          0          0          0          0   entry2.o
         4          0          0          0          0          0   entry5.o
         0          0          0          0          0          0   entry7b.o
         0          0          0          0          0          0   entry8b.o
         8          4          0          0          0          0   entry9a.o
        24         12          0          4          0        136   errno.o
        30          0          0          0          0          0   handlers.o
        36          8          0          0          0         68   init.o
        10          0          0          0          0         68   isspace_c.o
         0          0          0          0          0          0   iusefp.o
        30          0          0          0          0         68   llshl.o
        36          0          0          0          0         68   llsshr.o
        32          0          0          0          0         68   llushr.o
        36          0          0          0          0         68   memcpya.o
        36          0          0          0          0        108   memseta.o
      2276         96          0          0          0        596   printfa.o
       838         12          0          0          0        216   scanf_fp.o
         8          0          0          0          0         68   siabs.o
         0          0          0          4          0          0   stdout.o
        24          0          0          0          0         68   strcat.o
        28          0          0          0          0         76   strcmp.o
        18          0          0          0          0         68   strcpy.o
        14          0          0          0          0         68   strlen.o
        36          0          0          0          0         80   strstr.o
       156         14          0          0          0        120   strtod.o
        44          0          0          0          0         80   uidiv.o
        98          0          0          0          0         92   uldiv.o
        48          0          0          0          0         68   cdcmple.o
        48          0          0          0          0         68   cdrcmple.o
        20          0          0          0          0         68   cfrcmple.o
        56          0          0          0          0         88   d2f.o
       334          0          0          0          0        148   dadd.o
       222          0          0          0          0        100   ddiv.o
       186          0          0          0          0        176   depilogue.o
        62          0          0          0          0         80   dfixi.o
        48          0          0          0          0         68   dfixul.o
        34          0          0          0          0         76   dflti.o
        26          0          0          0          0         76   dfltui.o
        24          0          0          0          0         76   dfltul.o
       228          0          0          0          0         96   dmul.o
        46          0          0          0          0         80   dscalb.o
       162          0          0          0          0        100   dsqrt.o
        38          0          0          0          0         68   f2d.o
       124          0          0          0          0         88   fdiv.o
       110          0          0          0          0        168   fepilogue.o
        50          0          0          0          0         68   ffixi.o
        18          0          0          0          0         68   fflti.o

    ----------------------------------------------------------------------
     13608        880        928         36       4136      18907   Library Totals
        16          0          7          0          4          0   (incl. Padding)

    ----------------------------------------------------------------------

      Code (inc. data)   RO Data    RW Data    ZI Data      Debug   Library Name

      2304        170          0         24          0       3165   gps_algorithm.lib
       784        226        425          4       4132       9934   gpx_record_task.lib
      4592        328        432          0          0       1644   m_ws.l
      4028        156         64          8          0       2336   mc_w.l
      1884          0          0          0          0       1828   mf_w.l

    ----------------------------------------------------------------------
     13608        880        928         36       4136      18907   Library Totals

    ----------------------------------------------------------------------

==============================================================================


      Code (inc. data)   RO Data    RW Data    ZI Data      Debug   

     83688      14034       8692       2156      17732     800252   Grand Totals
     83688      14034       8692        996      17732     800252   ELF Image Totals (compressed)
     83688      14034       8692        996          0          0   ROM Totals

==============================================================================

    Total RO  Size (Code + RO Data)                92380 (  90.21kB)
    Total RW  Size (RW Data + ZI Data)             19888 (  19.42kB)
    Total ROM Size (Code + RO Data + RW Data)      93376 (  91.19kB)

==============================================================================

